Archive member included because of file (symbol)

c:/ICPDAS/HMIWorks_Standard/lib/commonlo.a(hmi.o)
                              _demarrage.o (hmi_FillRect)
c:/ICPDAS/HMIWorks_Standard/lib/commonlo.a(hmi_util.o)
                              _ConfigModule.o (FloatToStr)
c:/ICPDAS/HMIWorks_Standard/lib/commonlo.a(ladder2c.o)
                              _frame0.o (default_output)
c:/ICPDAS/HMIWorks_Standard/lib/commonlo.a(pvar.o)
                              _MsgErreur.o (var_get)
c:/ICPDAS/HMIWorks_Standard/lib/commonlo.a(timer.o)
                              _demarrage.o (TimerMsgProc)
c:/ICPDAS/HMIWorks_Standard/lib/commonlo.a(usscanf.o)
                              c:/ICPDAS/HMIWorks_Standard/lib/commonlo.a(hmi_util.o) (usscanf)
c:/ICPDAS/HMIWorks_Standard/lib/commonlo.a(ustdlib.o)
                              c:/ICPDAS/HMIWorks_Standard/lib/commonlo.a(hmi_util.o) (usprintf)
c:/ICPDAS/HMIWorks_Standard/lib/commonlo.a(widget_init.o)
                              _frame0.o (g_sDisplayDriverROM)
c:/ICPDAS/HMIWorks_Standard/lib/libgr.a(canvas.o)
                              _demarrage.o (CanvasMsgProc)
c:/ICPDAS/HMIWorks_Standard/lib/libgr.a(checkbox.o)
                              _ConfigModule.o (CheckBoxPaint)
c:/ICPDAS/HMIWorks_Standard/lib/libgr.a(circle.o)
                              c:/ICPDAS/HMIWorks_Standard/lib/commonlo.a(hmi.o) (GrCircleDraw)
c:/ICPDAS/HMIWorks_Standard/lib/libgr.a(context.o)
                              _frame0.o (GrContextInit)
c:/ICPDAS/HMIWorks_Standard/lib/libgr.a(image.o)
                              c:/ICPDAS/HMIWorks_Standard/lib/libgr.a(canvas.o) (GrImageDraw)
c:/ICPDAS/HMIWorks_Standard/lib/libgr.a(line.o)
                              c:/ICPDAS/HMIWorks_Standard/lib/commonlo.a(hmi.o) (GrLineDrawH)
c:/ICPDAS/HMIWorks_Standard/lib/libgr.a(pushbutton.o)
                              _ConfigModule.o (RectangularButtonMsgProc)
c:/ICPDAS/HMIWorks_Standard/lib/libgr.a(rectangle.o)
                              c:/ICPDAS/HMIWorks_Standard/lib/commonlo.a(hmi.o) (GrRectDraw)
c:/ICPDAS/HMIWorks_Standard/lib/libgr.a(string.o)
                              c:/ICPDAS/HMIWorks_Standard/lib/libgr.a(canvas.o) (GrStringWidthGet)
c:/ICPDAS/HMIWorks_Standard/lib/libgr.a(widget.o)
                              c:/ICPDAS/HMIWorks_Standard/lib/commonlo.a(timer.o) (WidgetDefaultMsgProc)
c:/ICPDAS/HMIWorks_Standard/lib/libgr.a(hmi_grlib.o)
                              _frame0.o (hmi_grlib_init)
c:/ICPDAS/HMIWorks_Standard/lib/fonts.a(fontcm18.o)
                              _ConfigModule.o (g_sFontCm18)
c:/ICPDAS/HMIWorks_Standard/lib/fonts.a(fontcm18b.o)
                              _ConfigCapteur.o (g_sFontCm18b)
c:/ICPDAS/HMIWorks_Standard/lib/fonts.a(fontcm18i.o)
                              _Affichage.o (g_sFontCm18i)
c:/ICPDAS/HMIWorks_Standard/lib/fonts.a(fontcm20b.o)
                              _ConfigCapteur.o (g_sFontCm20b)
c:/ICPDAS/HMIWorks_Standard/lib/fonts.a(fontcm22b.o)
                              _ConfigModule.o (g_sFontCm22b)
c:/ICPDAS/HMIWorks_Standard/lib/fonts.a(fontcm24b.o)
                              _MsgErreur.o (g_sFontCm24b)
c:/ICPDAS/HMIWorks_Standard/lib/fonts.a(fontcm30b.o)
                              _demarrage.o (g_sFontCm30b)
c:/ICPDAS/HMIWorks_Standard/lib/fonts.a(fontcm38b.o)
                              _Affichage.o (g_sFontCm38b)
c:/ICPDAS/HMIWorks_Standard/lib/fonts.a(fontcm42b.o)
                              _Affichage.o (g_sFontCm42b)
c:/ICPDAS/HMIWorks_Standard/lib/VPD-133.a(hmi_Init.o)
                              main.o (hmi_Init)
c:/ICPDAS/HMIWorks_Standard/lib/VPD-133.a(hmi_tcp.o)
                              c:/ICPDAS/HMIWorks_Standard/lib/VPD-133.a(hmi_Init.o) (hmi_tcp_init)
c:/ICPDAS/HMIWorks_Standard/lib/VPD-133.a(hmi_uart.o)
                              c:/ICPDAS/HMIWorks_Standard/lib/VPD-133.a(hmi_Init.o) (hmi_uart_Init)
c:/ICPDAS/HMIWorks_Standard/lib/VPD-133.a(dcon_io.o)
                              c:/ICPDAS/HMIWorks_Standard/lib/VPD-133.a(hmi_Init.o) (hmi_dcon_io_Init)
c:/ICPDAS/HMIWorks_Standard/lib/VPD-133.a(vpanel.o)
                              main.o (hmi_ShowPanelLed)
c:/ICPDAS/HMIWorks_Standard/lib/VPD-133.a(beep.o)
                              main.o (hmi_Beep)
c:/ICPDAS/HMIWorks_Standard/lib/VPD-133.a(mbrtu.o)
                              c:/ICPDAS/HMIWorks_Standard/lib/VPD-133.a(hmi_Init.o) (hmi_mbrtu_init)
c:/ICPDAS/HMIWorks_Standard/lib/VPD-133.a(mbtcp.o)
                              c:/ICPDAS/HMIWorks_Standard/lib/VPD-133.a(hmi_Init.o) (mbtcp_init)
c:/ICPDAS/HMIWorks_Standard/lib/libdriver.a(flash.o)
                              c:/ICPDAS/HMIWorks_Standard/lib/VPD-133.a(hmi_Init.o) (FlashUserGet)
c:/ICPDAS/HMIWorks_Standard/lib/libdriver.a(interrupt.o)
                              c:/ICPDAS/HMIWorks_Standard/lib/libdriver.a(flash.o) (IntRegister)
c:/ICPDAS/HMIWorks_Standard/lib/libdriver.a(sysctl.o)
[...]
Memory Configuration

Name             Origin             Length             Attributes
FLASH            0x60000000         0x00800000         xr
SRAM             0x60800000         0x00800000         xrw
*default*        0x00000000         0xffffffff

Linker script and memory map


.text           0x60000000    0x3f138
                0x60000000                _text = .
 *(.isr_vector)
 .isr_vector    0x60000000      0x11c c:/ICPDAS/HMIWorks_Standard/lib/VPD-133/startup_gcc.o
                0x60000000                g_pfnVectors
 *(.text*)
 .text.SysTickIntHandler
                0x6000011c        0x4 main.o
                0x6000011c                SysTickIntHandler
 .text.startup.main
                0x60000120       0x84 main.o
                0x60000120                main
 .text.hmi_Ladder_Process
                0x600001a4       0x16 _frame0.o
                0x600001a4                hmi_Ladder_Process
 *fill*         0x600001ba        0x2 
 .text._tpd_tcp_initial
                0x600001bc       0x1c _frame0.o
                0x600001bc                _tpd_tcp_initial
 .text.hmi_TimerTrigger
                0x600001d8       0xd0 _frame0.o
                0x600001d8                hmi_TimerTrigger
 .text.hmi_FreeCurrentFrame
                0x600002a8       0x4c _frame0.o
                0x600002a8                hmi_FreeCurrentFrame
 .text.hmi_GotoFrame
                0x600002f4       0x80 _frame0.o
                0x600002f4                hmi_GotoFrame
 .text.hmi_IndexOfFrame
                0x60000374       0x28 _frame0.o
                0x60000374                hmi_IndexOfFrame
 .text.hmi_GotoFrameByName
                0x6000039c        0xe _frame0.o
                0x6000039c                hmi_GotoFrameByName
 .text.hmi_IOScan_Process
                0x600003aa        0x6 _frame0.o
                0x600003aa                hmi_IOScan_Process
 .text.hmi_frame0
                0x600003b0       0x3c _frame0.o
                0x600003b0                hmi_frame0
 .text.hmi_OnTimer137Execute
                0x600003ec        0xc _demarrage.o
                0x600003ec                hmi_OnTimer137Execute
 .text.renderdemarrage2Vector
                0x600003f8       0x54 _demarrage.o
                0x600003f8                renderdemarrage2Vector
 .text.Ondemarrage2Paint
                0x6000044c       0x34 _demarrage.o
                0x6000044c                Ondemarrage2Paint
 .text.hmi_InitFrameWidgets1
                0x60000480       0x44 _demarrage.o
                0x60000480                hmi_InitFrameWidgets1
 .text.hmi_FreeFrameWidgets1
                0x600004c4       0x20 _demarrage.o
                0x600004c4                hmi_FreeFrameWidgets1
 .text.hmi_demarrage
                0x600004e4       0x1c _demarrage.o
                0x600004e4                hmi_demarrage
 .text.hmi_OnOK37Release
                0x60000500        0x2 _ConfigModule.o
                0x60000500                hmi_OnOK37Release
 .text.hmi_OnAdresse41Release
                0x60000502        0x2 _ConfigModule.o
                0x60000502                hmi_OnAdresse41Release
 .text.hmi_OnTimer140Execute
                0x60000504        0x2 _ConfigModule.o
                0x60000504                hmi_OnTimer140Execute
 .text.hmi_OnModule6Release
                0x60000506        0x2 _ConfigModule.o
                0x60000506                hmi_OnModule6Release
 .text.hmi_OnTextPushButton46Release
                0x60000508        0x2 _ConfigModule.o
                0x60000508                hmi_OnTextPushButton46Release
 .text.hmi_OnTextPushButton46Click
                0x6000050a        0x2 _ConfigModule.o
                0x6000050a                hmi_OnTextPushButton46Click
 .text.hmi_OnQuit129Release
                0x6000050c        0x2 _ConfigModule.o
                0x6000050c                hmi_OnQuit129Release
 *fill*         0x6000050e        0x2 
 .text.hmi_OnQuit129Click
                0x60000510        0xc _ConfigModule.o
                0x60000510                hmi_OnQuit129Click
 .text.update   0x6000051c       0xa8 _ConfigModule.o
                0x6000051c                update
 .text.Impulsion40OnChange
                0x600005c4       0xe0 _ConfigModule.o
                0x600005c4                Impulsion40OnChange
 .text.hmi_OnImpulsion40CheckChange
                0x600006a4        0x4 _ConfigModule.o
                0x600006a4                hmi_OnImpulsion40CheckChange
 .text.QuatreVingtMA38OnChange
                0x600006a8       0xe0 _ConfigModule.o
                0x600006a8                QuatreVingtMA38OnChange
 .text.hmi_OnQuatreVingtMA38CheckChange
                0x60000788        0x4 _ConfigModule.o
                0x60000788                hmi_OnQuatreVingtMA38CheckChange
 .text.ZeroDixVolt39OnChange
                0x6000078c       0xe0 _ConfigModule.o
                0x6000078c                ZeroDixVolt39OnChange
 .text.hmi_OnZeroDixVolt39CheckChange
                0x6000086c        0x4 _ConfigModule.o
                0x6000086c                hmi_OnZeroDixVolt39CheckChange
 .text.OK37OnClick
                0x60000870       0x70 _ConfigModule.o
                0x60000870                OK37OnClick
 .text.hmi_OnOK37Click
                0x600008e0        0x4 _ConfigModule.o
                0x600008e0                hmi_OnOK37Click
 .text.Adresse41OnClick
                0x600008e4       0x30 _ConfigModule.o
                0x600008e4                Adresse41OnClick
 .text.hmi_OnAdresse41Click
                0x60000914        0x4 _ConfigModule.o
                0x60000914                hmi_OnAdresse41Click
 .text.Module6OnClick
                0x60000918       0x30 _ConfigModule.o
                0x60000918                Module6OnClick
 .text.hmi_OnModule6Click
                0x60000948        0x4 _ConfigModule.o
                0x60000948                hmi_OnModule6Click
 .text.ConfigModule29OnShow
                0x6000094c      0x184 _ConfigModule.o
                0x6000094c                ConfigModule29OnShow
 .text.renderConfigModule29Vector
                0x60000ad0      0x120 _ConfigModule.o
                0x60000ad0                renderConfigModule29Vector
 .text.OnConfigModule29Paint
                0x60000bf0       0x30 _ConfigModule.o
                0x60000bf0                OnConfigModule29Paint
 .text.hmi_InitFrameWidgets2
                0x60000c20       0xa8 _ConfigModule.o
                0x60000c20                hmi_InitFrameWidgets2
 .text.hmi_FreeFrameWidgets2
                0x60000cc8       0x70 _ConfigModule.o
                0x60000cc8                hmi_FreeFrameWidgets2
 .text.hmi_ConfigModule
                0x60000d38       0x1c _ConfigModule.o
                0x60000d38                hmi_ConfigModule
 .text.hmi_OnZeroCapteur12Release
                0x60000d54        0x2 _ConfigCapteur.o
                0x60000d54                hmi_OnZeroCapteur12Release
 .text.hmi_OnMaxCapteur13Release
                0x60000d56        0x2 _ConfigCapteur.o
                0x60000d56                hmi_OnMaxCapteur13Release
 .text.hmi_OnVoie36Release
                0x60000d58        0x2 _ConfigCapteur.o
                0x60000d58                hmi_OnVoie36Release
 .text.hmi_OnEtalonnage138Release
                0x60000d5a        0x2 _ConfigCapteur.o
                0x60000d5a                hmi_OnEtalonnage138Release
 .text.hmi_OnTextPushButton55Release
                0x60000d5c        0x2 _ConfigCapteur.o
                0x60000d5c                hmi_OnTextPushButton55Release
 .text.hmi_OnUnite35Release
                0x60000d5e        0x2 _ConfigCapteur.o
                0x60000d5e                hmi_OnUnite35Release
 .text.hmi_OnQuit128Release
                0x60000d60        0x2 _ConfigCapteur.o
                0x60000d60                hmi_OnQuit128Release
 .text.hmi_OnValPhysique148Release
                0x60000d62        0x2 _ConfigCapteur.o
                0x60000d62                hmi_OnValPhysique148Release
 .text.hmi_OnTextPushButton55Click
                0x60000d64        0xc _ConfigCapteur.o
                0x60000d64                hmi_OnTextPushButton55Click
 .text.hmi_OnEtalonnage138Click
                0x60000d70        0xc _ConfigCapteur.o
                0x60000d70                hmi_OnEtalonnage138Click
 .text.hmi_OnQuit128Click
                0x60000d7c        0xc _ConfigCapteur.o
                0x60000d7c                hmi_OnQuit128Click
 .text.ZeroCapteur12OnClick
                0x60000d88       0x30 _ConfigCapteur.o
                0x60000d88                ZeroCapteur12OnClick
 .text.hmi_OnZeroCapteur12Click
                0x60000db8        0x4 _ConfigCapteur.o
                0x60000db8                hmi_OnZeroCapteur12Click
 .text.MaxCapteur13OnClick
                0x60000dbc       0x30 _ConfigCapteur.o
                0x60000dbc                MaxCapteur13OnClick
 .text.hmi_OnMaxCapteur13Click
                0x60000dec        0x4 _ConfigCapteur.o
                0x60000dec                hmi_OnMaxCapteur13Click
 .text.Voie36OnClick
                0x60000df0       0x30 _ConfigCapteur.o
                0x60000df0                Voie36OnClick
 .text.hmi_OnVoie36Click
                0x60000e20        0x4 _ConfigCapteur.o
                0x60000e20                hmi_OnVoie36Click
 .text.Unite35OnClick
                0x60000e24       0x30 _ConfigCapteur.o
                0x60000e24                Unite35OnClick
 .text.hmi_OnUnite35Click
                0x60000e54        0x4 _ConfigCapteur.o
                0x60000e54                hmi_OnUnite35Click
 .text.ValPhysique148OnClick
                0x60000e58       0x30 _ConfigCapteur.o
                0x60000e58                ValPhysique148OnClick
 .text.hmi_OnValPhysique148Click
                0x60000e88        0x4 _ConfigCapteur.o
                0x60000e88                hmi_OnValPhysique148Click
 .text.ConfigCapteur7OnShow
                0x60000e8c      0x2d4 _ConfigCapteur.o
                0x60000e8c                ConfigCapteur7OnShow
 .text.renderConfigCapteur7Vector
                0x60001160      0x1a8 _ConfigCapteur.o
                0x60001160                renderConfigCapteur7Vector
 .text.OnConfigCapteur7Paint
                0x60001308       0x30 _ConfigCapteur.o
                0x60001308                OnConfigCapteur7Paint
 .text.hmi_InitFrameWidgets3
                0x60001338       0xc0 _ConfigCapteur.o
                0x60001338                hmi_InitFrameWidgets3
 .text.hmi_FreeFrameWidgets3
                0x600013f8       0x84 _ConfigCapteur.o
                0x600013f8                hmi_FreeFrameWidgets3
 .text.hmi_ConfigCapteur
                0x6000147c       0x1c _ConfigCapteur.o
                0x6000147c                hmi_ConfigCapteur
 .text.hmi_OnTextPushButton121Release
                0x60001498        0x2 _Alerte.o
                0x60001498                hmi_OnTextPushButton121Release
 .text.hmi_OnTextPushButton121Click
                0x6000149a        0x2 _Alerte.o
                0x6000149a                hmi_OnTextPushButton121Click
 .text.hmi_OnTextPushButton149Release
                0x6000149c        0x2 _Alerte.o
                0x6000149c                hmi_OnTextPushButton149Release
 .text.hmi_OnTextPushButton149Click
                0x6000149e        0x2 _Alerte.o
                0x6000149e                hmi_OnTextPushButton149Click
 .text.hmi_OnTextPushButton150Release
                0x600014a0        0x2 _Alerte.o
                0x600014a0                hmi_OnTextPushButton150Release
 .text.hmi_OnTextPushButton150Click
                0x600014a2        0x2 _Alerte.o
                0x600014a2                hmi_OnTextPushButton150Click
 .text.hmi_OnTextPushButton152Release
                0x600014a4        0x2 _Alerte.o
                0x600014a4                hmi_OnTextPushButton152Release
 .text.hmi_OnTextPushButton152Click
                0x600014a6        0x2 _Alerte.o
                0x600014a6                hmi_OnTextPushButton152Click
 .text.init     0x600014a8       0x80 _Alerte.o
                0x600014a8                init
 .text.Alerte120OnPaint
                0x60001528       0x80 _Alerte.o
                0x60001528                Alerte120OnPaint
 .text.Alerte120OnCreate
                0x600015a8        0xc _Alerte.o
                0x600015a8                Alerte120OnCreate
 .text.Timer154OnExecute
                0x600015b4       0x44 _Alerte.o
                0x600015b4                Timer154OnExecute
 .text.hmi_OnTimer154Execute
                0x600015f8        0x4 _Alerte.o
                0x600015f8                hmi_OnTimer154Execute
 .text.renderAlerte120Vector
                0x600015fc       0x38 _Alerte.o
                0x600015fc                renderAlerte120Vector
 .text.OnAlerte120Paint
                0x60001634       0x32 _Alerte.o
                0x60001634                OnAlerte120Paint
 *fill*         0x60001666        0x2 
 .text.hmi_InitFrameWidgets4
                0x60001668       0x78 _Alerte.o
                0x60001668                hmi_InitFrameWidgets4
 .text.hmi_FreeFrameWidgets4
                0x600016e0       0x48 _Alerte.o
                0x600016e0                hmi_FreeFrameWidgets4
 .text.hmi_Alerte
                0x60001728       0x1c _Alerte.o
                0x60001728                hmi_Alerte
 .text.hmi_OnTextPushButton136Release
                0x60001744        0x2 _Etalonnage.o
                0x60001744                hmi_OnTextPushButton136Release
 .text.hmi_OnTextPushButton108Release
                0x60001746        0x2 _Etalonnage.o
                0x60001746                hmi_OnTextPushButton108Release
 .text.hmi_OnTextPushButton163Release
                0x60001748        0x2 _Etalonnage.o
                0x60001748                hmi_OnTextPushButton163Release
 .text.hmi_OnTextPushButton163Click
                0x6000174a        0x2 _Etalonnage.o
                0x6000174a                hmi_OnTextPushButton163Click
 .text.hmi_OnQuit127Release
                0x6000174c        0x2 _Etalonnage.o
                0x6000174c                hmi_OnQuit127Release
 .text.hmi_OnValPhysique157Release
                0x6000174e        0x2 _Etalonnage.o
                0x6000174e                hmi_OnValPhysique157Release
 .text.hmi_OnTextPushButton158Release
                0x60001750        0x2 _Etalonnage.o
                0x60001750                hmi_OnTextPushButton158Release
 .text.hmi_OnTextPushButton158Click
                0x60001752        0x2 _Etalonnage.o
                0x60001752                hmi_OnTextPushButton158Click
 .text.hmi_OnValReelle63Release
                0x60001754        0x2 _Etalonnage.o
                0x60001754                hmi_OnValReelle63Release
 *fill*         0x60001756        0x2 
 .text.hmi_OnTextPushButton136Click
                0x60001758        0xc _Etalonnage.o
                0x60001758                hmi_OnTextPushButton136Click
 .text.hmi_OnTextPushButton108Click
                0x60001764        0xc _Etalonnage.o
                0x60001764                hmi_OnTextPushButton108Click
 .text.hmi_OnQuit127Click
                0x60001770        0xc _Etalonnage.o
                0x60001770                hmi_OnQuit127Click
 .text.ValPhysique157OnClick
                0x6000177c       0x30 _Etalonnage.o
                0x6000177c                ValPhysique157OnClick
 .text.hmi_OnValPhysique157Click
                0x600017ac        0x4 _Etalonnage.o
                0x600017ac                hmi_OnValPhysique157Click
 .text.ValReelle63OnClick
                0x600017b0       0x30 _Etalonnage.o
                0x600017b0                ValReelle63OnClick
 .text.hmi_OnValReelle63Click
                0x600017e0        0x4 _Etalonnage.o
                0x600017e0                hmi_OnValReelle63Click
 .text.Etalonnage134OnShow
                0x600017e4      0x158 _Etalonnage.o
                0x600017e4                Etalonnage134OnShow
 .text.renderEtalonnage134Vector
                0x6000193c      0x130 _Etalonnage.o
                0x6000193c                renderEtalonnage134Vector
 .text.OnEtalonnage134Paint
                0x60001a6c       0x30 _Etalonnage.o
                0x60001a6c                OnEtalonnage134Paint
 .text.hmi_InitFrameWidgets5
                0x60001a9c       0xb4 _Etalonnage.o
                0x60001a9c                hmi_InitFrameWidgets5
 .text.hmi_FreeFrameWidgets5
                0x60001b50       0x78 _Etalonnage.o
                0x60001b50                hmi_FreeFrameWidgets5
 .text.hmi_Etalonnage
                0x60001bc8       0x1c _Etalonnage.o
                0x60001bc8                hmi_Etalonnage
 .text.hmi_Onerreur122Release
                0x60001be4        0x2 _Seuillage.o
                0x60001be4                hmi_Onerreur122Release
 .text.hmi_Onerreur122Click
                0x60001be6        0x2 _Seuillage.o
                0x60001be6                hmi_Onerreur122Click
 .text.hmi_OnTextPushButton71Release
                0x60001be8        0x2 _Seuillage.o
                0x60001be8                hmi_OnTextPushButton71Release
 .text.hmi_OnTimer52Execute
                0x60001bea        0x2 _Seuillage.o
                0x60001bea                hmi_OnTimer52Execute
 .text.hmi_OnTextPushButton50Release
                0x60001bec        0x2 _Seuillage.o
                0x60001bec                hmi_OnTextPushButton50Release
 .text.hmi_OnTextPushButton50Click
                0x60001bee        0x2 _Seuillage.o
                0x60001bee                hmi_OnTextPushButton50Click
 .text.hmi_OnS1Couleur77Release
                0x60001bf0        0x2 _Seuillage.o
                0x60001bf0                hmi_OnS1Couleur77Release
 .text.hmi_OnS2Valeur79Release
                0x60001bf2        0x2 _Seuillage.o
                0x60001bf2                hmi_OnS2Valeur79Release
 .text.hmi_OnS2Couleur82Release
                0x60001bf4        0x2 _Seuillage.o
                0x60001bf4                hmi_OnS2Couleur82Release
 .text.hmi_OnS3Valeur84Release
                0x60001bf6        0x2 _Seuillage.o
                0x60001bf6                hmi_OnS3Valeur84Release
 .text.hmi_OnS3Couleur87Release
                0x60001bf8        0x2 _Seuillage.o
                0x60001bf8                hmi_OnS3Couleur87Release
 .text.hmi_OnS4Valeur89Release
                0x60001bfa        0x2 _Seuillage.o
                0x60001bfa                hmi_OnS4Valeur89Release
 .text.hmi_OnS4Couleur92Release
                0x60001bfc        0x2 _Seuillage.o
                0x60001bfc                hmi_OnS4Couleur92Release
 .text.hmi_OnparamAvances94Release
                0x60001bfe        0x2 _Seuillage.o
                0x60001bfe                hmi_OnparamAvances94Release
 .text.hmi_OnS1Valeur74Release
                0x60001c00        0x2 _Seuillage.o
                0x60001c00                hmi_OnS1Valeur74Release
 .text.hmi_OnQuit125Release
                0x60001c02        0x2 _Seuillage.o
                0x60001c02                hmi_OnQuit125Release
 .text.hmi_OnTextPushButton71Click
                0x60001c04        0xc _Seuillage.o
                0x60001c04                hmi_OnTextPushButton71Click
 .text.hmi_OnparamAvances94Click
                0x60001c10        0xc _Seuillage.o
                0x60001c10                hmi_OnparamAvances94Click
 .text.hmi_OnQuit125Click
                0x60001c1c        0xc _Seuillage.o
                0x60001c1c                hmi_OnQuit125Click
 .text.majCouleur
                0x60001c28       0xac _Seuillage.o
                0x60001c28                majCouleur
 .text.S1_Y_N78OnChange
                0x60001cd4       0xb0 _Seuillage.o
                0x60001cd4                S1_Y_N78OnChange
 .text.hmi_OnS1_Y_N78CheckChange
                0x60001d84        0x4 _Seuillage.o
                0x60001d84                hmi_OnS1_Y_N78CheckChange
 .text.S2_Y_N83OnChange
                0x60001d88       0xb0 _Seuillage.o
                0x60001d88                S2_Y_N83OnChange
 .text.hmi_OnS2_Y_N83CheckChange
                0x60001e38        0x4 _Seuillage.o
                0x60001e38                hmi_OnS2_Y_N83CheckChange
 .text.S3_Y_N88OnChange
                0x60001e3c       0xb0 _Seuillage.o
                0x60001e3c                S3_Y_N88OnChange
 .text.hmi_OnS3_Y_N88CheckChange
                0x60001eec        0x4 _Seuillage.o
                0x60001eec                hmi_OnS3_Y_N88CheckChange
 .text.S4_Y_N93OnChange
                0x60001ef0       0xb0 _Seuillage.o
                0x60001ef0                S4_Y_N93OnChange
 .text.hmi_OnS4_Y_N93CheckChange
                0x60001fa0        0x4 _Seuillage.o
                0x60001fa0                hmi_OnS4_Y_N93CheckChange
 .text.S1Couleur77OnClick
                0x60001fa4      0x110 _Seuillage.o
                0x60001fa4                S1Couleur77OnClick
 .text.hmi_OnS1Couleur77Click
                0x600020b4        0x4 _Seuillage.o
                0x600020b4                hmi_OnS1Couleur77Click
 .text.S2Couleur82OnClick
                0x600020b8      0x110 _Seuillage.o
                0x600020b8                S2Couleur82OnClick
 .text.hmi_OnS2Couleur82Click
                0x600021c8        0x4 _Seuillage.o
                0x600021c8                hmi_OnS2Couleur82Click
 .text.S3Couleur87OnClick
                0x600021cc      0x110 _Seuillage.o
                0x600021cc                S3Couleur87OnClick
 .text.hmi_OnS3Couleur87Click
                0x600022dc        0x4 _Seuillage.o
                0x600022dc                hmi_OnS3Couleur87Click
 .text.S4Couleur92OnClick
                0x600022e0      0x110 _Seuillage.o
                0x600022e0                S4Couleur92OnClick
 .text.hmi_OnS4Couleur92Click
                0x600023f0        0x4 _Seuillage.o
                0x600023f0                hmi_OnS4Couleur92Click
 .text.S1Valeur74OnClick
                0x600023f4       0x30 _Seuillage.o
                0x600023f4                S1Valeur74OnClick
 .text.hmi_OnS1Valeur74Click
                0x60002424        0x4 _Seuillage.o
                0x60002424                hmi_OnS1Valeur74Click
 .text.S2Valeur79OnClick
                0x60002428       0x30 _Seuillage.o
                0x60002428                S2Valeur79OnClick
 .text.hmi_OnS2Valeur79Click
                0x60002458        0x4 _Seuillage.o
                0x60002458                hmi_OnS2Valeur79Click
 .text.S3Valeur84OnClick
                0x6000245c       0x30 _Seuillage.o
                0x6000245c                S3Valeur84OnClick
 .text.hmi_OnS3Valeur84Click
                0x6000248c        0x4 _Seuillage.o
                0x6000248c                hmi_OnS3Valeur84Click
 .text.S4Valeur89OnClick
                0x60002490       0x30 _Seuillage.o
                0x60002490                S4Valeur89OnClick
 .text.hmi_OnS4Valeur89Click
                0x600024c0        0x4 _Seuillage.o
                0x600024c0                hmi_OnS4Valeur89Click
 .text.logique58OnChange
                0x600024c4       0x50 _Seuillage.o
                0x600024c4                logique58OnChange
 .text.Seuillage45OnShow
                0x60002514      0x410 _Seuillage.o
                0x60002514                Seuillage45OnShow
 .text.hmi_Onlogique58CheckChange
                0x60002924        0x4 _Seuillage.o
                0x60002924                hmi_Onlogique58CheckChange
 .text.renderSeuillage45Vector
                0x60002928      0x1b8 _Seuillage.o
                0x60002928                renderSeuillage45Vector
 .text.OnSeuillage45Paint
                0x60002ae0       0x30 _Seuillage.o
                0x60002ae0                OnSeuillage45Paint
 .text.hmi_InitFrameWidgets6
                0x60002b10      0x150 _Seuillage.o
                0x60002b10                hmi_InitFrameWidgets6
 .text.hmi_FreeFrameWidgets6
                0x60002c60       0xfc _Seuillage.o
                0x60002c60                hmi_FreeFrameWidgets6
 .text.hmi_Seuillage
                0x60002d5c       0x1c _Seuillage.o
                0x60002d5c                hmi_Seuillage
 .text.hmi_OnTextPushButton173Release
                0x60002d78        0x2 _MsgErreur.o
                0x60002d78                hmi_OnTextPushButton173Release
 .text.hmi_OnTextPushButton173Click
                0x60002d7a        0x2 _MsgErreur.o
                0x60002d7a                hmi_OnTextPushButton173Click
 .text.hmi_OnTextPushButton174Release
                0x60002d7c        0x2 _MsgErreur.o
                0x60002d7c                hmi_OnTextPushButton174Release
 .text.hmi_OnTextPushButton174Click
                0x60002d7e        0x2 _MsgErreur.o
                0x60002d7e                hmi_OnTextPushButton174Click
 .text.hmi_OnQuitter176Release
                0x60002d80        0x2 _MsgErreur.o
                0x60002d80                hmi_OnQuitter176Release
 *fill*         0x60002d82        0x2 
 .text.hmi_OnQuitter176Click
                0x60002d84        0xc _MsgErreur.o
                0x60002d84                hmi_OnQuitter176Click
 .text.Timer175OnExecute
                0x60002d90       0x24 _MsgErreur.o
                0x60002d90                Timer175OnExecute
 .text.hmi_OnTimer175Execute
                0x60002db4        0x4 _MsgErreur.o
                0x60002db4                hmi_OnTimer175Execute
 .text.MsgErreur172OnCreate
                0x60002db8        0xc _MsgErreur.o
                0x60002db8                MsgErreur172OnCreate
 .text.MsgErreur172OnShow
                0x60002dc4       0xd0 _MsgErreur.o
                0x60002dc4                MsgErreur172OnShow
 .text.renderMsgErreur172Vector
                0x60002e94       0x60 _MsgErreur.o
                0x60002e94                renderMsgErreur172Vector
 .text.OnMsgErreur172Paint
                0x60002ef4       0x30 _MsgErreur.o
                0x60002ef4                OnMsgErreur172Paint
 .text.hmi_InitFrameWidgets7
                0x60002f24       0x70 _MsgErreur.o
                0x60002f24                hmi_InitFrameWidgets7
 .text.hmi_FreeFrameWidgets7
                0x60002f94       0x3c _MsgErreur.o
                0x60002f94                hmi_FreeFrameWidgets7
 .text.hmi_MsgErreur
                0x60002fd0       0x1c _MsgErreur.o
                0x60002fd0                hmi_MsgErreur
 .text.hmi_Onhysteresis104Release
                0x60002fec        0x2 _SeuilUn.o
                0x60002fec                hmi_Onhysteresis104Release
 .text.hmi_OnRetard105Release
                0x60002fee        0x2 _SeuilUn.o
                0x60002fee                hmi_OnRetard105Release
 .text.hmi_OnVoie106Release
                0x60002ff0        0x2 _SeuilUn.o
                0x60002ff0                hmi_OnVoie106Release
 .text.hmi_OnNext107Release
                0x60002ff2        0x2 _SeuilUn.o
                0x60002ff2                hmi_OnNext107Release
 .text.hmi_Onadresse103Release
                0x60002ff4        0x2 _SeuilUn.o
                0x60002ff4                hmi_Onadresse103Release
 .text.hmi_OnTextPushButton153Release
                0x60002ff6        0x2 _SeuilUn.o
                0x60002ff6                hmi_OnTextPushButton153Release
 .text.hmi_OnPrev164Release
                0x60002ff8        0x2 _SeuilUn.o
                0x60002ff8                hmi_OnPrev164Release
 .text.hmi_OnValider111Release
                0x60002ffa        0x2 _SeuilUn.o
                0x60002ffa                hmi_OnValider111Release
 .text.hmi_OnQuit126Release
                0x60002ffc        0x2 _SeuilUn.o
                0x60002ffc                hmi_OnQuit126Release
 *fill*         0x60002ffe        0x2 
 .text.hmi_OnTextPushButton153Click
                0x60003000        0xc _SeuilUn.o
                0x60003000                hmi_OnTextPushButton153Click
 .text.hmi_OnValider111Click
                0x6000300c        0xc _SeuilUn.o
                0x6000300c                hmi_OnValider111Click
 .text.hmi_OnQuit126Click
                0x60003018        0xc _SeuilUn.o
                0x60003018                hmi_OnQuit126Click
 .text.hysteresis104OnClick
                0x60003024       0x64 _SeuilUn.o
                0x60003024                hysteresis104OnClick
 .text.hmi_Onhysteresis104Click
                0x60003088        0x4 _SeuilUn.o
                0x60003088                hmi_Onhysteresis104Click
 .text.Retard105OnClick
                0x6000308c       0x64 _SeuilUn.o
                0x6000308c                Retard105OnClick
 .text.hmi_OnRetard105Click
                0x600030f0        0x4 _SeuilUn.o
                0x600030f0                hmi_OnRetard105Click
 .text.NO102OnChange
                0x600030f4       0x98 _SeuilUn.o
                0x600030f4                NO102OnChange
 .text.hmi_OnNO102CheckChange
                0x6000318c        0x4 _SeuilUn.o
                0x6000318c                hmi_OnNO102CheckChange
 .text.Voie106OnClick
                0x60003190       0x64 _SeuilUn.o
                0x60003190                Voie106OnClick
 .text.hmi_OnVoie106Click
                0x600031f4        0x4 _SeuilUn.o
                0x600031f4                hmi_OnVoie106Click
 .text.adresse103OnClick
                0x600031f8       0x64 _SeuilUn.o
                0x600031f8                adresse103OnClick
 .text.hmi_Onadresse103Click
                0x6000325c        0x4 _SeuilUn.o
                0x6000325c                hmi_Onadresse103Click
 .text.SeuilUn95OnShow
                0x60003260      0x31c _SeuilUn.o
                0x60003260                SeuilUn95OnShow
 .text.Prev164OnClick
                0x6000357c       0x68 _SeuilUn.o
                0x6000357c                Prev164OnClick
 .text.hmi_OnPrev164Click
                0x600035e4        0x4 _SeuilUn.o
                0x600035e4                hmi_OnPrev164Click
 .text.Next107OnClick
                0x600035e8       0x68 _SeuilUn.o
                0x600035e8                Next107OnClick
 .text.hmi_OnNext107Click
                0x60003650        0x4 _SeuilUn.o
                0x60003650                hmi_OnNext107Click
 .text.SeuilUn95OnCreate
                0x60003654        0xc _SeuilUn.o
                0x60003654                SeuilUn95OnCreate
 .text.Timer110OnExecute
                0x60003660       0x40 _SeuilUn.o
                0x60003660                Timer110OnExecute
 .text.hmi_OnTimer110Execute
                0x600036a0        0x4 _SeuilUn.o
                0x600036a0                hmi_OnTimer110Execute
 .text.renderSeuilUn95Vector
                0x600036a4      0x1a8 _SeuilUn.o
                0x600036a4                renderSeuilUn95Vector
 .text.OnSeuilUn95Paint
                0x6000384c       0x30 _SeuilUn.o
                0x6000384c                OnSeuilUn95Paint
 .text.hmi_InitFrameWidgets8
                0x6000387c       0xd0 _SeuilUn.o
                0x6000387c                hmi_InitFrameWidgets8
 .text.hmi_FreeFrameWidgets8
                0x6000394c       0x8c _SeuilUn.o
                0x6000394c                hmi_FreeFrameWidgets8
 .text.hmi_SeuilUn
                0x600039d8       0x1c _SeuilUn.o
                0x600039d8                hmi_SeuilUn
 .text.hmi_OnConfigM113Release
                0x600039f4        0x2 _Affichage.o
                0x600039f4                hmi_OnConfigM113Release
 .text.hmi_OnConfigE115Release
                0x600039f6        0x2 _Affichage.o
                0x600039f6                hmi_OnConfigE115Release
 .text.hmi_OnConfigS116Release
                0x600039f8        0x2 _Affichage.o
                0x600039f8                hmi_OnConfigS116Release
 .text.hmi_OnConfigC117Release
                0x600039fa        0x2 _Affichage.o
                0x600039fa                hmi_OnConfigC117Release
 .text.hmi_OnMesure118Release
                0x600039fc        0x2 _Affichage.o
                0x600039fc                hmi_OnMesure118Release
 .text.hmi_OnMesure118Click
                0x600039fe        0x2 _Affichage.o
                0x600039fe                hmi_OnMesure118Click
 .text.hmi_OnUniM119Release
                0x60003a00        0x2 _Affichage.o
                0x60003a00                hmi_OnUniM119Release
 .text.hmi_OnUniM119Click
                0x60003a02        0x2 _Affichage.o
                0x60003a02                hmi_OnUniM119Click
 .text.hmi_OnConfigM113Click
                0x60003a04        0xc _Affichage.o
                0x60003a04                hmi_OnConfigM113Click
 .text.hmi_OnConfigC117Click
                0x60003a10        0xc _Affichage.o
                0x60003a10                hmi_OnConfigC117Click
 .text.hmi_OnConfigS116Click
                0x60003a1c        0xc _Affichage.o
                0x60003a1c                hmi_OnConfigS116Click
 .text.hmi_OnConfigE115Click
                0x60003a28        0xc _Affichage.o
                0x60003a28                hmi_OnConfigE115Click
 .text.OnAffichage112Paint
                0x60003a34       0x24 _Affichage.o
                0x60003a34                OnAffichage112Paint
 .text.calculate
                0x60003a58       0xb4 _Affichage.o
                0x60003a58                calculate
 .text.Affichage112OnShow
                0x60003b0c      0x124 _Affichage.o
                0x60003b0c                Affichage112OnShow
 .text.hmi_OnTimer179Execute
                0x60003c30        0x4 _Affichage.o
                0x60003c30                hmi_OnTimer179Execute
 .text.Affichage112OnCreate
                0x60003c34       0x10 _Affichage.o
                0x60003c34                Affichage112OnCreate
 .text.hmi_InitFrameWidgets9
                0x60003c44       0x94 _Affichage.o
                0x60003c44                hmi_InitFrameWidgets9
 .text.hmi_FreeFrameWidgets9
                0x60003cd8       0x5c _Affichage.o
                0x60003cd8                hmi_FreeFrameWidgets9
 .text.hmi_Affichage
                0x60003d34       0x1c _Affichage.o
                0x60003d34                hmi_Affichage
 .text.hmi_OnTextPushButton224Release
                0x60003d50        0x2 _Clavier.o
                0x60003d50                hmi_OnTextPushButton224Release
 .text.hmi_OnTextPushButton225Release
                0x60003d52        0x2 _Clavier.o
                0x60003d52                hmi_OnTextPushButton225Release
 .text.hmi_OnTextPushButton226Release
                0x60003d54        0x2 _Clavier.o
                0x60003d54                hmi_OnTextPushButton226Release
 .text.hmi_OnTextPushButton227Release
                0x60003d56        0x2 _Clavier.o
                0x60003d56                hmi_OnTextPushButton227Release
 .text.hmi_OnTextPushButton228Release
                0x60003d58        0x2 _Clavier.o
                0x60003d58                hmi_OnTextPushButton228Release
 .text.hmi_OnTextPushButton229Release
                0x60003d5a        0x2 _Clavier.o
                0x60003d5a                hmi_OnTextPushButton229Release
 .text.hmi_OnTextPushButton230Release
                0x60003d5c        0x2 _Clavier.o
                0x60003d5c                hmi_OnTextPushButton230Release
 .text.hmi_OnTextPushButton231Release
                0x60003d5e        0x2 _Clavier.o
                0x60003d5e                hmi_OnTextPushButton231Release
 .text.hmi_OnTextPushButton232Release
                0x60003d60        0x2 _Clavier.o
                0x60003d60                hmi_OnTextPushButton232Release
 .text.hmi_OnTextPushButton233Release
                0x60003d62        0x2 _Clavier.o
                0x60003d62                hmi_OnTextPushButton233Release
 .text.hmi_OnTextPushButton234Release
                0x60003d64        0x2 _Clavier.o
                0x60003d64                hmi_OnTextPushButton234Release
 .text.hmi_OnTextPushButton235Release
                0x60003d66        0x2 _Clavier.o
                0x60003d66                hmi_OnTextPushButton235Release
 .text.hmi_OnTextPushButton236Release
                0x60003d68        0x2 _Clavier.o
                0x60003d68                hmi_OnTextPushButton236Release
 .text.hmi_OnTextPushButton237Release
                0x60003d6a        0x2 _Clavier.o
                0x60003d6a                hmi_OnTextPushButton237Release
 .text.hmi_OnTextPushButton238Release
                0x60003d6c        0x2 _Clavier.o
                0x60003d6c                hmi_OnTextPushButton238Release
 .text.hmi_OnTextPushButton239Release
                0x60003d6e        0x2 _Clavier.o
                0x60003d6e                hmi_OnTextPushButton239Release
 .text.hmi_OnTextPushButton240Release
                0x60003d70        0x2 _Clavier.o
                0x60003d70                hmi_OnTextPushButton240Release
 .text.hmi_OnTextPushButton241Release
                0x60003d72        0x2 _Clavier.o
                0x60003d72                hmi_OnTextPushButton241Release
 .text.hmi_OnTextPushButton242Release
                0x60003d74        0x2 _Clavier.o
                0x60003d74                hmi_OnTextPushButton242Release
 .text.hmi_OnTextPushButton243Release
                0x60003d76        0x2 _Clavier.o
                0x60003d76                hmi_OnTextPushButton243Release
 .text.hmi_OnTextPushButton244Release
                0x60003d78        0x2 _Clavier.o
                0x60003d78                hmi_OnTextPushButton244Release
 .text.hmi_OnTextPushButton245Release
                0x60003d7a        0x2 _Clavier.o
                0x60003d7a                hmi_OnTextPushButton245Release
 .text.hmi_OnTextPushButton246Release
                0x60003d7c        0x2 _Clavier.o
                0x60003d7c                hmi_OnTextPushButton246Release
 .text.hmi_OnTextPushButton247Release
                0x60003d7e        0x2 _Clavier.o
                0x60003d7e                hmi_OnTextPushButton247Release
 .text.hmi_OnTextPushButton248Release
                0x60003d80        0x2 _Clavier.o
                0x60003d80                hmi_OnTextPushButton248Release
 .text.hmi_OnTextPushButton249Release
                0x60003d82        0x2 _Clavier.o
                0x60003d82                hmi_OnTextPushButton249Release
 .text.hmi_OnUn250Release
                0x60003d84        0x2 _Clavier.o
                0x60003d84                hmi_OnUn250Release
 .text.hmi_OnTextPushButton251Release
                0x60003d86        0x2 _Clavier.o
                0x60003d86                hmi_OnTextPushButton251Release
 .text.hmi_OnTextPushButton252Release
                0x60003d88        0x2 _Clavier.o
                0x60003d88                hmi_OnTextPushButton252Release
 .text.hmi_OnTextPushButton253Release
                0x60003d8a        0x2 _Clavier.o
                0x60003d8a                hmi_OnTextPushButton253Release
 .text.hmi_OnTextPushButton254Release
                0x60003d8c        0x2 _Clavier.o
                0x60003d8c                hmi_OnTextPushButton254Release
 .text.hmi_OnTextPushButton255Release
                0x60003d8e        0x2 _Clavier.o
                0x60003d8e                hmi_OnTextPushButton255Release
 .text.hmi_OnTextPushButton282Release
                0x60003d90        0x2 _Clavier.o
                0x60003d90                hmi_OnTextPushButton282Release
 .text.hmi_OnTextPushButton256Release
                0x60003d92        0x2 _Clavier.o
                0x60003d92                hmi_OnTextPushButton256Release
 .text.hmi_OnTextPushButton257Release
                0x60003d94        0x2 _Clavier.o
                0x60003d94                hmi_OnTextPushButton257Release
 .text.hmi_OnTextPushButton258Release
                0x60003d96        0x2 _Clavier.o
                0x60003d96                hmi_OnTextPushButton258Release
 .text.hmi_OnTextPushButton261Release
                0x60003d98        0x2 _Clavier.o
                0x60003d98                hmi_OnTextPushButton261Release
 .text.hmi_OnTextPushButton262Release
                0x60003d9a        0x2 _Clavier.o
                0x60003d9a                hmi_OnTextPushButton262Release
 .text.hmi_OnTextPushButton265Release
                0x60003d9c        0x2 _Clavier.o
                0x60003d9c                hmi_OnTextPushButton265Release
 .text.hmi_OnTimer292Execute
                0x60003d9e        0x2 _Clavier.o
                0x60003d9e                hmi_OnTimer292Execute
 .text.InverserStr
                0x60003da0       0x20 _Clavier.o
                0x60003da0                InverserStr
 .text.TextPushButton250OnClick
                0x60003dc0       0x58 _Clavier.o
                0x60003dc0                TextPushButton250OnClick
 .text.hmi_OnUn250Click
                0x60003e18        0x4 _Clavier.o
                0x60003e18                hmi_OnUn250Click
 .text.TextPushButton282OnClick
                0x60003e1c      0x158 _Clavier.o
                0x60003e1c                TextPushButton282OnClick
 .text.hmi_OnTextPushButton282Click
                0x60003f74        0x4 _Clavier.o
                0x60003f74                hmi_OnTextPushButton282Click
 .text.TextPushButton224OnClick
                0x60003f78       0x58 _Clavier.o
                0x60003f78                TextPushButton224OnClick
 .text.hmi_OnTextPushButton224Click
                0x60003fd0        0x4 _Clavier.o
                0x60003fd0                hmi_OnTextPushButton224Click
 .text.TextPushButton225OnClick
                0x60003fd4       0x58 _Clavier.o
                0x60003fd4                TextPushButton225OnClick
 .text.hmi_OnTextPushButton225Click
                0x6000402c        0x4 _Clavier.o
                0x6000402c                hmi_OnTextPushButton225Click
 .text.TextPushButton226OnClick
                0x60004030       0x58 _Clavier.o
                0x60004030                TextPushButton226OnClick
 .text.hmi_OnTextPushButton226Click
                0x60004088        0x4 _Clavier.o
                0x60004088                hmi_OnTextPushButton226Click
 .text.TextPushButton227OnClick
                0x6000408c       0x58 _Clavier.o
                0x6000408c                TextPushButton227OnClick
 .text.hmi_OnTextPushButton227Click
                0x600040e4        0x4 _Clavier.o
                0x600040e4                hmi_OnTextPushButton227Click
 .text.TextPushButton228OnClick
                0x600040e8       0x58 _Clavier.o
                0x600040e8                TextPushButton228OnClick
 .text.hmi_OnTextPushButton228Click
                0x60004140        0x4 _Clavier.o
                0x60004140                hmi_OnTextPushButton228Click
 .text.TextPushButton229OnClick
                0x60004144       0x58 _Clavier.o
                0x60004144                TextPushButton229OnClick
 .text.hmi_OnTextPushButton229Click
                0x6000419c        0x4 _Clavier.o
                0x6000419c                hmi_OnTextPushButton229Click
 .text.TextPushButton230OnClick
                0x600041a0       0x58 _Clavier.o
                0x600041a0                TextPushButton230OnClick
 .text.hmi_OnTextPushButton230Click
                0x600041f8        0x4 _Clavier.o
                0x600041f8                hmi_OnTextPushButton230Click
 .text.TextPushButton231OnClick
                0x600041fc       0x58 _Clavier.o
                0x600041fc                TextPushButton231OnClick
 .text.hmi_OnTextPushButton231Click
                0x60004254        0x4 _Clavier.o
                0x60004254                hmi_OnTextPushButton231Click
 .text.TextPushButton232OnClick
                0x60004258       0x58 _Clavier.o
                0x60004258                TextPushButton232OnClick
 .text.hmi_OnTextPushButton232Click
                0x600042b0        0x4 _Clavier.o
                0x600042b0                hmi_OnTextPushButton232Click
 .text.TextPushButton233OnClick
                0x600042b4       0x58 _Clavier.o
                0x600042b4                TextPushButton233OnClick
 .text.hmi_OnTextPushButton233Click
                0x6000430c        0x4 _Clavier.o
                0x6000430c                hmi_OnTextPushButton233Click
 .text.TextPushButton234OnClick
                0x60004310       0x58 _Clavier.o
                0x60004310                TextPushButton234OnClick
 .text.hmi_OnTextPushButton234Click
                0x60004368        0x4 _Clavier.o
                0x60004368                hmi_OnTextPushButton234Click
 .text.TextPushButton235OnClick
                0x6000436c       0x58 _Clavier.o
                0x6000436c                TextPushButton235OnClick
 .text.hmi_OnTextPushButton235Click
                0x600043c4        0x4 _Clavier.o
                0x600043c4                hmi_OnTextPushButton235Click
 .text.TextPushButton236OnClick
                0x600043c8       0x58 _Clavier.o
                0x600043c8                TextPushButton236OnClick
 .text.hmi_OnTextPushButton236Click
                0x60004420        0x4 _Clavier.o
                0x60004420                hmi_OnTextPushButton236Click
 .text.TextPushButton237OnClick
                0x60004424       0x58 _Clavier.o
                0x60004424                TextPushButton237OnClick
 .text.hmi_OnTextPushButton237Click
                0x6000447c        0x4 _Clavier.o
                0x6000447c                hmi_OnTextPushButton237Click
 .text.TextPushButton238OnClick
                0x60004480       0x58 _Clavier.o
                0x60004480                TextPushButton238OnClick
 .text.hmi_OnTextPushButton238Click
                0x600044d8        0x4 _Clavier.o
                0x600044d8                hmi_OnTextPushButton238Click
 .text.TextPushButton239OnClick
                0x600044dc       0x58 _Clavier.o
                0x600044dc                TextPushButton239OnClick
 .text.hmi_OnTextPushButton239Click
                0x60004534        0x4 _Clavier.o
                0x60004534                hmi_OnTextPushButton239Click
 .text.TextPushButton240OnClick
                0x60004538       0x58 _Clavier.o
                0x60004538                TextPushButton240OnClick
 .text.hmi_OnTextPushButton240Click
                0x60004590        0x4 _Clavier.o
                0x60004590                hmi_OnTextPushButton240Click
 .text.TextPushButton241OnClick
                0x60004594       0x58 _Clavier.o
                0x60004594                TextPushButton241OnClick
 .text.hmi_OnTextPushButton241Click
                0x600045ec        0x4 _Clavier.o
                0x600045ec                hmi_OnTextPushButton241Click
 .text.TextPushButton242OnClick
                0x600045f0       0x58 _Clavier.o
                0x600045f0                TextPushButton242OnClick
 .text.hmi_OnTextPushButton242Click
                0x60004648        0x4 _Clavier.o
                0x60004648                hmi_OnTextPushButton242Click
 .text.TextPushButton243OnClick
                0x6000464c       0x58 _Clavier.o
                0x6000464c                TextPushButton243OnClick
 .text.hmi_OnTextPushButton243Click
                0x600046a4        0x4 _Clavier.o
                0x600046a4                hmi_OnTextPushButton243Click
 .text.TextPushButton244OnClick
                0x600046a8       0x58 _Clavier.o
                0x600046a8                TextPushButton244OnClick
 .text.hmi_OnTextPushButton244Click
                0x60004700        0x4 _Clavier.o
                0x60004700                hmi_OnTextPushButton244Click
 .text.TextPushButton245OnClick
                0x60004704       0x58 _Clavier.o
                0x60004704                TextPushButton245OnClick
 .text.hmi_OnTextPushButton245Click
                0x6000475c        0x4 _Clavier.o
                0x6000475c                hmi_OnTextPushButton245Click
 .text.TextPushButton246OnClick
                0x60004760       0x58 _Clavier.o
                0x60004760                TextPushButton246OnClick
 .text.hmi_OnTextPushButton246Click
                0x600047b8        0x4 _Clavier.o
                0x600047b8                hmi_OnTextPushButton246Click
 .text.TextPushButton247OnClick
                0x600047bc       0x58 _Clavier.o
                0x600047bc                TextPushButton247OnClick
 .text.hmi_OnTextPushButton247Click
                0x60004814        0x4 _Clavier.o
                0x60004814                hmi_OnTextPushButton247Click
 .text.TextPushButton248OnClick
                0x60004818       0x58 _Clavier.o
                0x60004818                TextPushButton248OnClick
 .text.hmi_OnTextPushButton248Click
                0x60004870        0x4 _Clavier.o
                0x60004870                hmi_OnTextPushButton248Click
 .text.TextPushButton249OnClick
                0x60004874       0x58 _Clavier.o
                0x60004874                TextPushButton249OnClick
 .text.hmi_OnTextPushButton249Click
                0x600048cc        0x4 _Clavier.o
                0x600048cc                hmi_OnTextPushButton249Click
 .text.TextPushButton256OnClick
                0x600048d0       0x30 _Clavier.o
                0x600048d0                TextPushButton256OnClick
 .text.hmi_OnTextPushButton256Click
                0x60004900        0x4 _Clavier.o
                0x60004900                hmi_OnTextPushButton256Click
 .text.TextPushButton251OnClick
                0x60004904       0x58 _Clavier.o
                0x60004904                TextPushButton251OnClick
 .text.hmi_OnTextPushButton251Click
                0x6000495c        0x4 _Clavier.o
                0x6000495c                hmi_OnTextPushButton251Click
 .text.TextPushButton252OnClick
                0x60004960       0x58 _Clavier.o
                0x60004960                TextPushButton252OnClick
 .text.hmi_OnTextPushButton252Click
                0x600049b8        0x4 _Clavier.o
                0x600049b8                hmi_OnTextPushButton252Click
 .text.TextPushButton253OnClick
                0x600049bc       0x58 _Clavier.o
                0x600049bc                TextPushButton253OnClick
 .text.hmi_OnTextPushButton253Click
                0x60004a14        0x4 _Clavier.o
                0x60004a14                hmi_OnTextPushButton253Click
 .text.TextPushButton254OnClick
                0x60004a18       0x58 _Clavier.o
                0x60004a18                TextPushButton254OnClick
 .text.hmi_OnTextPushButton254Click
                0x60004a70        0x4 _Clavier.o
                0x60004a70                hmi_OnTextPushButton254Click
 .text.TextPushButton255OnClick
                0x60004a74       0x58 _Clavier.o
                0x60004a74                TextPushButton255OnClick
 .text.hmi_OnTextPushButton255Click
                0x60004acc        0x4 _Clavier.o
                0x60004acc                hmi_OnTextPushButton255Click
 .text.TextPushButton257OnClick
                0x60004ad0       0x58 _Clavier.o
                0x60004ad0                TextPushButton257OnClick
 .text.hmi_OnTextPushButton257Click
                0x60004b28        0x4 _Clavier.o
                0x60004b28                hmi_OnTextPushButton257Click
 .text.TextPushButton258OnClick
                0x60004b2c       0x58 _Clavier.o
                0x60004b2c                TextPushButton258OnClick
 .text.hmi_OnTextPushButton258Click
                0x60004b84        0x4 _Clavier.o
                0x60004b84                hmi_OnTextPushButton258Click
 .text.TextPushButton262OnClick
                0x60004b88       0x58 _Clavier.o
                0x60004b88                TextPushButton262OnClick
 .text.hmi_OnTextPushButton262Click
                0x60004be0        0x4 _Clavier.o
                0x60004be0                hmi_OnTextPushButton262Click
 .text.TextPushButton261OnClick
                0x60004be4       0x58 _Clavier.o
                0x60004be4                TextPushButton261OnClick
 .text.hmi_OnTextPushButton261Click
                0x60004c3c        0x4 _Clavier.o
                0x60004c3c                hmi_OnTextPushButton261Click
 .text.TextPushButton265OnClick
                0x60004c40       0x58 _Clavier.o
                0x60004c40                TextPushButton265OnClick
 .text.hmi_OnTextPushButton265Click
                0x60004c98        0x4 _Clavier.o
                0x60004c98                hmi_OnTextPushButton265Click
 .text.Clavier44OnCreate
                0x60004c9c       0x28 _Clavier.o
                0x60004c9c                Clavier44OnCreate
 .text.Clavier44OnDestroy
                0x60004cc4       0x28 _Clavier.o
                0x60004cc4                Clavier44OnDestroy
 .text.renderClavier44Vector
                0x60004cec       0x1c _Clavier.o
                0x60004cec                renderClavier44Vector
 .text.OnClavier44Paint
                0x60004d08       0x30 _Clavier.o
                0x60004d08                OnClavier44Paint
 .text.hmi_InitFrameWidgets10
                0x60004d38      0x228 _Clavier.o
                0x60004d38                hmi_InitFrameWidgets10
 .text.hmi_FreeFrameWidgets10
                0x60004f60      0x1b4 _Clavier.o
                0x60004f60                hmi_FreeFrameWidgets10
 .text.hmi_Clavier
                0x60005114       0x1c _Clavier.o
                0x60005114                hmi_Clavier
 .text.hmi_OnSept16Release
                0x60005130        0x2 _PavetNum.o
                0x60005130                hmi_OnSept16Release
 .text.hmi_OnHuit17Release
                0x60005132        0x2 _PavetNum.o
                0x60005132                hmi_OnHuit17Release
 .text.hmi_OnNeuf18Release
                0x60005134        0x2 _PavetNum.o
                0x60005134                hmi_OnNeuf18Release
 .text.hmi_OnQuatre19Release
                0x60005136        0x2 _PavetNum.o
                0x60005136                hmi_OnQuatre19Release
 .text.hmi_OnCinq20Release
                0x60005138        0x2 _PavetNum.o
                0x60005138                hmi_OnCinq20Release
 .text.hmi_OnSix21Release
                0x6000513a        0x2 _PavetNum.o
                0x6000513a                hmi_OnSix21Release
 .text.hmi_OnUn22Release
                0x6000513c        0x2 _PavetNum.o
                0x6000513c                hmi_OnUn22Release
 .text.hmi_OnDeux23Release
                0x6000513e        0x2 _PavetNum.o
                0x6000513e                hmi_OnDeux23Release
 .text.hmi_OnTrois24Release
                0x60005140        0x2 _PavetNum.o
                0x60005140                hmi_OnTrois24Release
 .text.hmi_OnZero25Release
                0x60005142        0x2 _PavetNum.o
                0x60005142                hmi_OnZero25Release
 .text.hmi_OnPoint27Release
                0x60005144        0x2 _PavetNum.o
                0x60005144                hmi_OnPoint27Release
 .text.hmi_OnEntrer26Release
                0x60005146        0x2 _PavetNum.o
                0x60005146                hmi_OnEntrer26Release
 .text.hmi_OnSupprime28Release
                0x60005148        0x2 _PavetNum.o
                0x60005148                hmi_OnSupprime28Release
 .text.hmi_OnTimer132Execute
                0x6000514a        0x2 _PavetNum.o
                0x6000514a                hmi_OnTimer132Execute
 .text.OnPavetNum14Paint
                0x6000514c       0x28 _PavetNum.o
                0x6000514c                OnPavetNum14Paint
 .text.Zero25OnClick
                0x60005174       0x58 _PavetNum.o
                0x60005174                Zero25OnClick
 .text.hmi_OnZero25Click
                0x600051cc        0x4 _PavetNum.o
                0x600051cc                hmi_OnZero25Click
 .text.Un22OnClick
                0x600051d0       0x58 _PavetNum.o
                0x600051d0                Un22OnClick
 .text.hmi_OnUn22Click
                0x60005228        0x4 _PavetNum.o
                0x60005228                hmi_OnUn22Click
 .text.Deux23OnClick
                0x6000522c       0x58 _PavetNum.o
                0x6000522c                Deux23OnClick
 .text.hmi_OnDeux23Click
                0x60005284        0x4 _PavetNum.o
                0x60005284                hmi_OnDeux23Click
 .text.Trois24OnClick
                0x60005288       0x58 _PavetNum.o
                0x60005288                Trois24OnClick
 .text.hmi_OnTrois24Click
                0x600052e0        0x4 _PavetNum.o
                0x600052e0                hmi_OnTrois24Click
 .text.Quatre19OnClick
                0x600052e4       0x58 _PavetNum.o
                0x600052e4                Quatre19OnClick
 .text.hmi_OnQuatre19Click
                0x6000533c        0x4 _PavetNum.o
                0x6000533c                hmi_OnQuatre19Click
 .text.Cinq20OnClick
                0x60005340       0x58 _PavetNum.o
                0x60005340                Cinq20OnClick
 .text.hmi_OnCinq20Click
                0x60005398        0x4 _PavetNum.o
                0x60005398                hmi_OnCinq20Click
 .text.Six21OnClick
                0x6000539c       0x58 _PavetNum.o
                0x6000539c                Six21OnClick
 .text.hmi_OnSix21Click
                0x600053f4        0x4 _PavetNum.o
                0x600053f4                hmi_OnSix21Click
 .text.Sept16OnClick
                0x600053f8       0x58 _PavetNum.o
                0x600053f8                Sept16OnClick
 .text.hmi_OnSept16Click
                0x60005450        0x4 _PavetNum.o
                0x60005450                hmi_OnSept16Click
 .text.Huit17OnClick
                0x60005454       0x58 _PavetNum.o
                0x60005454                Huit17OnClick
 .text.hmi_OnHuit17Click
                0x600054ac        0x4 _PavetNum.o
                0x600054ac                hmi_OnHuit17Click
 .text.Neuf18OnClick
                0x600054b0       0x58 _PavetNum.o
                0x600054b0                Neuf18OnClick
 .text.hmi_OnNeuf18Click
                0x60005508        0x4 _PavetNum.o
                0x60005508                hmi_OnNeuf18Click
 .text.Supprime28OnClick
                0x6000550c       0x28 _PavetNum.o
                0x6000550c                Supprime28OnClick
 .text.hmi_OnSupprime28Click
                0x60005534        0x4 _PavetNum.o
                0x60005534                hmi_OnSupprime28Click
 .text.Entrer26OnClick
                0x60005538      0x104 _PavetNum.o
                0x60005538                Entrer26OnClick
 .text.hmi_OnEntrer26Click
                0x6000563c        0x4 _PavetNum.o
                0x6000563c                hmi_OnEntrer26Click
 .text.PavetNum14OnCreate
                0x60005640       0x44 _PavetNum.o
                0x60005640                PavetNum14OnCreate
 .text.PavetNum14OnDestroy
                0x60005684       0x28 _PavetNum.o
                0x60005684                PavetNum14OnDestroy
 .text.Point27OnClick
                0x600056ac       0x58 _PavetNum.o
                0x600056ac                Point27OnClick
 .text.hmi_OnPoint27Click
                0x60005704        0x4 _PavetNum.o
                0x60005704                hmi_OnPoint27Click
 .text.hmi_InitFrameWidgets11
                0x60005708       0xf0 _PavetNum.o
                0x60005708                hmi_InitFrameWidgets11
 .text.hmi_FreeFrameWidgets11
                0x600057f8       0xb0 _PavetNum.o
                0x600057f8                hmi_FreeFrameWidgets11
 .text.hmi_PavetNum
                0x600058a8       0x1c _PavetNum.o
                0x600058a8                hmi_PavetNum
 .text.var_table_init
                0x600058c4       0x44 _dict.o
                0x600058c4                var_table_init
 .text.__var_count
                0x60005908        0x4 _dict.o
                0x60005908                __var_count
 .text.passDataThruBindingOnChange
                0x6000590c        0x2 _dict.o
                0x6000590c                passDataThruBindingOnChange
 .text.ladder_main
                0x6000590e        0xa ladder.o
                0x6000590e                ladder_main
 .text.ladder_test_ldx
                0x60005918        0x4 ladder_test_ldx.o
                0x60005918                ladder_test_ldx
 .text.NmiSR    0x6000591c        0x2 c:/ICPDAS/HMIWorks_Standard/lib/VPD-133/startup_gcc.o
 .text.FaultISR
                0x6000591e        0x2 c:/ICPDAS/HMIWorks_Standard/lib/VPD-133/startup_gcc.o
 .text.IntDefaultHandler
                0x60005920        0x2 c:/ICPDAS/HMIWorks_Standard/lib/VPD-133/startup_gcc.o
 *fill*         0x60005922        0x2 
 .text.ResetISR
                0x60005924       0x44 c:/ICPDAS/HMIWorks_Standard/lib/VPD-133/startup_gcc.o
                0x60005924                ResetISR
 .text.hmi_FillRect
                0x60005968       0x28 c:/ICPDAS/HMIWorks_Standard/lib/commonlo.a(hmi.o)
                0x60005968                hmi_FillRect
 .text.hmi_SetForeground
                0x60005990       0x10 c:/ICPDAS/HMIWorks_Standard/lib/commonlo.a(hmi.o)
                0x60005990                hmi_SetForeground
 .text.FloatToStr
                0x600059a0       0xa4 c:/ICPDAS/HMIWorks_Standard/lib/commonlo.a(hmi_util.o)
                0x600059a0                FloatToStr
 .text.default_output
                0x60005a44       0x48 c:/ICPDAS/HMIWorks_Standard/lib/commonlo.a(ladder2c.o)
                0x60005a44                default_output
 .text.default_input
                0x60005a8c       0x44 c:/ICPDAS/HMIWorks_Standard/lib/commonlo.a(ladder2c.o)
                0x60005a8c                default_input
 .text.var_get  0x60005ad0       0x1c c:/ICPDAS/HMIWorks_Standard/lib/commonlo.a(pvar.o)
                0x60005ad0                var_get
 .text.var_set  0x60005aec       0x26 c:/ICPDAS/HMIWorks_Standard/lib/commonlo.a(pvar.o)
                0x60005aec                var_set
 .text.var_display
                0x60005b12        0xa c:/ICPDAS/HMIWorks_Standard/lib/commonlo.a(pvar.o)
                0x60005b12                var_display
 .text.var_is_dirty
                0x60005b1c        0x4 c:/ICPDAS/HMIWorks_Standard/lib/commonlo.a(pvar.o)
                0x60005b1c                var_is_dirty
 .text.var_set_write_data
                0x60005b20       0x2e c:/ICPDAS/HMIWorks_Standard/lib/commonlo.a(pvar.o)
                0x60005b20                var_set_write_data
 .text.TimerMsgProc
                0x60005b4e       0x2e c:/ICPDAS/HMIWorks_Standard/lib/commonlo.a(timer.o)
                0x60005b4e                TimerMsgProc
 .text.TimerEnabledSet
                0x60005b7c       0x20 c:/ICPDAS/HMIWorks_Standard/lib/commonlo.a(timer.o)
                0x60005b7c                TimerEnabledSet
 .text.TimerUpdate
                0x60005b9c       0x44 c:/ICPDAS/HMIWorks_Standard/lib/commonlo.a(timer.o)
                0x60005b9c                TimerUpdate
 .text.TimerIntervalSet
                0x60005be0        0x8 c:/ICPDAS/HMIWorks_Standard/lib/commonlo.a(timer.o)
                0x60005be0                TimerIntervalSet
 .text.ustrncpy
                0x60005be8       0x2e c:/ICPDAS/HMIWorks_Standard/lib/commonlo.a(ustdlib.o)
                0x60005be8                ustrncpy
 *fill*         0x60005c16        0x2 
 .text.uvsnprintf
                0x60005c18      0x248 c:/ICPDAS/HMIWorks_Standard/lib/commonlo.a(ustdlib.o)
                0x60005c18                uvsnprintf
 .text.usprintf
                0x60005e60       0x1e c:/ICPDAS/HMIWorks_Standard/lib/commonlo.a(ustdlib.o)
                0x60005e60                usprintf
 *fill*         0x60005e7e        0x2 
 .text.hmi_Widget_Init
                0x60005e80       0xa4 c:/ICPDAS/HMIWorks_Standard/lib/commonlo.a(widget_init.o)
                0x60005e80                hmi_Widget_Init
 .text.CanvasMsgProc
                0x60005f24      0x1dc c:/ICPDAS/HMIWorks_Standard/lib/libgr.a(canvas.o)
                0x60005f24                CanvasMsgProc
 .text.CheckBoxPaint
                0x60006100      0x294 c:/ICPDAS/HMIWorks_Standard/lib/libgr.a(checkbox.o)
                0x60006100                CheckBoxPaint
 .text.CheckBoxMsgProc
                0x60006394       0xc4 c:/ICPDAS/HMIWorks_Standard/lib/libgr.a(checkbox.o)
                0x60006394                CheckBoxMsgProc
 .text.GrContextInit
                0x60006458       0x20 c:/ICPDAS/HMIWorks_Standard/lib/libgr.a(context.o)
                0x60006458                GrContextInit
 .text.GrContextClipRegionSet
                0x60006478       0x6a c:/ICPDAS/HMIWorks_Standard/lib/libgr.a(context.o)
                0x60006478                GrContextClipRegionSet
 .text.PixelTransparentDraw.isra.0
                0x600064e2      0x2d4 c:/ICPDAS/HMIWorks_Standard/lib/libgr.a(image.o)
 *fill*         0x600067b6        0x2 
 .text.GrInternalImageDraw.isra.1
                0x600067b8      0x488 c:/ICPDAS/HMIWorks_Standard/lib/libgr.a(image.o)
 .text._GrImageDraw
                0x60006c40        0xe c:/ICPDAS/HMIWorks_Standard/lib/libgr.a(image.o)
                0x60006c40                _GrImageDraw
 .text.GrClipCodeGet
                0x60006c4e       0x36 c:/ICPDAS/HMIWorks_Standard/lib/libgr.a(line.o)
 .text.GrLineDrawH
                0x60006c84       0x48 c:/ICPDAS/HMIWorks_Standard/lib/libgr.a(line.o)
                0x60006c84                GrLineDrawH
 .text.GrLineDrawV
                0x60006ccc       0x48 c:/ICPDAS/HMIWorks_Standard/lib/libgr.a(line.o)
                0x60006ccc                GrLineDrawV
 .text.GrLineDraw
                0x60006d14      0x174 c:/ICPDAS/HMIWorks_Standard/lib/libgr.a(line.o)
                0x60006d14                GrLineDraw
 .text.RectangularButtonPaint
                0x60006e88      0x228 c:/ICPDAS/HMIWorks_Standard/lib/libgr.a(pushbutton.o)
 .text.RectangularButtonMsgProc
                0x600070b0      0x108 c:/ICPDAS/HMIWorks_Standard/lib/libgr.a(pushbutton.o)
                0x600070b0                RectangularButtonMsgProc
 .text._GrRectFill
                0x600071b8       0xa6 c:/ICPDAS/HMIWorks_Standard/lib/libgr.a(rectangle.o)
                0x600071b8                _GrRectFill
 .text.GrRectDraw
                0x6000725e       0x66 c:/ICPDAS/HMIWorks_Standard/lib/libgr.a(rectangle.o)
                0x6000725e                GrRectDraw
 .text.GrStringWidthGet
                0x600072c4       0x6e c:/ICPDAS/HMIWorks_Standard/lib/libgr.a(string.o)
                0x600072c4                GrStringWidthGet
 .text.GrStringDraw
                0x60007332      0x2da c:/ICPDAS/HMIWorks_Standard/lib/libgr.a(string.o)
                0x60007332                GrStringDraw
 .text.RAM_RegisterNullWidgetMsgProc
                0x6000760c        0xc c:/ICPDAS/HMIWorks_Standard/lib/libgr.a(widget.o)
                0x6000760c                RAM_RegisterNullWidgetMsgProc
 .text.RAM_WidgetMutexInit
                0x60007618        0x6 c:/ICPDAS/HMIWorks_Standard/lib/libgr.a(widget.o)
                0x60007618                RAM_WidgetMutexInit
 .text.RAM_WidgetMutexGet
                0x6000761e       0x14 c:/ICPDAS/HMIWorks_Standard/lib/libgr.a(widget.o)
                0x6000761e                RAM_WidgetMutexGet
 .text.RAM_WidgetMutexPut
                0x60007632        0x6 c:/ICPDAS/HMIWorks_Standard/lib/libgr.a(widget.o)
                0x60007632                RAM_WidgetMutexPut
 .text.WidgetIsInTree
                0x60007638       0x28 c:/ICPDAS/HMIWorks_Standard/lib/libgr.a(widget.o)
 .text.WidgetDefaultMsgProc
                0x60007660        0x4 c:/ICPDAS/HMIWorks_Standard/lib/libgr.a(widget.o)
                0x60007660                WidgetDefaultMsgProc
 .text.RAM_WidgetAdd
                0x60007664       0x1e c:/ICPDAS/HMIWorks_Standard/lib/libgr.a(widget.o)
                0x60007664                RAM_WidgetAdd
 *fill*         0x60007682        0x2 
 .text.RAM_hmi_TurnTouchBeep
                0x60007684        0xc c:/ICPDAS/HMIWorks_Standard/lib/libgr.a(widget.o)
                0x60007684                RAM_hmi_TurnTouchBeep
 .text.RAM_WidgetMessageQueueProcess
                0x60007690       0x7c c:/ICPDAS/HMIWorks_Standard/lib/libgr.a(widget.o)
                0x60007690                RAM_WidgetMessageQueueProcess
 .text.RAM_WidgetMessageQueueProcessEx
                0x6000770c       0x68 c:/ICPDAS/HMIWorks_Standard/lib/libgr.a(widget.o)
                0x6000770c                RAM_WidgetMessageQueueProcessEx
 .text.RAM_WidgetMessageQueueClear
                0x60007774       0x14 c:/ICPDAS/HMIWorks_Standard/lib/libgr.a(widget.o)
                0x60007774                RAM_WidgetMessageQueueClear
 .text.RAM_WidgetPointerMessage
                0x60007788       0x28 c:/ICPDAS/HMIWorks_Standard/lib/libgr.a(widget.o)
                0x60007788                RAM_WidgetPointerMessage
 .text.RAM_WidgetRemove
                0x600077b0       0x4c c:/ICPDAS/HMIWorks_Standard/lib/libgr.a(widget.o)
                0x600077b0                RAM_WidgetRemove
 .text.RAM_WidgetMessageSendPreOrder
                0x600077fc       0x7c c:/ICPDAS/HMIWorks_Standard/lib/libgr.a(widget.o)
                0x600077fc                RAM_WidgetMessageSendPreOrder
 .text.RAM_WidgetMessageQueueAdd
                0x60007878       0xf8 c:/ICPDAS/HMIWorks_Standard/lib/libgr.a(widget.o)
                0x60007878                RAM_WidgetMessageQueueAdd
 .text.RAM_WidgetMessageSendPostOrder
                0x60007970       0xb8 c:/ICPDAS/HMIWorks_Standard/lib/libgr.a(widget.o)
                0x60007970                RAM_WidgetMessageSendPostOrder
 .text.hmi_grlib_init
                0x60007a28        0x4 c:/ICPDAS/HMIWorks_Standard/lib/libgr.a(hmi_grlib.o)
                0x60007a28                hmi_grlib_init
 .text.hmi_Display_Init
                0x60007a2c       0xd4 c:/ICPDAS/HMIWorks_Standard/lib/VPD-133.a(hmi_Init.o)
                0x60007a2c                hmi_Display_Init
 .text.hmi_Init
                0x60007b00       0x80 c:/ICPDAS/HMIWorks_Standard/lib/VPD-133.a(hmi_Init.o)
                0x60007b00                hmi_Init
 .text.hmi_DelayUS
                0x60007b80       0x16 c:/ICPDAS/HMIWorks_Standard/lib/VPD-133.a(hmi_Init.o)
                0x60007b80                hmi_DelayUS
 *fill*         0x60007b96        0x2 
 .text.hmi_BacklightSet
                0x60007b98       0x18 c:/ICPDAS/HMIWorks_Standard/lib/VPD-133.a(hmi_Init.o)
                0x60007b98                hmi_BacklightSet
 .text.hmi_UserFlashConfig
                0x60007bb0       0x16 c:/ICPDAS/HMIWorks_Standard/lib/VPD-133.a(hmi_Init.o)
                0x60007bb0                hmi_UserFlashConfig
 *fill*         0x60007bc6        0x2 
 .text.hmi_MACAddrInit
                0x60007bc8       0x40 c:/ICPDAS/HMIWorks_Standard/lib/VPD-133.a(hmi_Init.o)
                0x60007bc8                hmi_MACAddrInit
 .text.hmi_tcp_init
                0x60007c08      0x100 c:/ICPDAS/HMIWorks_Standard/lib/VPD-133.a(hmi_tcp.o)
                0x60007c08                hmi_tcp_init
 .text.hmi_uart_Init
                0x60007d08       0xc8 c:/ICPDAS/HMIWorks_Standard/lib/VPD-133.a(hmi_uart.o)
                0x60007d08                hmi_uart_Init
 .text.hmi_dcon_io_Init
                0x60007dd0      0x11c c:/ICPDAS/HMIWorks_Standard/lib/VPD-133.a(dcon_io.o)
                0x60007dd0                hmi_dcon_io_Init
 .text.hmi_ShowPanelLed
                0x60007eec       0x16 c:/ICPDAS/HMIWorks_Standard/lib/VPD-133.a(vpanel.o)
                0x60007eec                hmi_ShowPanelLed
 .text.hmi_ReadPanelKey
                0x60007f02       0x16 c:/ICPDAS/HMIWorks_Standard/lib/VPD-133.a(vpanel.o)
                0x60007f02                hmi_ReadPanelKey
 .text.hmi_Beep
                0x60007f18       0x18 c:/ICPDAS/HMIWorks_Standard/lib/VPD-133.a(beep.o)
                0x60007f18                hmi_Beep
 .text.hmi_mbrtu_init
                0x60007f30       0x74 c:/ICPDAS/HMIWorks_Standard/lib/VPD-133.a(mbrtu.o)
                0x60007f30                hmi_mbrtu_init
 .text.mbtcp_init
                0x60007fa4       0x80 c:/ICPDAS/HMIWorks_Standard/lib/VPD-133.a(mbtcp.o)
                0x60007fa4                mbtcp_init
 .text.FlashUserGet
                0x60008024       0x40 c:/ICPDAS/HMIWorks_Standard/lib/libdriver.a(flash.o)
                0x60008024                FlashUserGet
 .text.atoi     0x60008064        0x8 c:/icpdas/hmiworks_standard/gcc/bin/../lib/gcc/arm-none-eabi/4.8.3/../../../../arm-none-eabi/lib/armv7-m/libc.a(lib_a-atoi.o)
                0x60008064                atoi
 .text.malloc   0x6000806c       0x10 c:/icpdas/hmiworks_standard/gcc/bin/../lib/gcc/arm-none-eabi/4.8.3/../../../../arm-none-eabi/lib/armv7-m/libc.a(lib_a-malloc.o)
                0x6000806c                malloc
 .text.free     0x6000807c       0x10 c:/icpdas/hmiworks_standard/gcc/bin/../lib/gcc/arm-none-eabi/4.8.3/../../../../arm-none-eabi/lib/armv7-m/libc.a(lib_a-malloc.o)
                0x6000807c                free
 .text._malloc_r
                0x6000808c      0x538 c:/icpdas/hmiworks_standard/gcc/bin/../lib/gcc/arm-none-eabi/4.8.3/../../../../arm-none-eabi/lib/armv7-m/libc.a(lib_a-mallocr.o)
                0x6000808c                _malloc_r
 .text          0x600085c4       0xec c:/icpdas/hmiworks_standard/gcc/bin/../lib/gcc/arm-none-eabi/4.8.3/../../../../arm-none-eabi/lib/armv7-m/libc.a(lib_a-memcpy.o)
                0x600085c4                memcpy
 .text.memset   0x600086b0       0x94 c:/icpdas/hmiworks_standard/gcc/bin/../lib/gcc/arm-none-eabi/4.8.3/../../../../arm-none-eabi/lib/armv7-m/libc.a(lib_a-memset.o)
                0x600086b0                memset
 .text.__malloc_lock
                0x60008744        0x4 c:/icpdas/hmiworks_standard/gcc/bin/../lib/gcc/arm-none-eabi/4.8.3/../../../../arm-none-eabi/lib/armv7-m/libc.a(lib_a-mlock.o)
                0x60008744                __malloc_lock
 .text.__malloc_unlock
                0x60008748        0x4 c:/icpdas/hmiworks_standard/gcc/bin/../lib/gcc/arm-none-eabi/4.8.3/../../../../arm-none-eabi/lib/armv7-m/libc.a(lib_a-mlock.o)
                0x60008748                __malloc_unlock
 .text.sprintf  0x6000874c       0x4c c:/icpdas/hmiworks_standard/gcc/bin/../lib/gcc/arm-none-eabi/4.8.3/../../../../arm-none-eabi/lib/armv7-m/libc.a(lib_a-sprintf.o)
                0x6000874c                sprintf
 .text.strcat   0x60008798       0x4c c:/icpdas/hmiworks_standard/gcc/bin/../lib/gcc/arm-none-eabi/4.8.3/../../../../arm-none-eabi/lib/armv7-m/libc.a(lib_a-strcat.o)
                0x60008798                strcat
 .text          0x600087e4      0x23c c:/icpdas/hmiworks_standard/gcc/bin/../lib/gcc/arm-none-eabi/4.8.3/../../../../arm-none-eabi/lib/armv7-m/libc.a(lib_a-strcmp.o)
                0x600087e4                strcmp
 .text.strcpy   0x60008a20       0xbc c:/icpdas/hmiworks_standard/gcc/bin/../lib/gcc/arm-none-eabi/4.8.3/../../../../arm-none-eabi/lib/armv7-m/libc.a(lib_a-strcpy.o)
                0x60008a20                strcpy
 .text.strlen   0x60008adc       0x60 c:/icpdas/hmiworks_standard/gcc/bin/../lib/gcc/arm-none-eabi/4.8.3/../../../../arm-none-eabi/lib/armv7-m/libc.a(lib_a-strlen.o)
                0x60008adc                strlen
 .text.strncpy  0x60008b3c       0x64 c:/icpdas/hmiworks_standard/gcc/bin/../lib/gcc/arm-none-eabi/4.8.3/../../../../arm-none-eabi/lib/armv7-m/libc.a(lib_a-strncpy.o)
                0x60008b3c                strncpy
 .text.sulp     0x60008ba0       0x40 c:/icpdas/hmiworks_standard/gcc/bin/../lib/gcc/arm-none-eabi/4.8.3/../../../../arm-none-eabi/lib/armv7-m/libc.a(lib_a-strtod.o)
 .text._strtod_r
                0x60008be0      0xf48 c:/icpdas/hmiworks_standard/gcc/bin/../lib/gcc/arm-none-eabi/4.8.3/../../../../arm-none-eabi/lib/armv7-m/libc.a(lib_a-strtod.o)
                0x60008be0                _strtod_r
 .text.strtof   0x60009b28       0x30 c:/icpdas/hmiworks_standard/gcc/bin/../lib/gcc/arm-none-eabi/4.8.3/../../../../arm-none-eabi/lib/armv7-m/libc.a(lib_a-strtod.o)
                0x60009b28                strtof
 .text._strtol_r
                0x60009b58      0x114 c:/icpdas/hmiworks_standard/gcc/bin/../lib/gcc/arm-none-eabi/4.8.3/../../../../arm-none-eabi/lib/armv7-m/libc.a(lib_a-strtol.o)
                0x60009b58                _strtol_r
 .text.strtol   0x60009c6c       0x18 c:/icpdas/hmiworks_standard/gcc/bin/../lib/gcc/arm-none-eabi/4.8.3/../../../../arm-none-eabi/lib/armv7-m/libc.a(lib_a-strtol.o)
                0x60009c6c                strtol
 .text._svfprintf_r
                0x60009c84     0x14e0 c:/icpdas/hmiworks_standard/gcc/bin/../lib/gcc/arm-none-eabi/4.8.3/../../../../arm-none-eabi/lib/armv7-m/libc.a(lib_a-svfprintf.o)
                0x60009c84                _svfprintf_r
 .text._sbrk    0x6000b164       0x3c c:/icpdas/hmiworks_standard/gcc/bin/../lib/gcc/arm-none-eabi/4.8.3/../../../../arm-none-eabi/lib/armv7-m/libc.a(tpd_syscalls.o)
                0x6000b164                _sbrk
 .text._sbrk_r  0x6000b1a0        0x6 c:/icpdas/hmiworks_standard/gcc/bin/../lib/gcc/arm-none-eabi/4.8.3/../../../../arm-none-eabi/lib/armv7-m/libc.a(tpd_syscalls.o)
                0x6000b1a0                _sbrk_r
 *fill*         0x6000b1a6        0x2 
 .text.quorem   0x6000b1a8      0x134 c:/icpdas/hmiworks_standard/gcc/bin/../lib/gcc/arm-none-eabi/4.8.3/../../../../arm-none-eabi/lib/armv7-m/libc.a(lib_a-dtoa.o)
 *fill*         0x6000b2dc        0x4 
 .text._dtoa_r  0x6000b2e0      0xe38 c:/icpdas/hmiworks_standard/gcc/bin/../lib/gcc/arm-none-eabi/4.8.3/../../../../arm-none-eabi/lib/armv7-m/libc.a(lib_a-dtoa.o)
                0x6000b2e0                _dtoa_r
 .text._malloc_trim_r
                0x6000c118       0x9c c:/icpdas/hmiworks_standard/gcc/bin/../lib/gcc/arm-none-eabi/4.8.3/../../../../arm-none-eabi/lib/armv7-m/libc.a(lib_a-freer.o)
                0x6000c118                _malloc_trim_r
 .text._free_r  0x6000c1b4      0x198 c:/icpdas/hmiworks_standard/gcc/bin/../lib/gcc/arm-none-eabi/4.8.3/../../../../arm-none-eabi/lib/armv7-m/libc.a(lib_a-freer.o)
                0x6000c1b4                _free_r
 .text.rshift   0x6000c34c       0xa0 c:/icpdas/hmiworks_standard/gcc/bin/../lib/gcc/arm-none-eabi/4.8.3/../../../../arm-none-eabi/lib/armv7-m/libc.a(lib_a-gdtoa-gethex.o)
 .text.__gethex
                0x6000c3ec      0x538 c:/icpdas/hmiworks_standard/gcc/bin/../lib/gcc/arm-none-eabi/4.8.3/../../../../arm-none-eabi/lib/armv7-m/libc.a(lib_a-gdtoa-gethex.o)
                0x6000c3ec                __gethex
 .text.__hexnan
                0x6000c924      0x194 c:/icpdas/hmiworks_standard/gcc/bin/../lib/gcc/arm-none-eabi/4.8.3/../../../../arm-none-eabi/lib/armv7-m/libc.a(lib_a-gdtoa-hexnan.o)
                0x6000c924                __hexnan
 .text._localeconv_r
                0x6000cab8        0x8 c:/icpdas/hmiworks_standard/gcc/bin/../lib/gcc/arm-none-eabi/4.8.3/../../../../arm-none-eabi/lib/armv7-m/libc.a(lib_a-locale.o)
                0x6000cab8                _localeconv_r
 .text.memchr   0x6000cac0       0x94 c:/icpdas/hmiworks_standard/gcc/bin/../lib/gcc/arm-none-eabi/4.8.3/../../../../arm-none-eabi/lib/armv7-m/libc.a(lib_a-memchr-stub.o)
                0x6000cac0                memchr
 .text._Balloc  0x6000cb54       0x4c c:/icpdas/hmiworks_standard/gcc/bin/../lib/gcc/arm-none-eabi/4.8.3/../../../../arm-none-eabi/lib/armv7-m/libc.a(lib_a-mprec.o)
                0x6000cb54                _Balloc
 .text._Bfree   0x6000cba0       0x14 c:/icpdas/hmiworks_standard/gcc/bin/../lib/gcc/arm-none-eabi/4.8.3/../../../../arm-none-eabi/lib/armv7-m/libc.a(lib_a-mprec.o)
                0x6000cba0                _Bfree
 .text.__multadd
                0x6000cbb4       0x94 c:/icpdas/hmiworks_standard/gcc/bin/../lib/gcc/arm-none-eabi/4.8.3/../../../../arm-none-eabi/lib/armv7-m/libc.a(lib_a-mprec.o)
                0x6000cbb4                __multadd
 .text.__s2b    0x6000cc48       0x98 c:/icpdas/hmiworks_standard/gcc/bin/../lib/gcc/arm-none-eabi/4.8.3/../../../../arm-none-eabi/lib/armv7-m/libc.a(lib_a-mprec.o)
                0x6000cc48                __s2b
 .text.__hi0bits
                0x6000cce0       0x40 c:/icpdas/hmiworks_standard/gcc/bin/../lib/gcc/arm-none-eabi/4.8.3/../../../../arm-none-eabi/lib/armv7-m/libc.a(lib_a-mprec.o)
                0x6000cce0                __hi0bits
 .text.__lo0bits
                0x6000cd20       0x5c c:/icpdas/hmiworks_standard/gcc/bin/../lib/gcc/arm-none-eabi/4.8.3/../../../../arm-none-eabi/lib/armv7-m/libc.a(lib_a-mprec.o)
                0x6000cd20                __lo0bits
 .text.__i2b    0x6000cd7c       0x14 c:/icpdas/hmiworks_standard/gcc/bin/../lib/gcc/arm-none-eabi/4.8.3/../../../../arm-none-eabi/lib/armv7-m/libc.a(lib_a-mprec.o)
                0x6000cd7c                __i2b
 .text.__multiply
                0x6000cd90      0x13c c:/icpdas/hmiworks_standard/gcc/bin/../lib/gcc/arm-none-eabi/4.8.3/../../../../arm-none-eabi/lib/armv7-m/libc.a(lib_a-mprec.o)
                0x6000cd90                __multiply
 .text.__pow5mult
                0x6000cecc       0x9c c:/icpdas/hmiworks_standard/gcc/bin/../lib/gcc/arm-none-eabi/4.8.3/../../../../arm-none-eabi/lib/armv7-m/libc.a(lib_a-mprec.o)
                0x6000cecc                __pow5mult
 .text.__lshift
                0x6000cf68       0xbc c:/icpdas/hmiworks_standard/gcc/bin/../lib/gcc/arm-none-eabi/4.8.3/../../../../arm-none-eabi/lib/armv7-m/libc.a(lib_a-mprec.o)
                0x6000cf68                __lshift
 .text.__mcmp   0x6000d024       0x48 c:/icpdas/hmiworks_standard/gcc/bin/../lib/gcc/arm-none-eabi/4.8.3/../../../../arm-none-eabi/lib/armv7-m/libc.a(lib_a-mprec.o)
                0x6000d024                __mcmp
 .text.__mdiff  0x6000d06c       0xd8 c:/icpdas/hmiworks_standard/gcc/bin/../lib/gcc/arm-none-eabi/4.8.3/../../../../arm-none-eabi/lib/armv7-m/libc.a(lib_a-mprec.o)
                0x6000d06c                __mdiff
 .text.__ulp    0x6000d144       0x40 c:/icpdas/hmiworks_standard/gcc/bin/../lib/gcc/arm-none-eabi/4.8.3/../../../../arm-none-eabi/lib/armv7-m/libc.a(lib_a-mprec.o)
                0x6000d144                __ulp
 .text.__b2d    0x6000d184       0xb8 c:/icpdas/hmiworks_standard/gcc/bin/../lib/gcc/arm-none-eabi/4.8.3/../../../../arm-none-eabi/lib/armv7-m/libc.a(lib_a-mprec.o)
                0x6000d184                __b2d
 .text.__d2b    0x6000d23c       0xbc c:/icpdas/hmiworks_standard/gcc/bin/../lib/gcc/arm-none-eabi/4.8.3/../../../../arm-none-eabi/lib/armv7-m/libc.a(lib_a-mprec.o)
                0x6000d23c                __d2b
 .text.__ratio  0x6000d2f8       0x50 c:/icpdas/hmiworks_standard/gcc/bin/../lib/gcc/arm-none-eabi/4.8.3/../../../../arm-none-eabi/lib/armv7-m/libc.a(lib_a-mprec.o)
                0x6000d2f8                __ratio
 .text.__copybits
                0x6000d348       0x48 c:/icpdas/hmiworks_standard/gcc/bin/../lib/gcc/arm-none-eabi/4.8.3/../../../../arm-none-eabi/lib/armv7-m/libc.a(lib_a-mprec.o)
                0x6000d348                __copybits
 .text.__any_on
                0x6000d390       0x60 c:/icpdas/hmiworks_standard/gcc/bin/../lib/gcc/arm-none-eabi/4.8.3/../../../../arm-none-eabi/lib/armv7-m/libc.a(lib_a-mprec.o)
                0x6000d390                __any_on
 .text.__fpclassifyd
                0x6000d3f0       0x50 c:/icpdas/hmiworks_standard/gcc/bin/../lib/gcc/arm-none-eabi/4.8.3/../../../../arm-none-eabi/lib/armv7-m/libc.a(lib_a-s_fpclassify.o)
                0x6000d3f0                __fpclassifyd
 .text.nanf     0x6000d440        0x8 c:/icpdas/hmiworks_standard/gcc/bin/../lib/gcc/arm-none-eabi/4.8.3/../../../../arm-none-eabi/lib/armv7-m/libc.a(lib_a-sf_nan.o)
                0x6000d440                nanf
 .text.strncmp  0x6000d448       0xb4 c:/icpdas/hmiworks_standard/gcc/bin/../lib/gcc/arm-none-eabi/4.8.3/../../../../arm-none-eabi/lib/armv7-m/libc.a(lib_a-strncmp.o)
                0x6000d448                strncmp
 .text.__ssprint_r
                0x6000d4fc      0x100 c:/icpdas/hmiworks_standard/gcc/bin/../lib/gcc/arm-none-eabi/4.8.3/../../../../arm-none-eabi/lib/armv7-m/libc.a(lib_a-svfiprintf.o)
                0x6000d4fc                __ssprint_r
 .text._calloc_r
                0x6000d5fc       0x60 c:/icpdas/hmiworks_standard/gcc/bin/../lib/gcc/arm-none-eabi/4.8.3/../../../../arm-none-eabi/lib/armv7-m/libc.a(lib_a-callocr.o)
                0x6000d5fc                _calloc_r
 .text.memmove  0x6000d65c       0xcc c:/icpdas/hmiworks_standard/gcc/bin/../lib/gcc/arm-none-eabi/4.8.3/../../../../arm-none-eabi/lib/armv7-m/libc.a(lib_a-memmove.o)
                0x6000d65c                memmove
 .text._realloc_r
                0x6000d728      0x3c0 c:/icpdas/hmiworks_standard/gcc/bin/../lib/gcc/arm-none-eabi/4.8.3/../../../../arm-none-eabi/lib/armv7-m/libc.a(lib_a-reallocr.o)
                0x6000d728                _realloc_r
 .text          0x6000dae8      0x370 c:/icpdas/hmiworks_standard/gcc/bin/../lib/gcc/arm-none-eabi/4.8.3/armv7-m/libgcc.a(_arm_addsubdf3.o)
                0x6000dae8                __aeabi_drsub
                0x6000daf0                __aeabi_dsub
                0x6000daf0                __subdf3
                0x6000daf4                __aeabi_dadd
                0x6000daf4                __adddf3
                0x6000dd6c                __floatunsidf
                0x6000dd6c                __aeabi_ui2d
                0x6000dd8c                __floatsidf
                0x6000dd8c                __aeabi_i2d
                0x6000ddb0                __aeabi_f2d
                0x6000ddb0                __extendsfdf2
                0x6000ddec                __floatundidf
                0x6000ddec                __aeabi_ul2d
                0x6000ddfc                __floatdidf
                0x6000ddfc                __aeabi_l2d
 .text          0x6000de58      0x424 c:/icpdas/hmiworks_standard/gcc/bin/../lib/gcc/arm-none-eabi/4.8.3/armv7-m/libgcc.a(_arm_muldivdf3.o)
                0x6000de58                __aeabi_dmul
                0x6000de58                __muldf3
                0x6000e0ac                __divdf3
                0x6000e0ac                __aeabi_ddiv
 .text          0x6000e27c      0x110 c:/icpdas/hmiworks_standard/gcc/bin/../lib/gcc/arm-none-eabi/4.8.3/armv7-m/libgcc.a(_arm_cmpdf2.o)
                0x6000e27c                __gtdf2
                0x6000e27c                __gedf2
                0x6000e284                __ltdf2
                0x6000e284                __ledf2
                0x6000e28c                __nedf2
                0x6000e28c                __eqdf2
                0x6000e28c                __cmpdf2
                0x6000e308                __aeabi_cdrcmple
                0x6000e318                __aeabi_cdcmpeq
                0x6000e318                __aeabi_cdcmple
                0x6000e328                __aeabi_dcmpeq
                0x6000e33c                __aeabi_dcmplt
                0x6000e350                __aeabi_dcmple
                0x6000e364                __aeabi_dcmpge
                0x6000e378                __aeabi_dcmpgt
 .text          0x6000e38c       0x50 c:/icpdas/hmiworks_standard/gcc/bin/../lib/gcc/arm-none-eabi/4.8.3/armv7-m/libgcc.a(_arm_fixdfsi.o)
                0x6000e38c                __aeabi_d2iz
                0x6000e38c                __fixdfsi
 .text          0x6000e3dc       0x40 c:/icpdas/hmiworks_standard/gcc/bin/../lib/gcc/arm-none-eabi/4.8.3/armv7-m/libgcc.a(_arm_fixunsdfsi.o)
                0x6000e3dc                __aeabi_d2uiz
                0x6000e3dc                __fixunsdfsi
 .text          0x6000e41c       0xa0 c:/icpdas/hmiworks_standard/gcc/bin/../lib/gcc/arm-none-eabi/4.8.3/armv7-m/libgcc.a(_arm_truncdfsf2.o)
                0x6000e41c                __truncdfsf2
                0x6000e41c                __aeabi_d2f
 .text          0x6000e4bc      0x21c c:/icpdas/hmiworks_standard/gcc/bin/../lib/gcc/arm-none-eabi/4.8.3/armv7-m/libgcc.a(_arm_addsubsf3.o)
                0x6000e4bc                __aeabi_frsub
                0x6000e4c4                __subsf3
                0x6000e4c4                __aeabi_fsub
                0x6000e4c8                __aeabi_fadd
                0x6000e4c8                __addsf3
                0x6000e628                __aeabi_ui2f
                0x6000e628                __floatunsisf
                0x6000e630                __aeabi_i2f
                0x6000e630                __floatsisf
                0x6000e64c                __aeabi_ul2f
                0x6000e64c                __floatundisf
                0x6000e65c                __aeabi_l2f
                0x6000e65c                __floatdisf
 .text          0x6000e6d8      0x2a0 c:/icpdas/hmiworks_standard/gcc/bin/../lib/gcc/arm-none-eabi/4.8.3/armv7-m/libgcc.a(_arm_muldivsf3.o)
                0x6000e6d8                __mulsf3
                0x6000e6d8                __aeabi_fmul
                0x6000e840                __aeabi_fdiv
                0x6000e840                __divsf3
 .text          0x6000e978       0xec c:/icpdas/hmiworks_standard/gcc/bin/../lib/gcc/arm-none-eabi/4.8.3/armv7-m/libgcc.a(_arm_cmpsf2.o)
                0x6000e978                __gesf2
                0x6000e978                __gtsf2
                0x6000e980                __lesf2
                0x6000e980                __ltsf2
                0x6000e988                __nesf2
                0x6000e988                __eqsf2
                0x6000e988                __cmpsf2
                0x6000e9e8                __aeabi_cfrcmple
                0x6000e9f0                __aeabi_cfcmpeq
                0x6000e9f0                __aeabi_cfcmple
                0x6000ea00                __aeabi_fcmpeq
                0x6000ea14                __aeabi_fcmplt
                0x6000ea28                __aeabi_fcmple
                0x6000ea3c                __aeabi_fcmpge
                0x6000ea50                __aeabi_fcmpgt
 .text          0x6000ea64       0x4c c:/icpdas/hmiworks_standard/gcc/bin/../lib/gcc/arm-none-eabi/4.8.3/armv7-m/libgcc.a(_arm_fixsfsi.o)
                0x6000ea64                __aeabi_f2iz
                0x6000ea64                __fixsfsi
 .text          0x6000eab0       0x2c c:/icpdas/hmiworks_standard/gcc/bin/../lib/gcc/arm-none-eabi/4.8.3/armv7-m/libgcc.a(_aeabi_uldivmod.o)
                0x6000eab0                __aeabi_uldivmod
 .text          0x6000eadc       0x60 c:/icpdas/hmiworks_standard/gcc/bin/../lib/gcc/arm-none-eabi/4.8.3/armv7-m/libgcc.a(bpabi.o)
                0x6000eadc                __gnu_ldivmod_helper
                0x6000eb0c                __gnu_uldivmod_helper
 .text          0x6000eb3c        0x4 c:/icpdas/hmiworks_standard/gcc/bin/../lib/gcc/arm-none-eabi/4.8.3/armv7-m/libgcc.a(_dvmd_tls.o)
                0x6000eb3c                __aeabi_idiv0
                0x6000eb3c                __aeabi_ldiv0
 .text          0x6000eb40      0x2a0 c:/icpdas/hmiworks_standard/gcc/bin/../lib/gcc/arm-none-eabi/4.8.3/armv7-m/libgcc.a(_divdi3.o)
                0x6000eb40                __divdi3
 .text          0x6000ede0      0x290 c:/icpdas/hmiworks_standard/gcc/bin/../lib/gcc/arm-none-eabi/4.8.3/armv7-m/libgcc.a(_udivdi3.o)
                0x6000ede0                __udivdi3
 *(.rodata*)
 .rodata.str1.1
                0x6000f070       0x6e _frame0.o
 .rodata.str1.1
                0x6000f0de        0xa _demarrage.o
                                 0x17 (size before relaxing)
 .rodata.str1.1
                0x6000f0e8       0x70 _ConfigModule.o
                                 0x9a (size before relaxing)
 .rodata.str1.1
                0x6000f158       0x6b _ConfigCapteur.o
                                 0xa5 (size before relaxing)
 .rodata.str1.1
                0x6000f1c3       0xbc _Alerte.o
                                 0xc8 (size before relaxing)
 .rodata.str1.1
                0x6000f27f       0x4d _Etalonnage.o
                                 0xac (size before relaxing)
 .rodata.initVal
                0x6000f2cc        0x4 _Seuillage.o
                0x6000f2cc                initVal
 .rodata.str1.1
                0x6000f2d0       0x45 _Seuillage.o
                                 0x91 (size before relaxing)
 .rodata.str1.1
                0x6000f315       0xd6 _MsgErreur.o
                                 0xe4 (size before relaxing)
 .rodata.str1.1
                0x6000f3eb       0x31 _SeuilUn.o
                                 0x70 (size before relaxing)
 .rodata.str1.1
                0x00000000       0x2d _Affichage.o
 .rodata.str1.1
                0x6000f41c       0x38 _Clavier.o
                                 0x94 (size before relaxing)
 .rodata.str1.1
                0x6000f454        0x8 _PavetNum.o
                                 0x5b (size before relaxing)
 .rodata.ObjectList161_36x27_0_pucImage_Group29
                0x6000f45c      0x79d imagedata.o
                0x6000f45c                ObjectList161_36x27_0_pucImage_Group29
 .rodata.pucImage_Picture10
                0x6000fbf9    0x16ab9 imagedata.o