Archive member included because of file (symbol)

c:/ICPDAS/HMIWorks_Standard/lib/commonlo.a(hmi.o)
                              _demarrage.o (hmi_FillRect)
c:/ICPDAS/HMIWorks_Standard/lib/commonlo.a(hmi_util.o)
                              _ConfigModule.o (FloatToStr)
c:/ICPDAS/HMIWorks_Standard/lib/commonlo.a(ladder2c.o)
                              _frame0.o (default_output)
c:/ICPDAS/HMIWorks_Standard/lib/commonlo.a(pvar.o)
                              _PavetNum.o (var_get)
c:/ICPDAS/HMIWorks_Standard/lib/commonlo.a(timer.o)
                              _demarrage.o (TimerMsgProc)
c:/ICPDAS/HMIWorks_Standard/lib/commonlo.a(usscanf.o)
                              c:/ICPDAS/HMIWorks_Standard/lib/commonlo.a(hmi_util.o) (usscanf)
c:/ICPDAS/HMIWorks_Standard/lib/commonlo.a(ustdlib.o)
                              c:/ICPDAS/HMIWorks_Standard/lib/commonlo.a(hmi_util.o) (usprintf)
c:/ICPDAS/HMIWorks_Standard/lib/commonlo.a(widget_init.o)
                              _frame0.o (g_sDisplayDriverROM)
c:/ICPDAS/HMIWorks_Standard/lib/libgr.a(canvas.o)
                              _demarrage.o (CanvasMsgProc)
c:/ICPDAS/HMIWorks_Standard/lib/libgr.a(checkbox.o)
                              _ConfigModule.o (CheckBoxPaint)
c:/ICPDAS/HMIWorks_Standard/lib/libgr.a(circle.o)
                              c:/ICPDAS/HMIWorks_Standard/lib/commonlo.a(hmi.o) (GrCircleDraw)
c:/ICPDAS/HMIWorks_Standard/lib/libgr.a(context.o)
                              _frame0.o (GrContextInit)
c:/ICPDAS/HMIWorks_Standard/lib/libgr.a(image.o)
                              c:/ICPDAS/HMIWorks_Standard/lib/libgr.a(canvas.o) (GrImageDraw)
c:/ICPDAS/HMIWorks_Standard/lib/libgr.a(line.o)
                              c:/ICPDAS/HMIWorks_Standard/lib/commonlo.a(hmi.o) (GrLineDrawH)
c:/ICPDAS/HMIWorks_Standard/lib/libgr.a(pushbutton.o)
                              _PavetNum.o (RectangularButtonMsgProc)
c:/ICPDAS/HMIWorks_Standard/lib/libgr.a(rectangle.o)
                              c:/ICPDAS/HMIWorks_Standard/lib/commonlo.a(hmi.o) (GrRectDraw)
c:/ICPDAS/HMIWorks_Standard/lib/libgr.a(string.o)
                              c:/ICPDAS/HMIWorks_Standard/lib/libgr.a(canvas.o) (GrStringWidthGet)
c:/ICPDAS/HMIWorks_Standard/lib/libgr.a(widget.o)
                              c:/ICPDAS/HMIWorks_Standard/lib/commonlo.a(timer.o) (WidgetDefaultMsgProc)
c:/ICPDAS/HMIWorks_Standard/lib/libgr.a(hmi_grlib.o)
                              _frame0.o (hmi_grlib_init)
c:/ICPDAS/HMIWorks_Standard/lib/fonts.a(fontcm18.o)
                              _PavetNum.o (g_sFontCm18)
c:/ICPDAS/HMIWorks_Standard/lib/fonts.a(fontcm18b.o)
                              _ConfigCapteur.o (g_sFontCm18b)
c:/ICPDAS/HMIWorks_Standard/lib/fonts.a(fontcm18i.o)
                              _Affichage.o (g_sFontCm18i)
c:/ICPDAS/HMIWorks_Standard/lib/fonts.a(fontcm20b.o)
                              _PavetNum.o (g_sFontCm20b)
c:/ICPDAS/HMIWorks_Standard/lib/fonts.a(fontcm22b.o)
                              _ConfigModule.o (g_sFontCm22b)
c:/ICPDAS/HMIWorks_Standard/lib/fonts.a(fontcm24b.o)
                              _Clavier.o (g_sFontCm24b)
c:/ICPDAS/HMIWorks_Standard/lib/fonts.a(fontcm26b.o)
                              _Alerte.o (g_sFontCm26b)
c:/ICPDAS/HMIWorks_Standard/lib/fonts.a(fontcm30b.o)
                              _demarrage.o (g_sFontCm30b)
c:/ICPDAS/HMIWorks_Standard/lib/fonts.a(fontcm42b.o)
                              _Affichage.o (g_sFontCm42b)
c:/ICPDAS/HMIWorks_Standard/lib/VPD-133.a(hmi_Init.o)
                              main.o (hmi_Init)
c:/ICPDAS/HMIWorks_Standard/lib/VPD-133.a(hmi_tcp.o)
                              c:/ICPDAS/HMIWorks_Standard/lib/VPD-133.a(hmi_Init.o) (hmi_tcp_init)
c:/ICPDAS/HMIWorks_Standard/lib/VPD-133.a(hmi_uart.o)
                              c:/ICPDAS/HMIWorks_Standard/lib/VPD-133.a(hmi_Init.o) (hmi_uart_Init)
c:/ICPDAS/HMIWorks_Standard/lib/VPD-133.a(dcon_io.o)
                              c:/ICPDAS/HMIWorks_Standard/lib/VPD-133.a(hmi_Init.o) (hmi_dcon_io_Init)
c:/ICPDAS/HMIWorks_Standard/lib/VPD-133.a(vpanel.o)
                              main.o (hmi_ShowPanelLed)
c:/ICPDAS/HMIWorks_Standard/lib/VPD-133.a(beep.o)
                              main.o (hmi_Beep)
c:/ICPDAS/HMIWorks_Standard/lib/VPD-133.a(mbrtu.o)
                              c:/ICPDAS/HMIWorks_Standard/lib/VPD-133.a(hmi_Init.o) (hmi_mbrtu_init)
c:/ICPDAS/HMIWorks_Standard/lib/VPD-133.a(mbtcp.o)
                              c:/ICPDAS/HMIWorks_Standard/lib/VPD-133.a(hmi_Init.o) (mbtcp_init)
c:/ICPDAS/HMIWorks_Standard/lib/libdriver.a(flash.o)
                              c:/ICPDAS/HMIWorks_Standard/lib/VPD-133.a(hmi_Init.o) (FlashUserGet)
c:/ICPDAS/HMIWorks_Standard/lib/libdriver.a(interrupt.o)
                              c:/ICPDAS/HMIWorks_Standard/lib/libdriver.a(flash.o) (IntRegister)
c:/ICPDAS/HMIWorks_Standard/lib/libdriver.a(sysctl.o)
[...]
Memory Configuration

Name             Origin             Length             Attributes
FLASH            0x60000000         0x00800000         xr
SRAM             0x60800000         0x00800000         xrw
*default*        0x00000000         0xffffffff

Linker script and memory map


.text           0x60000000    0x3a7c8
                0x60000000                _text = .
 *(.isr_vector)
 .isr_vector    0x60000000      0x11c c:/ICPDAS/HMIWorks_Standard/lib/VPD-133/startup_gcc.o
                0x60000000                g_pfnVectors
 *(.text*)
 .text.SysTickIntHandler
                0x6000011c        0x4 main.o
                0x6000011c                SysTickIntHandler
 .text.startup.main
                0x60000120       0x84 main.o
                0x60000120                main
 .text.hmi_Ladder_Process
                0x600001a4       0x16 _frame0.o
                0x600001a4                hmi_Ladder_Process
 *fill*         0x600001ba        0x2 
 .text._tpd_tcp_initial
                0x600001bc       0x1c _frame0.o
                0x600001bc                _tpd_tcp_initial
 .text.hmi_TimerTrigger
                0x600001d8       0xb8 _frame0.o
                0x600001d8                hmi_TimerTrigger
 .text.hmi_FreeCurrentFrame
                0x60000290       0x48 _frame0.o
                0x60000290                hmi_FreeCurrentFrame
 .text.hmi_GotoFrame
                0x600002d8       0x78 _frame0.o
                0x600002d8                hmi_GotoFrame
 .text.hmi_IndexOfFrame
                0x60000350       0x28 _frame0.o
                0x60000350                hmi_IndexOfFrame
 .text.hmi_GotoFrameByName
                0x60000378        0xe _frame0.o
                0x60000378                hmi_GotoFrameByName
 .text.hmi_IOScan_Process
                0x60000386        0x6 _frame0.o
                0x60000386                hmi_IOScan_Process
 .text.hmi_frame0
                0x6000038c       0x3c _frame0.o
                0x6000038c                hmi_frame0
 .text.hmi_OnTimer137Execute
                0x600003c8        0xc _demarrage.o
                0x600003c8                hmi_OnTimer137Execute
 .text.renderdemarrage2Vector
                0x600003d4       0x54 _demarrage.o
                0x600003d4                renderdemarrage2Vector
 .text.Ondemarrage2Paint
                0x60000428       0x34 _demarrage.o
                0x60000428                Ondemarrage2Paint
 .text.hmi_InitFrameWidgets1
                0x6000045c       0x44 _demarrage.o
                0x6000045c                hmi_InitFrameWidgets1
 .text.hmi_FreeFrameWidgets1
                0x600004a0       0x20 _demarrage.o
                0x600004a0                hmi_FreeFrameWidgets1
 .text.hmi_demarrage
                0x600004c0       0x1c _demarrage.o
                0x600004c0                hmi_demarrage
 .text.hmi_OnSept16Release
                0x600004dc        0x2 _PavetNum.o
                0x600004dc                hmi_OnSept16Release
 .text.hmi_OnHuit17Release
                0x600004de        0x2 _PavetNum.o
                0x600004de                hmi_OnHuit17Release
 .text.hmi_OnNeuf18Release
                0x600004e0        0x2 _PavetNum.o
                0x600004e0                hmi_OnNeuf18Release
 .text.hmi_OnQuatre19Release
                0x600004e2        0x2 _PavetNum.o
                0x600004e2                hmi_OnQuatre19Release
 .text.hmi_OnCinq20Release
                0x600004e4        0x2 _PavetNum.o
                0x600004e4                hmi_OnCinq20Release
 .text.hmi_OnSix21Release
                0x600004e6        0x2 _PavetNum.o
                0x600004e6                hmi_OnSix21Release
 .text.hmi_OnUn22Release
                0x600004e8        0x2 _PavetNum.o
                0x600004e8                hmi_OnUn22Release
 .text.hmi_OnDeux23Release
                0x600004ea        0x2 _PavetNum.o
                0x600004ea                hmi_OnDeux23Release
 .text.hmi_OnTrois24Release
                0x600004ec        0x2 _PavetNum.o
                0x600004ec                hmi_OnTrois24Release
 .text.hmi_OnZero25Release
                0x600004ee        0x2 _PavetNum.o
                0x600004ee                hmi_OnZero25Release
 .text.hmi_OnPoint27Release
                0x600004f0        0x2 _PavetNum.o
                0x600004f0                hmi_OnPoint27Release
 .text.hmi_OnEntrer26Release
                0x600004f2        0x2 _PavetNum.o
                0x600004f2                hmi_OnEntrer26Release
 .text.hmi_OnSupprime28Release
                0x600004f4        0x2 _PavetNum.o
                0x600004f4                hmi_OnSupprime28Release
 .text.hmi_OnTimer132Execute
                0x600004f6        0x2 _PavetNum.o
                0x600004f6                hmi_OnTimer132Execute
 .text.OnPavetNum14Paint
                0x600004f8       0x28 _PavetNum.o
                0x600004f8                OnPavetNum14Paint
 .text.Zero25OnClick
                0x60000520       0x58 _PavetNum.o
                0x60000520                Zero25OnClick
 .text.hmi_OnZero25Click
                0x60000578        0x4 _PavetNum.o
                0x60000578                hmi_OnZero25Click
 .text.Un22OnClick
                0x6000057c       0x58 _PavetNum.o
                0x6000057c                Un22OnClick
 .text.hmi_OnUn22Click
                0x600005d4        0x4 _PavetNum.o
                0x600005d4                hmi_OnUn22Click
 .text.Deux23OnClick
                0x600005d8       0x58 _PavetNum.o
                0x600005d8                Deux23OnClick
 .text.hmi_OnDeux23Click
                0x60000630        0x4 _PavetNum.o
                0x60000630                hmi_OnDeux23Click
 .text.Trois24OnClick
                0x60000634       0x58 _PavetNum.o
                0x60000634                Trois24OnClick
 .text.hmi_OnTrois24Click
                0x6000068c        0x4 _PavetNum.o
                0x6000068c                hmi_OnTrois24Click
 .text.Quatre19OnClick
                0x60000690       0x58 _PavetNum.o
                0x60000690                Quatre19OnClick
 .text.hmi_OnQuatre19Click
                0x600006e8        0x4 _PavetNum.o
                0x600006e8                hmi_OnQuatre19Click
 .text.Cinq20OnClick
                0x600006ec       0x58 _PavetNum.o
                0x600006ec                Cinq20OnClick
 .text.hmi_OnCinq20Click
                0x60000744        0x4 _PavetNum.o
                0x60000744                hmi_OnCinq20Click
 .text.Six21OnClick
                0x60000748       0x58 _PavetNum.o
                0x60000748                Six21OnClick
 .text.hmi_OnSix21Click
                0x600007a0        0x4 _PavetNum.o
                0x600007a0                hmi_OnSix21Click
 .text.Sept16OnClick
                0x600007a4       0x58 _PavetNum.o
                0x600007a4                Sept16OnClick
 .text.hmi_OnSept16Click
                0x600007fc        0x4 _PavetNum.o
                0x600007fc                hmi_OnSept16Click
 .text.Huit17OnClick
                0x60000800       0x58 _PavetNum.o
                0x60000800                Huit17OnClick
 .text.hmi_OnHuit17Click
                0x60000858        0x4 _PavetNum.o
                0x60000858                hmi_OnHuit17Click
 .text.Neuf18OnClick
                0x6000085c       0x58 _PavetNum.o
                0x6000085c                Neuf18OnClick
 .text.hmi_OnNeuf18Click
                0x600008b4        0x4 _PavetNum.o
                0x600008b4                hmi_OnNeuf18Click
 .text.Supprime28OnClick
                0x600008b8       0x28 _PavetNum.o
                0x600008b8                Supprime28OnClick
 .text.hmi_OnSupprime28Click
                0x600008e0        0x4 _PavetNum.o
                0x600008e0                hmi_OnSupprime28Click
 .text.Entrer26OnClick
                0x600008e4      0x104 _PavetNum.o
                0x600008e4                Entrer26OnClick
 .text.hmi_OnEntrer26Click
                0x600009e8        0x4 _PavetNum.o
                0x600009e8                hmi_OnEntrer26Click
 .text.PavetNum14OnCreate
                0x600009ec       0x44 _PavetNum.o
                0x600009ec                PavetNum14OnCreate
 .text.PavetNum14OnDestroy
                0x60000a30       0x28 _PavetNum.o
                0x60000a30                PavetNum14OnDestroy
 .text.Point27OnClick
                0x60000a58       0x58 _PavetNum.o
                0x60000a58                Point27OnClick
 .text.hmi_OnPoint27Click
                0x60000ab0        0x4 _PavetNum.o
                0x60000ab0                hmi_OnPoint27Click
 .text.hmi_InitFrameWidgets2
                0x60000ab4       0xf0 _PavetNum.o
                0x60000ab4                hmi_InitFrameWidgets2
 .text.hmi_FreeFrameWidgets2
                0x60000ba4       0xb0 _PavetNum.o
                0x60000ba4                hmi_FreeFrameWidgets2
 .text.hmi_PavetNum
                0x60000c54       0x1c _PavetNum.o
                0x60000c54                hmi_PavetNum
 .text.hmi_OnOK37Release
                0x60000c70        0x2 _ConfigModule.o
                0x60000c70                hmi_OnOK37Release
 .text.hmi_OnAdresse41Release
                0x60000c72        0x2 _ConfigModule.o
                0x60000c72                hmi_OnAdresse41Release
 .text.hmi_OnTimer140Execute
                0x60000c74        0x2 _ConfigModule.o
                0x60000c74                hmi_OnTimer140Execute
 .text.hmi_OnModule6Release
                0x60000c76        0x2 _ConfigModule.o
                0x60000c76                hmi_OnModule6Release
 .text.hmi_OnTextPushButton46Release
                0x60000c78        0x2 _ConfigModule.o
                0x60000c78                hmi_OnTextPushButton46Release
 .text.hmi_OnTextPushButton46Click
                0x60000c7a        0x2 _ConfigModule.o
                0x60000c7a                hmi_OnTextPushButton46Click
 .text.update   0x60000c7c       0xa8 _ConfigModule.o
                0x60000c7c                update
 .text.Impulsion40OnChange
                0x60000d24       0xe0 _ConfigModule.o
                0x60000d24                Impulsion40OnChange
 .text.hmi_OnImpulsion40CheckChange
                0x60000e04        0x4 _ConfigModule.o
                0x60000e04                hmi_OnImpulsion40CheckChange
 .text.QuatreVingtMA38OnChange
                0x60000e08       0xe0 _ConfigModule.o
                0x60000e08                QuatreVingtMA38OnChange
 .text.hmi_OnQuatreVingtMA38CheckChange
                0x60000ee8        0x4 _ConfigModule.o
                0x60000ee8                hmi_OnQuatreVingtMA38CheckChange
 .text.ZeroDixVolt39OnChange
                0x60000eec       0xe0 _ConfigModule.o
                0x60000eec                ZeroDixVolt39OnChange
 .text.hmi_OnZeroDixVolt39CheckChange
                0x60000fcc        0x4 _ConfigModule.o
                0x60000fcc                hmi_OnZeroDixVolt39CheckChange
 .text.OK37OnClick
                0x60000fd0       0x70 _ConfigModule.o
                0x60000fd0                OK37OnClick
 .text.hmi_OnOK37Click
                0x60001040        0x4 _ConfigModule.o
                0x60001040                hmi_OnOK37Click
 .text.Adresse41OnClick
                0x60001044       0x30 _ConfigModule.o
                0x60001044                Adresse41OnClick
 .text.hmi_OnAdresse41Click
                0x60001074        0x4 _ConfigModule.o
                0x60001074                hmi_OnAdresse41Click
 .text.Module6OnClick
                0x60001078       0x30 _ConfigModule.o
                0x60001078                Module6OnClick
 .text.hmi_OnModule6Click
                0x600010a8        0x4 _ConfigModule.o
                0x600010a8                hmi_OnModule6Click
 .text.ConfigModule29OnShow
                0x600010ac      0x180 _ConfigModule.o
                0x600010ac                ConfigModule29OnShow
 .text.renderConfigModule29Vector
                0x6000122c       0xfc _ConfigModule.o
                0x6000122c                renderConfigModule29Vector
 .text.OnConfigModule29Paint
                0x60001328       0x34 _ConfigModule.o
                0x60001328                OnConfigModule29Paint
 .text.hmi_InitFrameWidgets3
                0x6000135c       0x9c _ConfigModule.o
                0x6000135c                hmi_InitFrameWidgets3
 .text.hmi_FreeFrameWidgets3
                0x600013f8       0x64 _ConfigModule.o
                0x600013f8                hmi_FreeFrameWidgets3
 .text.hmi_ConfigModule
                0x6000145c       0x1c _ConfigModule.o
                0x6000145c                hmi_ConfigModule
 .text.hmi_OnZeroCapteur12Release
                0x60001478        0x2 _ConfigCapteur.o
                0x60001478                hmi_OnZeroCapteur12Release
 .text.hmi_OnMaxCapteur13Release
                0x6000147a        0x2 _ConfigCapteur.o
                0x6000147a                hmi_OnMaxCapteur13Release
 .text.hmi_OnVoie36Release
                0x6000147c        0x2 _ConfigCapteur.o
                0x6000147c                hmi_OnVoie36Release
 .text.hmi_OnEtalonnage138Release
                0x6000147e        0x2 _ConfigCapteur.o
                0x6000147e                hmi_OnEtalonnage138Release
 .text.hmi_OnTextPushButton55Release
                0x60001480        0x2 _ConfigCapteur.o
                0x60001480                hmi_OnTextPushButton55Release
 .text.hmi_OnUnite35Release
                0x60001482        0x2 _ConfigCapteur.o
                0x60001482                hmi_OnUnite35Release
 .text.hmi_OnTextPushButton55Click
                0x60001484        0xc _ConfigCapteur.o
                0x60001484                hmi_OnTextPushButton55Click
 .text.hmi_OnEtalonnage138Click
                0x60001490        0xc _ConfigCapteur.o
                0x60001490                hmi_OnEtalonnage138Click
 .text.ZeroCapteur12OnClick
                0x6000149c       0x30 _ConfigCapteur.o
                0x6000149c                ZeroCapteur12OnClick
 .text.hmi_OnZeroCapteur12Click
                0x600014cc        0x4 _ConfigCapteur.o
                0x600014cc                hmi_OnZeroCapteur12Click
 .text.MaxCapteur13OnClick
                0x600014d0       0x30 _ConfigCapteur.o
                0x600014d0                MaxCapteur13OnClick
 .text.hmi_OnMaxCapteur13Click
                0x60001500        0x4 _ConfigCapteur.o
                0x60001500                hmi_OnMaxCapteur13Click
 .text.Voie36OnClick
                0x60001504       0x30 _ConfigCapteur.o
                0x60001504                Voie36OnClick
 .text.hmi_OnVoie36Click
                0x60001534        0x4 _ConfigCapteur.o
                0x60001534                hmi_OnVoie36Click
 .text.Unite35OnClick
                0x60001538       0x30 _ConfigCapteur.o
                0x60001538                Unite35OnClick
 .text.hmi_OnUnite35Click
                0x60001568        0x4 _ConfigCapteur.o
                0x60001568                hmi_OnUnite35Click
 .text.ConfigCapteur7OnShow
                0x6000156c      0x1e0 _ConfigCapteur.o
                0x6000156c                ConfigCapteur7OnShow
 .text.renderConfigCapteur7Vector
                0x6000174c      0x14c _ConfigCapteur.o
                0x6000174c                renderConfigCapteur7Vector
 .text.OnConfigCapteur7Paint
                0x60001898       0x30 _ConfigCapteur.o
                0x60001898                OnConfigCapteur7Paint
 .text.hmi_InitFrameWidgets4
                0x600018c8       0x84 _ConfigCapteur.o
                0x600018c8                hmi_InitFrameWidgets4
 .text.hmi_FreeFrameWidgets4
                0x6000194c       0x50 _ConfigCapteur.o
                0x6000194c                hmi_FreeFrameWidgets4
 .text.hmi_ConfigCapteur
                0x6000199c       0x1c _ConfigCapteur.o
                0x6000199c                hmi_ConfigCapteur
 .text.hmi_OnCoefEtalonnage63Release
                0x600019b8        0x2 _Etalonnage.o
                0x600019b8                hmi_OnCoefEtalonnage63Release
 .text.hmi_OnTextPushButton136Release
                0x600019ba        0x2 _Etalonnage.o
                0x600019ba                hmi_OnTextPushButton136Release
 .text.hmi_OnTextPushButton108Release
                0x600019bc        0x2 _Etalonnage.o
                0x600019bc                hmi_OnTextPushButton108Release
 .text.hmi_OnTextPushButton163Release
                0x600019be        0x2 _Etalonnage.o
                0x600019be                hmi_OnTextPushButton163Release
 .text.hmi_OnTextPushButton163Click
                0x600019c0        0x2 _Etalonnage.o
                0x600019c0                hmi_OnTextPushButton163Click
 *fill*         0x600019c2        0x2 
 .text.hmi_OnTextPushButton136Click
                0x600019c4        0xc _Etalonnage.o
                0x600019c4                hmi_OnTextPushButton136Click
 .text.hmi_OnTextPushButton108Click
                0x600019d0        0xc _Etalonnage.o
                0x600019d0                hmi_OnTextPushButton108Click
 .text.CoefEtalonnage63OnClick
                0x600019dc       0x30 _Etalonnage.o
                0x600019dc                CoefEtalonnage63OnClick
 .text.hmi_OnCoefEtalonnage63Click
                0x60001a0c        0x4 _Etalonnage.o
                0x60001a0c                hmi_OnCoefEtalonnage63Click
 .text.Etalonnage134OnShow
                0x60001a10       0x90 _Etalonnage.o
                0x60001a10                Etalonnage134OnShow
 .text.renderEtalonnage134Vector
                0x60001aa0       0x90 _Etalonnage.o
                0x60001aa0                renderEtalonnage134Vector
 .text.OnEtalonnage134Paint
                0x60001b30       0x30 _Etalonnage.o
                0x60001b30                OnEtalonnage134Paint
 .text.hmi_InitFrameWidgets5
                0x60001b60       0x78 _Etalonnage.o
                0x60001b60                hmi_InitFrameWidgets5
 .text.hmi_FreeFrameWidgets5
                0x60001bd8       0x48 _Etalonnage.o
                0x60001bd8                hmi_FreeFrameWidgets5
 .text.hmi_Etalonnage
                0x60001c20       0x1c _Etalonnage.o
                0x60001c20                hmi_Etalonnage
 .text.hmi_OnTextPushButton71Release
                0x60001c3c        0x2 _Seuillage.o
                0x60001c3c                hmi_OnTextPushButton71Release
 .text.hmi_OnTimer52Execute
                0x60001c3e        0x2 _Seuillage.o
                0x60001c3e                hmi_OnTimer52Execute
 .text.hmi_OnTextPushButton50Release
                0x60001c40        0x2 _Seuillage.o
                0x60001c40                hmi_OnTextPushButton50Release
 .text.hmi_OnTextPushButton50Click
                0x60001c42        0x2 _Seuillage.o
                0x60001c42                hmi_OnTextPushButton50Click
 .text.hmi_OnS1Couleur77Release
                0x60001c44        0x2 _Seuillage.o
                0x60001c44                hmi_OnS1Couleur77Release
 .text.hmi_OnS2Valeur79Release
                0x60001c46        0x2 _Seuillage.o
                0x60001c46                hmi_OnS2Valeur79Release
 .text.hmi_OnS2Couleur82Release
                0x60001c48        0x2 _Seuillage.o
                0x60001c48                hmi_OnS2Couleur82Release
 .text.hmi_OnS3Valeur84Release
                0x60001c4a        0x2 _Seuillage.o
                0x60001c4a                hmi_OnS3Valeur84Release
 .text.hmi_OnS3Couleur87Release
                0x60001c4c        0x2 _Seuillage.o
                0x60001c4c                hmi_OnS3Couleur87Release
 .text.hmi_OnS4Valeur89Release
                0x60001c4e        0x2 _Seuillage.o
                0x60001c4e                hmi_OnS4Valeur89Release
 .text.hmi_OnS4Couleur92Release
                0x60001c50        0x2 _Seuillage.o
                0x60001c50                hmi_OnS4Couleur92Release
 .text.hmi_OnparamAvances94Release
                0x60001c52        0x2 _Seuillage.o
                0x60001c52                hmi_OnparamAvances94Release
 .text.hmi_OnS1Valeur74Release
                0x60001c54        0x2 _Seuillage.o
                0x60001c54                hmi_OnS1Valeur74Release
 *fill*         0x60001c56        0x2 
 .text.hmi_OnTextPushButton71Click
                0x60001c58        0xc _Seuillage.o
                0x60001c58                hmi_OnTextPushButton71Click
 .text.hmi_OnparamAvances94Click
                0x60001c64        0xc _Seuillage.o
                0x60001c64                hmi_OnparamAvances94Click
 .text.majCouleur
                0x60001c70       0xac _Seuillage.o
                0x60001c70                majCouleur
 .text.S1_Y_N78OnChange
                0x60001d1c       0xb0 _Seuillage.o
                0x60001d1c                S1_Y_N78OnChange
 .text.hmi_OnS1_Y_N78CheckChange
                0x60001dcc        0x4 _Seuillage.o
                0x60001dcc                hmi_OnS1_Y_N78CheckChange
 .text.S2_Y_N83OnChange
                0x60001dd0       0xb0 _Seuillage.o
                0x60001dd0                S2_Y_N83OnChange
 .text.hmi_OnS2_Y_N83CheckChange
                0x60001e80        0x4 _Seuillage.o
                0x60001e80                hmi_OnS2_Y_N83CheckChange
 .text.S3_Y_N88OnChange
                0x60001e84       0xb0 _Seuillage.o
                0x60001e84                S3_Y_N88OnChange
 .text.hmi_OnS3_Y_N88CheckChange
                0x60001f34        0x4 _Seuillage.o
                0x60001f34                hmi_OnS3_Y_N88CheckChange
 .text.S4_Y_N93OnChange
                0x60001f38       0xb0 _Seuillage.o
                0x60001f38                S4_Y_N93OnChange
 .text.hmi_OnS4_Y_N93CheckChange
                0x60001fe8        0x4 _Seuillage.o
                0x60001fe8                hmi_OnS4_Y_N93CheckChange
 .text.S1Couleur77OnClick
                0x60001fec      0x110 _Seuillage.o
                0x60001fec                S1Couleur77OnClick
 .text.hmi_OnS1Couleur77Click
                0x600020fc        0x4 _Seuillage.o
                0x600020fc                hmi_OnS1Couleur77Click
 .text.S2Couleur82OnClick
                0x60002100      0x110 _Seuillage.o
                0x60002100                S2Couleur82OnClick
 .text.hmi_OnS2Couleur82Click
                0x60002210        0x4 _Seuillage.o
                0x60002210                hmi_OnS2Couleur82Click
 .text.S3Couleur87OnClick
                0x60002214      0x110 _Seuillage.o
                0x60002214                S3Couleur87OnClick
 .text.hmi_OnS3Couleur87Click
                0x60002324        0x4 _Seuillage.o
                0x60002324                hmi_OnS3Couleur87Click
 .text.S4Couleur92OnClick
                0x60002328      0x110 _Seuillage.o
                0x60002328                S4Couleur92OnClick
 .text.hmi_OnS4Couleur92Click
                0x60002438        0x4 _Seuillage.o
                0x60002438                hmi_OnS4Couleur92Click
 .text.S1Valeur74OnClick
                0x6000243c       0x30 _Seuillage.o
                0x6000243c                S1Valeur74OnClick
 .text.hmi_OnS1Valeur74Click
                0x6000246c        0x4 _Seuillage.o
                0x6000246c                hmi_OnS1Valeur74Click
 .text.S2Valeur79OnClick
                0x60002470       0x30 _Seuillage.o
                0x60002470                S2Valeur79OnClick
 .text.hmi_OnS2Valeur79Click
                0x600024a0        0x4 _Seuillage.o
                0x600024a0                hmi_OnS2Valeur79Click
 .text.S3Valeur84OnClick
                0x600024a4       0x30 _Seuillage.o
                0x600024a4                S3Valeur84OnClick
 .text.hmi_OnS3Valeur84Click
                0x600024d4        0x4 _Seuillage.o
                0x600024d4                hmi_OnS3Valeur84Click
 .text.S4Valeur89OnClick
                0x600024d8       0x30 _Seuillage.o
                0x600024d8                S4Valeur89OnClick
 .text.hmi_OnS4Valeur89Click
                0x60002508        0x4 _Seuillage.o
                0x60002508                hmi_OnS4Valeur89Click
 .text.logique58OnChange
                0x6000250c       0x50 _Seuillage.o
                0x6000250c                logique58OnChange
 .text.Seuillage45OnShow
                0x6000255c      0x2fc _Seuillage.o
                0x6000255c                Seuillage45OnShow
 .text.hmi_Onlogique58CheckChange
                0x60002858        0x4 _Seuillage.o
                0x60002858                hmi_Onlogique58CheckChange
 .text.renderSeuillage45Vector
                0x6000285c      0x194 _Seuillage.o
                0x6000285c                renderSeuillage45Vector
 .text.OnSeuillage45Paint
                0x600029f0       0x30 _Seuillage.o
                0x600029f0                OnSeuillage45Paint
 .text.hmi_InitFrameWidgets6
                0x60002a20      0x138 _Seuillage.o
                0x60002a20                hmi_InitFrameWidgets6
 .text.hmi_FreeFrameWidgets6
                0x60002b58       0xe8 _Seuillage.o
                0x60002b58                hmi_FreeFrameWidgets6
 .text.hmi_Seuillage
                0x60002c40       0x1c _Seuillage.o
                0x60002c40                hmi_Seuillage
 .text.hmi_Onhysteresis104Release
                0x60002c5c        0x2 _SeuilUn.o
                0x60002c5c                hmi_Onhysteresis104Release
 .text.hmi_OnRetard105Release
                0x60002c5e        0x2 _SeuilUn.o
                0x60002c5e                hmi_OnRetard105Release
 .text.hmi_OnVoie106Release
                0x60002c60        0x2 _SeuilUn.o
                0x60002c60                hmi_OnVoie106Release
 .text.hmi_OnNext107Release
                0x60002c62        0x2 _SeuilUn.o
                0x60002c62                hmi_OnNext107Release
 .text.hmi_Onadresse103Release
                0x60002c64        0x2 _SeuilUn.o
                0x60002c64                hmi_Onadresse103Release
 .text.hmi_OnTextPushButton153Release
                0x60002c66        0x2 _SeuilUn.o
                0x60002c66                hmi_OnTextPushButton153Release
 .text.hmi_OnPrev164Release
                0x60002c68        0x2 _SeuilUn.o
                0x60002c68                hmi_OnPrev164Release
 .text.hmi_OnValider111Release
                0x60002c6a        0x2 _SeuilUn.o
                0x60002c6a                hmi_OnValider111Release
 .text.hmi_OnTextPushButton153Click
                0x60002c6c        0xc _SeuilUn.o
                0x60002c6c                hmi_OnTextPushButton153Click
 .text.hmi_OnValider111Click
                0x60002c78        0xc _SeuilUn.o
                0x60002c78                hmi_OnValider111Click
 .text.hysteresis104OnClick
                0x60002c84       0x64 _SeuilUn.o
                0x60002c84                hysteresis104OnClick
 .text.hmi_Onhysteresis104Click
                0x60002ce8        0x4 _SeuilUn.o
                0x60002ce8                hmi_Onhysteresis104Click
 .text.Retard105OnClick
                0x60002cec       0x64 _SeuilUn.o
                0x60002cec                Retard105OnClick
 .text.hmi_OnRetard105Click
                0x60002d50        0x4 _SeuilUn.o
                0x60002d50                hmi_OnRetard105Click
 .text.NO102OnChange
                0x60002d54       0x98 _SeuilUn.o
                0x60002d54                NO102OnChange
 .text.hmi_OnNO102CheckChange
                0x60002dec        0x4 _SeuilUn.o
                0x60002dec                hmi_OnNO102CheckChange
 .text.Voie106OnClick
                0x60002df0       0x64 _SeuilUn.o
                0x60002df0                Voie106OnClick
 .text.hmi_OnVoie106Click
                0x60002e54        0x4 _SeuilUn.o
                0x60002e54                hmi_OnVoie106Click
 .text.adresse103OnClick
                0x60002e58       0x64 _SeuilUn.o
                0x60002e58                adresse103OnClick
 .text.hmi_Onadresse103Click
                0x60002ebc        0x4 _SeuilUn.o
                0x60002ebc                hmi_Onadresse103Click
 .text.SeuilUn95OnShow
                0x60002ec0      0x31c _SeuilUn.o
                0x60002ec0                SeuilUn95OnShow
 .text.Prev164OnClick
                0x600031dc       0x8c _SeuilUn.o
                0x600031dc                Prev164OnClick
 .text.hmi_OnPrev164Click
                0x60003268        0x4 _SeuilUn.o
                0x60003268                hmi_OnPrev164Click
 .text.Next107OnClick
                0x6000326c       0x8c _SeuilUn.o
                0x6000326c                Next107OnClick
 .text.hmi_OnNext107Click
                0x600032f8        0x4 _SeuilUn.o
                0x600032f8                hmi_OnNext107Click
 .text.SeuilUn95OnCreate
                0x600032fc        0xc _SeuilUn.o
                0x600032fc                SeuilUn95OnCreate
 .text.Timer110OnExecute
                0x60003308       0x40 _SeuilUn.o
                0x60003308                Timer110OnExecute
 .text.hmi_OnTimer110Execute
                0x60003348        0x4 _SeuilUn.o
                0x60003348                hmi_OnTimer110Execute
 .text.renderSeuilUn95Vector
                0x6000334c      0x184 _SeuilUn.o
                0x6000334c                renderSeuilUn95Vector
 .text.OnSeuilUn95Paint
                0x600034d0       0x30 _SeuilUn.o
                0x600034d0                OnSeuilUn95Paint
 .text.hmi_InitFrameWidgets7
                0x60003500       0xc4 _SeuilUn.o
                0x60003500                hmi_InitFrameWidgets7
 .text.hmi_FreeFrameWidgets7
                0x600035c4       0x84 _SeuilUn.o
                0x600035c4                hmi_FreeFrameWidgets7
 .text.hmi_SeuilUn
                0x60003648       0x1c _SeuilUn.o
                0x60003648                hmi_SeuilUn
 .text.hmi_OnConfigM113Release
                0x60003664        0x2 _Affichage.o
                0x60003664                hmi_OnConfigM113Release
 .text.hmi_OnConfigE115Release
                0x60003666        0x2 _Affichage.o
                0x60003666                hmi_OnConfigE115Release
 .text.hmi_OnConfigS116Release
                0x60003668        0x2 _Affichage.o
                0x60003668                hmi_OnConfigS116Release
 .text.hmi_OnConfigC117Release
                0x6000366a        0x2 _Affichage.o
                0x6000366a                hmi_OnConfigC117Release
 .text.hmi_OnConfigM113Click
                0x6000366c        0xc _Affichage.o
                0x6000366c                hmi_OnConfigM113Click
 .text.hmi_OnConfigC117Click
                0x60003678        0xc _Affichage.o
                0x60003678                hmi_OnConfigC117Click
 .text.hmi_OnConfigS116Click
                0x60003684        0xc _Affichage.o
                0x60003684                hmi_OnConfigS116Click
 .text.hmi_OnConfigE115Click
                0x60003690        0xc _Affichage.o
                0x60003690                hmi_OnConfigE115Click
 .text.OnAffichage112Paint
                0x6000369c       0x24 _Affichage.o
                0x6000369c                OnAffichage112Paint
 .text.hmi_InitFrameWidgets8
                0x600036c0       0x80 _Affichage.o
                0x600036c0                hmi_InitFrameWidgets8
 .text.hmi_FreeFrameWidgets8
                0x60003740       0x50 _Affichage.o
                0x60003740                hmi_FreeFrameWidgets8
 .text.hmi_Affichage
                0x60003790       0x1c _Affichage.o
                0x60003790                hmi_Affichage
 .text.hmi_OnTextPushButton224Release
                0x600037ac        0x2 _Clavier.o
                0x600037ac                hmi_OnTextPushButton224Release
 .text.hmi_OnTextPushButton225Release
                0x600037ae        0x2 _Clavier.o
                0x600037ae                hmi_OnTextPushButton225Release
 .text.hmi_OnTextPushButton226Release
                0x600037b0        0x2 _Clavier.o
                0x600037b0                hmi_OnTextPushButton226Release
 .text.hmi_OnTextPushButton227Release
                0x600037b2        0x2 _Clavier.o
                0x600037b2                hmi_OnTextPushButton227Release
 .text.hmi_OnTextPushButton228Release
                0x600037b4        0x2 _Clavier.o
                0x600037b4                hmi_OnTextPushButton228Release
 .text.hmi_OnTextPushButton229Release
                0x600037b6        0x2 _Clavier.o
                0x600037b6                hmi_OnTextPushButton229Release
 .text.hmi_OnTextPushButton230Release
                0x600037b8        0x2 _Clavier.o
                0x600037b8                hmi_OnTextPushButton230Release
 .text.hmi_OnTextPushButton231Release
                0x600037ba        0x2 _Clavier.o
                0x600037ba                hmi_OnTextPushButton231Release
 .text.hmi_OnTextPushButton232Release
                0x600037bc        0x2 _Clavier.o
                0x600037bc                hmi_OnTextPushButton232Release
 .text.hmi_OnTextPushButton233Release
                0x600037be        0x2 _Clavier.o
                0x600037be                hmi_OnTextPushButton233Release
 .text.hmi_OnTextPushButton234Release
                0x600037c0        0x2 _Clavier.o
                0x600037c0                hmi_OnTextPushButton234Release
 .text.hmi_OnTextPushButton235Release
                0x600037c2        0x2 _Clavier.o
                0x600037c2                hmi_OnTextPushButton235Release
 .text.hmi_OnTextPushButton236Release
                0x600037c4        0x2 _Clavier.o
                0x600037c4                hmi_OnTextPushButton236Release
 .text.hmi_OnTextPushButton237Release
                0x600037c6        0x2 _Clavier.o
                0x600037c6                hmi_OnTextPushButton237Release
 .text.hmi_OnTextPushButton238Release
                0x600037c8        0x2 _Clavier.o
                0x600037c8                hmi_OnTextPushButton238Release
 .text.hmi_OnTextPushButton239Release
                0x600037ca        0x2 _Clavier.o
                0x600037ca                hmi_OnTextPushButton239Release
 .text.hmi_OnTextPushButton240Release
                0x600037cc        0x2 _Clavier.o
                0x600037cc                hmi_OnTextPushButton240Release
 .text.hmi_OnTextPushButton241Release
                0x600037ce        0x2 _Clavier.o
                0x600037ce                hmi_OnTextPushButton241Release
 .text.hmi_OnTextPushButton242Release
                0x600037d0        0x2 _Clavier.o
                0x600037d0                hmi_OnTextPushButton242Release
 .text.hmi_OnTextPushButton243Release
                0x600037d2        0x2 _Clavier.o
                0x600037d2                hmi_OnTextPushButton243Release
 .text.hmi_OnTextPushButton244Release
                0x600037d4        0x2 _Clavier.o
                0x600037d4                hmi_OnTextPushButton244Release
 .text.hmi_OnTextPushButton245Release
                0x600037d6        0x2 _Clavier.o
                0x600037d6                hmi_OnTextPushButton245Release
 .text.hmi_OnTextPushButton246Release
                0x600037d8        0x2 _Clavier.o
                0x600037d8                hmi_OnTextPushButton246Release
 .text.hmi_OnTextPushButton247Release
                0x600037da        0x2 _Clavier.o
                0x600037da                hmi_OnTextPushButton247Release
 .text.hmi_OnTextPushButton248Release
                0x600037dc        0x2 _Clavier.o
                0x600037dc                hmi_OnTextPushButton248Release
 .text.hmi_OnTextPushButton249Release
                0x600037de        0x2 _Clavier.o
                0x600037de                hmi_OnTextPushButton249Release
 .text.hmi_OnUn250Release
                0x600037e0        0x2 _Clavier.o
                0x600037e0                hmi_OnUn250Release
 .text.hmi_OnTextPushButton251Release
                0x600037e2        0x2 _Clavier.o
                0x600037e2                hmi_OnTextPushButton251Release
 .text.hmi_OnTextPushButton252Release
                0x600037e4        0x2 _Clavier.o
                0x600037e4                hmi_OnTextPushButton252Release
 .text.hmi_OnTextPushButton253Release
                0x600037e6        0x2 _Clavier.o
                0x600037e6                hmi_OnTextPushButton253Release
 .text.hmi_OnTextPushButton254Release
                0x600037e8        0x2 _Clavier.o
                0x600037e8                hmi_OnTextPushButton254Release
 .text.hmi_OnTextPushButton255Release
                0x600037ea        0x2 _Clavier.o
                0x600037ea                hmi_OnTextPushButton255Release
 .text.hmi_OnTextPushButton282Release
                0x600037ec        0x2 _Clavier.o
                0x600037ec                hmi_OnTextPushButton282Release
 .text.hmi_OnTextPushButton256Release
                0x600037ee        0x2 _Clavier.o
                0x600037ee                hmi_OnTextPushButton256Release
 .text.hmi_OnTextPushButton257Release
                0x600037f0        0x2 _Clavier.o
                0x600037f0                hmi_OnTextPushButton257Release
 .text.hmi_OnTextPushButton258Release
                0x600037f2        0x2 _Clavier.o
                0x600037f2                hmi_OnTextPushButton258Release
 .text.hmi_OnTextPushButton261Release
                0x600037f4        0x2 _Clavier.o
                0x600037f4                hmi_OnTextPushButton261Release
 .text.hmi_OnTextPushButton262Release
                0x600037f6        0x2 _Clavier.o
                0x600037f6                hmi_OnTextPushButton262Release
 .text.hmi_OnTextPushButton265Release
                0x600037f8        0x2 _Clavier.o
                0x600037f8                hmi_OnTextPushButton265Release
 .text.hmi_OnTimer292Execute
                0x600037fa        0x2 _Clavier.o
                0x600037fa                hmi_OnTimer292Execute
 .text.InverserStr
                0x600037fc       0x20 _Clavier.o
                0x600037fc                InverserStr
 .text.TextPushButton250OnClick
                0x6000381c       0x58 _Clavier.o
                0x6000381c                TextPushButton250OnClick
 .text.hmi_OnUn250Click
                0x60003874        0x4 _Clavier.o
                0x60003874                hmi_OnUn250Click
 .text.TextPushButton282OnClick
                0x60003878      0x158 _Clavier.o
                0x60003878                TextPushButton282OnClick
 .text.hmi_OnTextPushButton282Click
                0x600039d0        0x4 _Clavier.o
                0x600039d0                hmi_OnTextPushButton282Click
 .text.TextPushButton224OnClick
                0x600039d4       0x58 _Clavier.o
                0x600039d4                TextPushButton224OnClick
 .text.hmi_OnTextPushButton224Click
                0x60003a2c        0x4 _Clavier.o
                0x60003a2c                hmi_OnTextPushButton224Click
 .text.TextPushButton225OnClick
                0x60003a30       0x58 _Clavier.o
                0x60003a30                TextPushButton225OnClick
 .text.hmi_OnTextPushButton225Click
                0x60003a88        0x4 _Clavier.o
                0x60003a88                hmi_OnTextPushButton225Click
 .text.TextPushButton226OnClick
                0x60003a8c       0x58 _Clavier.o
                0x60003a8c                TextPushButton226OnClick
 .text.hmi_OnTextPushButton226Click
                0x60003ae4        0x4 _Clavier.o
                0x60003ae4                hmi_OnTextPushButton226Click
 .text.TextPushButton227OnClick
                0x60003ae8       0x58 _Clavier.o
                0x60003ae8                TextPushButton227OnClick
 .text.hmi_OnTextPushButton227Click
                0x60003b40        0x4 _Clavier.o
                0x60003b40                hmi_OnTextPushButton227Click
 .text.TextPushButton228OnClick
                0x60003b44       0x58 _Clavier.o
                0x60003b44                TextPushButton228OnClick
 .text.hmi_OnTextPushButton228Click
                0x60003b9c        0x4 _Clavier.o
                0x60003b9c                hmi_OnTextPushButton228Click
 .text.TextPushButton229OnClick
                0x60003ba0       0x58 _Clavier.o
                0x60003ba0                TextPushButton229OnClick
 .text.hmi_OnTextPushButton229Click
                0x60003bf8        0x4 _Clavier.o
                0x60003bf8                hmi_OnTextPushButton229Click
 .text.TextPushButton230OnClick
                0x60003bfc       0x58 _Clavier.o
                0x60003bfc                TextPushButton230OnClick
 .text.hmi_OnTextPushButton230Click
                0x60003c54        0x4 _Clavier.o
                0x60003c54                hmi_OnTextPushButton230Click
 .text.TextPushButton231OnClick
                0x60003c58       0x58 _Clavier.o
                0x60003c58                TextPushButton231OnClick
 .text.hmi_OnTextPushButton231Click
                0x60003cb0        0x4 _Clavier.o
                0x60003cb0                hmi_OnTextPushButton231Click
 .text.TextPushButton232OnClick
                0x60003cb4       0x58 _Clavier.o
                0x60003cb4                TextPushButton232OnClick
 .text.hmi_OnTextPushButton232Click
                0x60003d0c        0x4 _Clavier.o
                0x60003d0c                hmi_OnTextPushButton232Click
 .text.TextPushButton233OnClick
                0x60003d10       0x58 _Clavier.o
                0x60003d10                TextPushButton233OnClick
 .text.hmi_OnTextPushButton233Click
                0x60003d68        0x4 _Clavier.o
                0x60003d68                hmi_OnTextPushButton233Click
 .text.TextPushButton234OnClick
                0x60003d6c       0x58 _Clavier.o
                0x60003d6c                TextPushButton234OnClick
 .text.hmi_OnTextPushButton234Click
                0x60003dc4        0x4 _Clavier.o
                0x60003dc4                hmi_OnTextPushButton234Click
 .text.TextPushButton235OnClick
                0x60003dc8       0x58 _Clavier.o
                0x60003dc8                TextPushButton235OnClick
 .text.hmi_OnTextPushButton235Click
                0x60003e20        0x4 _Clavier.o
                0x60003e20                hmi_OnTextPushButton235Click
 .text.TextPushButton236OnClick
                0x60003e24       0x58 _Clavier.o
                0x60003e24                TextPushButton236OnClick
 .text.hmi_OnTextPushButton236Click
                0x60003e7c        0x4 _Clavier.o
                0x60003e7c                hmi_OnTextPushButton236Click
 .text.TextPushButton237OnClick
                0x60003e80       0x58 _Clavier.o
                0x60003e80                TextPushButton237OnClick
 .text.hmi_OnTextPushButton237Click
                0x60003ed8        0x4 _Clavier.o
                0x60003ed8                hmi_OnTextPushButton237Click
 .text.TextPushButton238OnClick
                0x60003edc       0x58 _Clavier.o
                0x60003edc                TextPushButton238OnClick
 .text.hmi_OnTextPushButton238Click
                0x60003f34        0x4 _Clavier.o
                0x60003f34                hmi_OnTextPushButton238Click
 .text.TextPushButton239OnClick
                0x60003f38       0x58 _Clavier.o
                0x60003f38                TextPushButton239OnClick
 .text.hmi_OnTextPushButton239Click
                0x60003f90        0x4 _Clavier.o
                0x60003f90                hmi_OnTextPushButton239Click
 .text.TextPushButton240OnClick
                0x60003f94       0x58 _Clavier.o
                0x60003f94                TextPushButton240OnClick
 .text.hmi_OnTextPushButton240Click
                0x60003fec        0x4 _Clavier.o
                0x60003fec                hmi_OnTextPushButton240Click
 .text.TextPushButton241OnClick
                0x60003ff0       0x58 _Clavier.o
                0x60003ff0                TextPushButton241OnClick
 .text.hmi_OnTextPushButton241Click
                0x60004048        0x4 _Clavier.o
                0x60004048                hmi_OnTextPushButton241Click
 .text.TextPushButton242OnClick
                0x6000404c       0x58 _Clavier.o
                0x6000404c                TextPushButton242OnClick
 .text.hmi_OnTextPushButton242Click
                0x600040a4        0x4 _Clavier.o
                0x600040a4                hmi_OnTextPushButton242Click
 .text.TextPushButton243OnClick
                0x600040a8       0x58 _Clavier.o
                0x600040a8                TextPushButton243OnClick
 .text.hmi_OnTextPushButton243Click
                0x60004100        0x4 _Clavier.o
                0x60004100                hmi_OnTextPushButton243Click
 .text.TextPushButton244OnClick
                0x60004104       0x58 _Clavier.o
                0x60004104                TextPushButton244OnClick
 .text.hmi_OnTextPushButton244Click
                0x6000415c        0x4 _Clavier.o
                0x6000415c                hmi_OnTextPushButton244Click
 .text.TextPushButton245OnClick
                0x60004160       0x58 _Clavier.o
                0x60004160                TextPushButton245OnClick
 .text.hmi_OnTextPushButton245Click
                0x600041b8        0x4 _Clavier.o
                0x600041b8                hmi_OnTextPushButton245Click
 .text.TextPushButton246OnClick
                0x600041bc       0x58 _Clavier.o
                0x600041bc                TextPushButton246OnClick
 .text.hmi_OnTextPushButton246Click
                0x60004214        0x4 _Clavier.o
                0x60004214                hmi_OnTextPushButton246Click
 .text.TextPushButton247OnClick
                0x60004218       0x58 _Clavier.o
                0x60004218                TextPushButton247OnClick
 .text.hmi_OnTextPushButton247Click
                0x60004270        0x4 _Clavier.o
                0x60004270                hmi_OnTextPushButton247Click
 .text.TextPushButton248OnClick
                0x60004274       0x58 _Clavier.o
                0x60004274                TextPushButton248OnClick
 .text.hmi_OnTextPushButton248Click
                0x600042cc        0x4 _Clavier.o
                0x600042cc                hmi_OnTextPushButton248Click
 .text.TextPushButton249OnClick
                0x600042d0       0x58 _Clavier.o
                0x600042d0                TextPushButton249OnClick
 .text.hmi_OnTextPushButton249Click
                0x60004328        0x4 _Clavier.o
                0x60004328                hmi_OnTextPushButton249Click
 .text.TextPushButton256OnClick
                0x6000432c       0x30 _Clavier.o
                0x6000432c                TextPushButton256OnClick
 .text.hmi_OnTextPushButton256Click
                0x6000435c        0x4 _Clavier.o
                0x6000435c                hmi_OnTextPushButton256Click
 .text.TextPushButton251OnClick
                0x60004360       0x58 _Clavier.o
                0x60004360                TextPushButton251OnClick
 .text.hmi_OnTextPushButton251Click
                0x600043b8        0x4 _Clavier.o
                0x600043b8                hmi_OnTextPushButton251Click
 .text.TextPushButton252OnClick
                0x600043bc       0x58 _Clavier.o
                0x600043bc                TextPushButton252OnClick
 .text.hmi_OnTextPushButton252Click
                0x60004414        0x4 _Clavier.o
                0x60004414                hmi_OnTextPushButton252Click
 .text.TextPushButton253OnClick
                0x60004418       0x58 _Clavier.o
                0x60004418                TextPushButton253OnClick
 .text.hmi_OnTextPushButton253Click
                0x60004470        0x4 _Clavier.o
                0x60004470                hmi_OnTextPushButton253Click
 .text.TextPushButton254OnClick
                0x60004474       0x58 _Clavier.o
                0x60004474                TextPushButton254OnClick
 .text.hmi_OnTextPushButton254Click
                0x600044cc        0x4 _Clavier.o
                0x600044cc                hmi_OnTextPushButton254Click
 .text.TextPushButton255OnClick
                0x600044d0       0x58 _Clavier.o
                0x600044d0                TextPushButton255OnClick
 .text.hmi_OnTextPushButton255Click
                0x60004528        0x4 _Clavier.o
                0x60004528                hmi_OnTextPushButton255Click
 .text.TextPushButton257OnClick
                0x6000452c       0x58 _Clavier.o
                0x6000452c                TextPushButton257OnClick
 .text.hmi_OnTextPushButton257Click
                0x60004584        0x4 _Clavier.o
                0x60004584                hmi_OnTextPushButton257Click
 .text.TextPushButton258OnClick
                0x60004588       0x58 _Clavier.o
                0x60004588                TextPushButton258OnClick
 .text.hmi_OnTextPushButton258Click
                0x600045e0        0x4 _Clavier.o
                0x600045e0                hmi_OnTextPushButton258Click
 .text.TextPushButton262OnClick
                0x600045e4       0x58 _Clavier.o
                0x600045e4                TextPushButton262OnClick
 .text.hmi_OnTextPushButton262Click
                0x6000463c        0x4 _Clavier.o
                0x6000463c                hmi_OnTextPushButton262Click
 .text.TextPushButton261OnClick
                0x60004640       0x58 _Clavier.o
                0x60004640                TextPushButton261OnClick
 .text.hmi_OnTextPushButton261Click
                0x60004698        0x4 _Clavier.o
                0x60004698                hmi_OnTextPushButton261Click
 .text.TextPushButton265OnClick
                0x6000469c       0x58 _Clavier.o
                0x6000469c                TextPushButton265OnClick
 .text.hmi_OnTextPushButton265Click
                0x600046f4        0x4 _Clavier.o
                0x600046f4                hmi_OnTextPushButton265Click
 .text.Clavier44OnCreate
                0x600046f8       0x28 _Clavier.o
                0x600046f8                Clavier44OnCreate
 .text.Clavier44OnDestroy
                0x60004720       0x28 _Clavier.o
                0x60004720                Clavier44OnDestroy
 .text.renderClavier44Vector
                0x60004748       0x1c _Clavier.o
                0x60004748                renderClavier44Vector
 .text.OnClavier44Paint
                0x60004764       0x30 _Clavier.o
                0x60004764                OnClavier44Paint
 .text.hmi_InitFrameWidgets9
                0x60004794      0x228 _Clavier.o
                0x60004794                hmi_InitFrameWidgets9
 .text.hmi_FreeFrameWidgets9
                0x600049bc      0x1b4 _Clavier.o
                0x600049bc                hmi_FreeFrameWidgets9
 .text.hmi_Clavier
                0x60004b70       0x1c _Clavier.o
                0x60004b70                hmi_Clavier
 .text.hmi_OnTextPushButton122Release
                0x60004b8c        0x2 _Alerte.o
                0x60004b8c                hmi_OnTextPushButton122Release
 *fill*         0x60004b8e        0x2 
 .text.hmi_OnTextPushButton122Click
                0x60004b90        0xc _Alerte.o
                0x60004b90                hmi_OnTextPushButton122Click
 .text.OnAlerte120Paint
                0x60004b9c       0x24 _Alerte.o
                0x60004b9c                OnAlerte120Paint
 .text.Alerte120OnShow
                0x60004bc0       0x68 _Alerte.o
                0x60004bc0                Alerte120OnShow
 .text.hmi_InitFrameWidgets10
                0x60004c28       0x54 _Alerte.o
                0x60004c28                hmi_InitFrameWidgets10
 .text.hmi_FreeFrameWidgets10
                0x60004c7c       0x28 _Alerte.o
                0x60004c7c                hmi_FreeFrameWidgets10
 .text.hmi_Alerte
                0x60004ca4       0x1c _Alerte.o
                0x60004ca4                hmi_Alerte
 .text.var_table_init
                0x60004cc0       0x2c _dict.o
                0x60004cc0                var_table_init
 .text.__var_count
                0x60004cec        0x4 _dict.o
                0x60004cec                __var_count
 .text.passDataThruBindingOnChange
                0x60004cf0        0x2 _dict.o
                0x60004cf0                passDataThruBindingOnChange
 .text.ladder_main
                0x60004cf2        0xa ladder.o
                0x60004cf2                ladder_main
 .text.ladder_test_ldx
                0x60004cfc        0x4 ladder_test_ldx.o
                0x60004cfc                ladder_test_ldx
 .text.NmiSR    0x60004d00        0x2 c:/ICPDAS/HMIWorks_Standard/lib/VPD-133/startup_gcc.o
 .text.FaultISR
                0x60004d02        0x2 c:/ICPDAS/HMIWorks_Standard/lib/VPD-133/startup_gcc.o
 .text.IntDefaultHandler
                0x60004d04        0x2 c:/ICPDAS/HMIWorks_Standard/lib/VPD-133/startup_gcc.o
 *fill*         0x60004d06        0x2 
 .text.ResetISR
                0x60004d08       0x44 c:/ICPDAS/HMIWorks_Standard/lib/VPD-133/startup_gcc.o
                0x60004d08                ResetISR
 .text.hmi_FillRect
                0x60004d4c       0x28 c:/ICPDAS/HMIWorks_Standard/lib/commonlo.a(hmi.o)
                0x60004d4c                hmi_FillRect
 .text.hmi_SetForeground
                0x60004d74       0x10 c:/ICPDAS/HMIWorks_Standard/lib/commonlo.a(hmi.o)
                0x60004d74                hmi_SetForeground
 .text.FloatToStr
                0x60004d84       0xa4 c:/ICPDAS/HMIWorks_Standard/lib/commonlo.a(hmi_util.o)
                0x60004d84                FloatToStr
 .text.default_output
                0x60004e28       0x48 c:/ICPDAS/HMIWorks_Standard/lib/commonlo.a(ladder2c.o)
                0x60004e28                default_output
 .text.default_input
                0x60004e70       0x44 c:/ICPDAS/HMIWorks_Standard/lib/commonlo.a(ladder2c.o)
                0x60004e70                default_input
 .text.var_get  0x60004eb4       0x1c c:/ICPDAS/HMIWorks_Standard/lib/commonlo.a(pvar.o)
                0x60004eb4                var_get
 .text.var_set  0x60004ed0       0x26 c:/ICPDAS/HMIWorks_Standard/lib/commonlo.a(pvar.o)
                0x60004ed0                var_set
 .text.var_display
                0x60004ef6        0xa c:/ICPDAS/HMIWorks_Standard/lib/commonlo.a(pvar.o)
                0x60004ef6                var_display
 .text.var_is_dirty
                0x60004f00        0x4 c:/ICPDAS/HMIWorks_Standard/lib/commonlo.a(pvar.o)
                0x60004f00                var_is_dirty
 .text.var_set_write_data
                0x60004f04       0x2e c:/ICPDAS/HMIWorks_Standard/lib/commonlo.a(pvar.o)
                0x60004f04                var_set_write_data
 .text.TimerMsgProc
                0x60004f32       0x2e c:/ICPDAS/HMIWorks_Standard/lib/commonlo.a(timer.o)
                0x60004f32                TimerMsgProc
 .text.TimerEnabledSet
                0x60004f60       0x20 c:/ICPDAS/HMIWorks_Standard/lib/commonlo.a(timer.o)
                0x60004f60                TimerEnabledSet
 .text.TimerUpdate
                0x60004f80       0x44 c:/ICPDAS/HMIWorks_Standard/lib/commonlo.a(timer.o)
                0x60004f80                TimerUpdate
 .text.TimerIntervalSet
                0x60004fc4        0x8 c:/ICPDAS/HMIWorks_Standard/lib/commonlo.a(timer.o)
                0x60004fc4                TimerIntervalSet
 .text.ustrncpy
                0x60004fcc       0x2e c:/ICPDAS/HMIWorks_Standard/lib/commonlo.a(ustdlib.o)
                0x60004fcc                ustrncpy
 *fill*         0x60004ffa        0x2 
 .text.uvsnprintf
                0x60004ffc      0x248 c:/ICPDAS/HMIWorks_Standard/lib/commonlo.a(ustdlib.o)
                0x60004ffc                uvsnprintf
 .text.usprintf
                0x60005244       0x1e c:/ICPDAS/HMIWorks_Standard/lib/commonlo.a(ustdlib.o)
                0x60005244                usprintf
 *fill*         0x60005262        0x2 
 .text.hmi_Widget_Init
                0x60005264       0xa4 c:/ICPDAS/HMIWorks_Standard/lib/commonlo.a(widget_init.o)
                0x60005264                hmi_Widget_Init
 .text.CanvasMsgProc
                0x60005308      0x1dc c:/ICPDAS/HMIWorks_Standard/lib/libgr.a(canvas.o)
                0x60005308                CanvasMsgProc
 .text.CheckBoxPaint
                0x600054e4      0x294 c:/ICPDAS/HMIWorks_Standard/lib/libgr.a(checkbox.o)
                0x600054e4                CheckBoxPaint
 .text.CheckBoxMsgProc
                0x60005778       0xc4 c:/ICPDAS/HMIWorks_Standard/lib/libgr.a(checkbox.o)
                0x60005778                CheckBoxMsgProc
 .text.GrContextInit
                0x6000583c       0x20 c:/ICPDAS/HMIWorks_Standard/lib/libgr.a(context.o)
                0x6000583c                GrContextInit
 .text.GrContextClipRegionSet
                0x6000585c       0x6a c:/ICPDAS/HMIWorks_Standard/lib/libgr.a(context.o)
                0x6000585c                GrContextClipRegionSet
 .text.PixelTransparentDraw.isra.0
                0x600058c6      0x2d4 c:/ICPDAS/HMIWorks_Standard/lib/libgr.a(image.o)
 *fill*         0x60005b9a        0x2 
 .text.GrInternalImageDraw.isra.1
                0x60005b9c      0x488 c:/ICPDAS/HMIWorks_Standard/lib/libgr.a(image.o)
 .text._GrImageDraw
                0x60006024        0xe c:/ICPDAS/HMIWorks_Standard/lib/libgr.a(image.o)
                0x60006024                _GrImageDraw
 .text.GrClipCodeGet
                0x60006032       0x36 c:/ICPDAS/HMIWorks_Standard/lib/libgr.a(line.o)
 .text.GrLineDrawH
                0x60006068       0x48 c:/ICPDAS/HMIWorks_Standard/lib/libgr.a(line.o)
                0x60006068                GrLineDrawH
 .text.GrLineDrawV
                0x600060b0       0x48 c:/ICPDAS/HMIWorks_Standard/lib/libgr.a(line.o)
                0x600060b0                GrLineDrawV
 .text.GrLineDraw
                0x600060f8      0x174 c:/ICPDAS/HMIWorks_Standard/lib/libgr.a(line.o)
                0x600060f8                GrLineDraw
 .text.RectangularButtonPaint
                0x6000626c      0x228 c:/ICPDAS/HMIWorks_Standard/lib/libgr.a(pushbutton.o)
 .text.RectangularButtonMsgProc
                0x60006494      0x108 c:/ICPDAS/HMIWorks_Standard/lib/libgr.a(pushbutton.o)
                0x60006494                RectangularButtonMsgProc
 .text._GrRectFill
                0x6000659c       0xa6 c:/ICPDAS/HMIWorks_Standard/lib/libgr.a(rectangle.o)
                0x6000659c                _GrRectFill
 .text.GrRectDraw
                0x60006642       0x66 c:/ICPDAS/HMIWorks_Standard/lib/libgr.a(rectangle.o)
                0x60006642                GrRectDraw
 .text.GrStringWidthGet
                0x600066a8       0x6e c:/ICPDAS/HMIWorks_Standard/lib/libgr.a(string.o)
                0x600066a8                GrStringWidthGet
 .text.GrStringDraw
                0x60006716      0x2da c:/ICPDAS/HMIWorks_Standard/lib/libgr.a(string.o)
                0x60006716                GrStringDraw
 .text.RAM_RegisterNullWidgetMsgProc
                0x600069f0        0xc c:/ICPDAS/HMIWorks_Standard/lib/libgr.a(widget.o)
                0x600069f0                RAM_RegisterNullWidgetMsgProc
 .text.RAM_WidgetMutexInit
                0x600069fc        0x6 c:/ICPDAS/HMIWorks_Standard/lib/libgr.a(widget.o)
                0x600069fc                RAM_WidgetMutexInit
 .text.RAM_WidgetMutexGet
                0x60006a02       0x14 c:/ICPDAS/HMIWorks_Standard/lib/libgr.a(widget.o)
                0x60006a02                RAM_WidgetMutexGet
 .text.RAM_WidgetMutexPut
                0x60006a16        0x6 c:/ICPDAS/HMIWorks_Standard/lib/libgr.a(widget.o)
                0x60006a16                RAM_WidgetMutexPut
 .text.WidgetIsInTree
                0x60006a1c       0x28 c:/ICPDAS/HMIWorks_Standard/lib/libgr.a(widget.o)
 .text.WidgetDefaultMsgProc
                0x60006a44        0x4 c:/ICPDAS/HMIWorks_Standard/lib/libgr.a(widget.o)
                0x60006a44                WidgetDefaultMsgProc
 .text.RAM_WidgetAdd
                0x60006a48       0x1e c:/ICPDAS/HMIWorks_Standard/lib/libgr.a(widget.o)
                0x60006a48                RAM_WidgetAdd
 *fill*         0x60006a66        0x2 
 .text.RAM_hmi_TurnTouchBeep
                0x60006a68        0xc c:/ICPDAS/HMIWorks_Standard/lib/libgr.a(widget.o)
                0x60006a68                RAM_hmi_TurnTouchBeep
 .text.RAM_WidgetMessageQueueProcess
                0x60006a74       0x7c c:/ICPDAS/HMIWorks_Standard/lib/libgr.a(widget.o)
                0x60006a74                RAM_WidgetMessageQueueProcess
 .text.RAM_WidgetMessageQueueProcessEx
                0x60006af0       0x68 c:/ICPDAS/HMIWorks_Standard/lib/libgr.a(widget.o)
                0x60006af0                RAM_WidgetMessageQueueProcessEx
 .text.RAM_WidgetMessageQueueClear
                0x60006b58       0x14 c:/ICPDAS/HMIWorks_Standard/lib/libgr.a(widget.o)
                0x60006b58                RAM_WidgetMessageQueueClear
 .text.RAM_WidgetPointerMessage
                0x60006b6c       0x28 c:/ICPDAS/HMIWorks_Standard/lib/libgr.a(widget.o)
                0x60006b6c                RAM_WidgetPointerMessage
 .text.RAM_WidgetRemove
                0x60006b94       0x4c c:/ICPDAS/HMIWorks_Standard/lib/libgr.a(widget.o)
                0x60006b94                RAM_WidgetRemove
 .text.RAM_WidgetMessageSendPreOrder
                0x60006be0       0x7c c:/ICPDAS/HMIWorks_Standard/lib/libgr.a(widget.o)
                0x60006be0                RAM_WidgetMessageSendPreOrder
 .text.RAM_WidgetMessageQueueAdd
                0x60006c5c       0xf8 c:/ICPDAS/HMIWorks_Standard/lib/libgr.a(widget.o)
                0x60006c5c                RAM_WidgetMessageQueueAdd
 .text.RAM_WidgetMessageSendPostOrder
                0x60006d54       0xb8 c:/ICPDAS/HMIWorks_Standard/lib/libgr.a(widget.o)
                0x60006d54                RAM_WidgetMessageSendPostOrder
 .text.hmi_grlib_init
                0x60006e0c        0x4 c:/ICPDAS/HMIWorks_Standard/lib/libgr.a(hmi_grlib.o)
                0x60006e0c                hmi_grlib_init
 .text.hmi_Display_Init
                0x60006e10       0xd4 c:/ICPDAS/HMIWorks_Standard/lib/VPD-133.a(hmi_Init.o)
                0x60006e10                hmi_Display_Init
 .text.hmi_Init
                0x60006ee4       0x80 c:/ICPDAS/HMIWorks_Standard/lib/VPD-133.a(hmi_Init.o)
                0x60006ee4                hmi_Init
 .text.hmi_DelayUS
                0x60006f64       0x16 c:/ICPDAS/HMIWorks_Standard/lib/VPD-133.a(hmi_Init.o)
                0x60006f64                hmi_DelayUS
 *fill*         0x60006f7a        0x2 
 .text.hmi_BacklightSet
                0x60006f7c       0x18 c:/ICPDAS/HMIWorks_Standard/lib/VPD-133.a(hmi_Init.o)
                0x60006f7c                hmi_BacklightSet
 .text.hmi_UserFlashConfig
                0x60006f94       0x16 c:/ICPDAS/HMIWorks_Standard/lib/VPD-133.a(hmi_Init.o)
                0x60006f94                hmi_UserFlashConfig
 *fill*         0x60006faa        0x2 
 .text.hmi_MACAddrInit
                0x60006fac       0x40 c:/ICPDAS/HMIWorks_Standard/lib/VPD-133.a(hmi_Init.o)
                0x60006fac                hmi_MACAddrInit
 .text.hmi_tcp_init
                0x60006fec      0x100 c:/ICPDAS/HMIWorks_Standard/lib/VPD-133.a(hmi_tcp.o)
                0x60006fec                hmi_tcp_init
 .text.hmi_uart_Init
                0x600070ec       0xc8 c:/ICPDAS/HMIWorks_Standard/lib/VPD-133.a(hmi_uart.o)
                0x600070ec                hmi_uart_Init
 .text.hmi_dcon_io_Init
                0x600071b4      0x11c c:/ICPDAS/HMIWorks_Standard/lib/VPD-133.a(dcon_io.o)
                0x600071b4                hmi_dcon_io_Init
 .text.hmi_ShowPanelLed
                0x600072d0       0x16 c:/ICPDAS/HMIWorks_Standard/lib/VPD-133.a(vpanel.o)
                0x600072d0                hmi_ShowPanelLed
 .text.hmi_ReadPanelKey
                0x600072e6       0x16 c:/ICPDAS/HMIWorks_Standard/lib/VPD-133.a(vpanel.o)
                0x600072e6                hmi_ReadPanelKey
 .text.hmi_Beep
                0x600072fc       0x18 c:/ICPDAS/HMIWorks_Standard/lib/VPD-133.a(beep.o)
                0x600072fc                hmi_Beep
 .text.hmi_mbrtu_init
                0x60007314       0x74 c:/ICPDAS/HMIWorks_Standard/lib/VPD-133.a(mbrtu.o)
                0x60007314                hmi_mbrtu_init
 .text.mbtcp_init
                0x60007388       0x80 c:/ICPDAS/HMIWorks_Standard/lib/VPD-133.a(mbtcp.o)
                0x60007388                mbtcp_init
 .text.FlashUserGet
                0x60007408       0x40 c:/ICPDAS/HMIWorks_Standard/lib/libdriver.a(flash.o)
                0x60007408                FlashUserGet
 .text.atoi     0x60007448        0x8 c:/icpdas/hmiworks_standard/gcc/bin/../lib/gcc/arm-none-eabi/4.8.3/../../../../arm-none-eabi/lib/armv7-m/libc.a(lib_a-atoi.o)
                0x60007448                atoi
 .text.malloc   0x60007450       0x10 c:/icpdas/hmiworks_standard/gcc/bin/../lib/gcc/arm-none-eabi/4.8.3/../../../../arm-none-eabi/lib/armv7-m/libc.a(lib_a-malloc.o)
                0x60007450                malloc
 .text.free     0x60007460       0x10 c:/icpdas/hmiworks_standard/gcc/bin/../lib/gcc/arm-none-eabi/4.8.3/../../../../arm-none-eabi/lib/armv7-m/libc.a(lib_a-malloc.o)
                0x60007460                free
 .text._malloc_r
                0x60007470      0x538 c:/icpdas/hmiworks_standard/gcc/bin/../lib/gcc/arm-none-eabi/4.8.3/../../../../arm-none-eabi/lib/armv7-m/libc.a(lib_a-mallocr.o)
                0x60007470                _malloc_r
 .text          0x600079a8       0xec c:/icpdas/hmiworks_standard/gcc/bin/../lib/gcc/arm-none-eabi/4.8.3/../../../../arm-none-eabi/lib/armv7-m/libc.a(lib_a-memcpy.o)
                0x600079a8                memcpy
 .text.memset   0x60007a94       0x94 c:/icpdas/hmiworks_standard/gcc/bin/../lib/gcc/arm-none-eabi/4.8.3/../../../../arm-none-eabi/lib/armv7-m/libc.a(lib_a-memset.o)
                0x60007a94                memset
 .text.__malloc_lock
                0x60007b28        0x4 c:/icpdas/hmiworks_standard/gcc/bin/../lib/gcc/arm-none-eabi/4.8.3/../../../../arm-none-eabi/lib/armv7-m/libc.a(lib_a-mlock.o)
                0x60007b28                __malloc_lock
 .text.__malloc_unlock
                0x60007b2c        0x4 c:/icpdas/hmiworks_standard/gcc/bin/../lib/gcc/arm-none-eabi/4.8.3/../../../../arm-none-eabi/lib/armv7-m/libc.a(lib_a-mlock.o)
                0x60007b2c                __malloc_unlock
 .text.sprintf  0x60007b30       0x4c c:/icpdas/hmiworks_standard/gcc/bin/../lib/gcc/arm-none-eabi/4.8.3/../../../../arm-none-eabi/lib/armv7-m/libc.a(lib_a-sprintf.o)
                0x60007b30                sprintf
 .text.strcat   0x60007b7c       0x4c c:/icpdas/hmiworks_standard/gcc/bin/../lib/gcc/arm-none-eabi/4.8.3/../../../../arm-none-eabi/lib/armv7-m/libc.a(lib_a-strcat.o)
                0x60007b7c                strcat
 .text          0x60007bc8      0x23c c:/icpdas/hmiworks_standard/gcc/bin/../lib/gcc/arm-none-eabi/4.8.3/../../../../arm-none-eabi/lib/armv7-m/libc.a(lib_a-strcmp.o)
                0x60007bc8                strcmp
 .text.strcpy   0x60007e04       0xbc c:/icpdas/hmiworks_standard/gcc/bin/../lib/gcc/arm-none-eabi/4.8.3/../../../../arm-none-eabi/lib/armv7-m/libc.a(lib_a-strcpy.o)
                0x60007e04                strcpy
 .text.strlen   0x60007ec0       0x60 c:/icpdas/hmiworks_standard/gcc/bin/../lib/gcc/arm-none-eabi/4.8.3/../../../../arm-none-eabi/lib/armv7-m/libc.a(lib_a-strlen.o)
                0x60007ec0                strlen
 .text.strncpy  0x60007f20       0x64 c:/icpdas/hmiworks_standard/gcc/bin/../lib/gcc/arm-none-eabi/4.8.3/../../../../arm-none-eabi/lib/armv7-m/libc.a(lib_a-strncpy.o)
                0x60007f20                strncpy
 .text.sulp     0x60007f84       0x40 c:/icpdas/hmiworks_standard/gcc/bin/../lib/gcc/arm-none-eabi/4.8.3/../../../../arm-none-eabi/lib/armv7-m/libc.a(lib_a-strtod.o)
 *fill*         0x60007fc4        0x4 
 .text._strtod_r
                0x60007fc8      0xf48 c:/icpdas/hmiworks_standard/gcc/bin/../lib/gcc/arm-none-eabi/4.8.3/../../../../arm-none-eabi/lib/armv7-m/libc.a(lib_a-strtod.o)
                0x60007fc8                _strtod_r
 .text.strtof   0x60008f10       0x30 c:/icpdas/hmiworks_standard/gcc/bin/../lib/gcc/arm-none-eabi/4.8.3/../../../../arm-none-eabi/lib/armv7-m/libc.a(lib_a-strtod.o)
                0x60008f10                strtof
 .text._strtol_r
                0x60008f40      0x114 c:/icpdas/hmiworks_standard/gcc/bin/../lib/gcc/arm-none-eabi/4.8.3/../../../../arm-none-eabi/lib/armv7-m/libc.a(lib_a-strtol.o)
                0x60008f40                _strtol_r
 .text.strtol   0x60009054       0x18 c:/icpdas/hmiworks_standard/gcc/bin/../lib/gcc/arm-none-eabi/4.8.3/../../../../arm-none-eabi/lib/armv7-m/libc.a(lib_a-strtol.o)
                0x60009054                strtol
 .text._svfprintf_r
                0x6000906c     0x14e0 c:/icpdas/hmiworks_standard/gcc/bin/../lib/gcc/arm-none-eabi/4.8.3/../../../../arm-none-eabi/lib/armv7-m/libc.a(lib_a-svfprintf.o)
                0x6000906c                _svfprintf_r
 .text._sbrk    0x6000a54c       0x3c c:/icpdas/hmiworks_standard/gcc/bin/../lib/gcc/arm-none-eabi/4.8.3/../../../../arm-none-eabi/lib/armv7-m/libc.a(tpd_syscalls.o)
                0x6000a54c                _sbrk
 .text._sbrk_r  0x6000a588        0x6 c:/icpdas/hmiworks_standard/gcc/bin/../lib/gcc/arm-none-eabi/4.8.3/../../../../arm-none-eabi/lib/armv7-m/libc.a(tpd_syscalls.o)
                0x6000a588                _sbrk_r
 *fill*         0x6000a58e        0x2 
 .text.quorem   0x6000a590      0x134 c:/icpdas/hmiworks_standard/gcc/bin/../lib/gcc/arm-none-eabi/4.8.3/../../../../arm-none-eabi/lib/armv7-m/libc.a(lib_a-dtoa.o)
 *fill*         0x6000a6c4        0x4 
 .text._dtoa_r  0x6000a6c8      0xe38 c:/icpdas/hmiworks_standard/gcc/bin/../lib/gcc/arm-none-eabi/4.8.3/../../../../arm-none-eabi/lib/armv7-m/libc.a(lib_a-dtoa.o)
                0x6000a6c8                _dtoa_r
 .text._malloc_trim_r
                0x6000b500       0x9c c:/icpdas/hmiworks_standard/gcc/bin/../lib/gcc/arm-none-eabi/4.8.3/../../../../arm-none-eabi/lib/armv7-m/libc.a(lib_a-freer.o)
                0x6000b500                _malloc_trim_r
 .text._free_r  0x6000b59c      0x198 c:/icpdas/hmiworks_standard/gcc/bin/../lib/gcc/arm-none-eabi/4.8.3/../../../../arm-none-eabi/lib/armv7-m/libc.a(lib_a-freer.o)
                0x6000b59c                _free_r
 .text.rshift   0x6000b734       0xa0 c:/icpdas/hmiworks_standard/gcc/bin/../lib/gcc/arm-none-eabi/4.8.3/../../../../arm-none-eabi/lib/armv7-m/libc.a(lib_a-gdtoa-gethex.o)
 .text.__gethex
                0x6000b7d4      0x538 c:/icpdas/hmiworks_standard/gcc/bin/../lib/gcc/arm-none-eabi/4.8.3/../../../../arm-none-eabi/lib/armv7-m/libc.a(lib_a-gdtoa-gethex.o)
                0x6000b7d4                __gethex
 .text.__hexnan
                0x6000bd0c      0x194 c:/icpdas/hmiworks_standard/gcc/bin/../lib/gcc/arm-none-eabi/4.8.3/../../../../arm-none-eabi/lib/armv7-m/libc.a(lib_a-gdtoa-hexnan.o)
                0x6000bd0c                __hexnan
 .text._localeconv_r
                0x6000bea0        0x8 c:/icpdas/hmiworks_standard/gcc/bin/../lib/gcc/arm-none-eabi/4.8.3/../../../../arm-none-eabi/lib/armv7-m/libc.a(lib_a-locale.o)
                0x6000bea0                _localeconv_r
 .text.memchr   0x6000bea8       0x94 c:/icpdas/hmiworks_standard/gcc/bin/../lib/gcc/arm-none-eabi/4.8.3/../../../../arm-none-eabi/lib/armv7-m/libc.a(lib_a-memchr-stub.o)
                0x6000bea8                memchr
 .text._Balloc  0x6000bf3c       0x4c c:/icpdas/hmiworks_standard/gcc/bin/../lib/gcc/arm-none-eabi/4.8.3/../../../../arm-none-eabi/lib/armv7-m/libc.a(lib_a-mprec.o)
                0x6000bf3c                _Balloc
 .text._Bfree   0x6000bf88       0x14 c:/icpdas/hmiworks_standard/gcc/bin/../lib/gcc/arm-none-eabi/4.8.3/../../../../arm-none-eabi/lib/armv7-m/libc.a(lib_a-mprec.o)
                0x6000bf88                _Bfree
 .text.__multadd
                0x6000bf9c       0x94 c:/icpdas/hmiworks_standard/gcc/bin/../lib/gcc/arm-none-eabi/4.8.3/../../../../arm-none-eabi/lib/armv7-m/libc.a(lib_a-mprec.o)
                0x6000bf9c                __multadd
 .text.__s2b    0x6000c030       0x98 c:/icpdas/hmiworks_standard/gcc/bin/../lib/gcc/arm-none-eabi/4.8.3/../../../../arm-none-eabi/lib/armv7-m/libc.a(lib_a-mprec.o)
                0x6000c030                __s2b
 .text.__hi0bits
                0x6000c0c8       0x40 c:/icpdas/hmiworks_standard/gcc/bin/../lib/gcc/arm-none-eabi/4.8.3/../../../../arm-none-eabi/lib/armv7-m/libc.a(lib_a-mprec.o)
                0x6000c0c8                __hi0bits
 .text.__lo0bits
                0x6000c108       0x5c c:/icpdas/hmiworks_standard/gcc/bin/../lib/gcc/arm-none-eabi/4.8.3/../../../../arm-none-eabi/lib/armv7-m/libc.a(lib_a-mprec.o)
                0x6000c108                __lo0bits
 .text.__i2b    0x6000c164       0x14 c:/icpdas/hmiworks_standard/gcc/bin/../lib/gcc/arm-none-eabi/4.8.3/../../../../arm-none-eabi/lib/armv7-m/libc.a(lib_a-mprec.o)
                0x6000c164                __i2b
 .text.__multiply
                0x6000c178      0x13c c:/icpdas/hmiworks_standard/gcc/bin/../lib/gcc/arm-none-eabi/4.8.3/../../../../arm-none-eabi/lib/armv7-m/libc.a(lib_a-mprec.o)
                0x6000c178                __multiply
 .text.__pow5mult
                0x6000c2b4       0x9c c:/icpdas/hmiworks_standard/gcc/bin/../lib/gcc/arm-none-eabi/4.8.3/../../../../arm-none-eabi/lib/armv7-m/libc.a(lib_a-mprec.o)
                0x6000c2b4                __pow5mult
 .text.__lshift
                0x6000c350       0xbc c:/icpdas/hmiworks_standard/gcc/bin/../lib/gcc/arm-none-eabi/4.8.3/../../../../arm-none-eabi/lib/armv7-m/libc.a(lib_a-mprec.o)
                0x6000c350                __lshift
 .text.__mcmp   0x6000c40c       0x48 c:/icpdas/hmiworks_standard/gcc/bin/../lib/gcc/arm-none-eabi/4.8.3/../../../../arm-none-eabi/lib/armv7-m/libc.a(lib_a-mprec.o)
                0x6000c40c                __mcmp
 .text.__mdiff  0x6000c454       0xd8 c:/icpdas/hmiworks_standard/gcc/bin/../lib/gcc/arm-none-eabi/4.8.3/../../../../arm-none-eabi/lib/armv7-m/libc.a(lib_a-mprec.o)
                0x6000c454                __mdiff
 .text.__ulp    0x6000c52c       0x40 c:/icpdas/hmiworks_standard/gcc/bin/../lib/gcc/arm-none-eabi/4.8.3/../../../../arm-none-eabi/lib/armv7-m/libc.a(lib_a-mprec.o)
                0x6000c52c                __ulp
 .text.__b2d    0x6000c56c       0xb8 c:/icpdas/hmiworks_standard/gcc/bin/../lib/gcc/arm-none-eabi/4.8.3/../../../../arm-none-eabi/lib/armv7-m/libc.a(lib_a-mprec.o)
                0x6000c56c                __b2d
 .text.__d2b    0x6000c624       0xbc c:/icpdas/hmiworks_standard/gcc/bin/../lib/gcc/arm-none-eabi/4.8.3/../../../../arm-none-eabi/lib/armv7-m/libc.a(lib_a-mprec.o)
                0x6000c624                __d2b
 .text.__ratio  0x6000c6e0       0x50 c:/icpdas/hmiworks_standard/gcc/bin/../lib/gcc/arm-none-eabi/4.8.3/../../../../arm-none-eabi/lib/armv7-m/libc.a(lib_a-mprec.o)
                0x6000c6e0                __ratio
 .text.__copybits
                0x6000c730       0x48 c:/icpdas/hmiworks_standard/gcc/bin/../lib/gcc/arm-none-eabi/4.8.3/../../../../arm-none-eabi/lib/armv7-m/libc.a(lib_a-mprec.o)
                0x6000c730                __copybits
 .text.__any_on
                0x6000c778       0x60 c:/icpdas/hmiworks_standard/gcc/bin/../lib/gcc/arm-none-eabi/4.8.3/../../../../arm-none-eabi/lib/armv7-m/libc.a(lib_a-mprec.o)
                0x6000c778                __any_on
 .text.__fpclassifyd
                0x6000c7d8       0x50 c:/icpdas/hmiworks_standard/gcc/bin/../lib/gcc/arm-none-eabi/4.8.3/../../../../arm-none-eabi/lib/armv7-m/libc.a(lib_a-s_fpclassify.o)
                0x6000c7d8                __fpclassifyd
 .text.nanf     0x6000c828        0x8 c:/icpdas/hmiworks_standard/gcc/bin/../lib/gcc/arm-none-eabi/4.8.3/../../../../arm-none-eabi/lib/armv7-m/libc.a(lib_a-sf_nan.o)
                0x6000c828                nanf
 .text.strncmp  0x6000c830       0xb4 c:/icpdas/hmiworks_standard/gcc/bin/../lib/gcc/arm-none-eabi/4.8.3/../../../../arm-none-eabi/lib/armv7-m/libc.a(lib_a-strncmp.o)
                0x6000c830                strncmp
 .text.__ssprint_r
                0x6000c8e4      0x100 c:/icpdas/hmiworks_standard/gcc/bin/../lib/gcc/arm-none-eabi/4.8.3/../../../../arm-none-eabi/lib/armv7-m/libc.a(lib_a-svfiprintf.o)
                0x6000c8e4                __ssprint_r
 .text._calloc_r
                0x6000c9e4       0x60 c:/icpdas/hmiworks_standard/gcc/bin/../lib/gcc/arm-none-eabi/4.8.3/../../../../arm-none-eabi/lib/armv7-m/libc.a(lib_a-callocr.o)
                0x6000c9e4                _calloc_r
 .text.memmove  0x6000ca44       0xcc c:/icpdas/hmiworks_standard/gcc/bin/../lib/gcc/arm-none-eabi/4.8.3/../../../../arm-none-eabi/lib/armv7-m/libc.a(lib_a-memmove.o)
                0x6000ca44                memmove
 .text._realloc_r
                0x6000cb10      0x3c0 c:/icpdas/hmiworks_standard/gcc/bin/../lib/gcc/arm-none-eabi/4.8.3/../../../../arm-none-eabi/lib/armv7-m/libc.a(lib_a-reallocr.o)
                0x6000cb10                _realloc_r
 .text          0x6000ced0      0x370 c:/icpdas/hmiworks_standard/gcc/bin/../lib/gcc/arm-none-eabi/4.8.3/armv7-m/libgcc.a(_arm_addsubdf3.o)
                0x6000ced0                __aeabi_drsub
                0x6000ced8                __aeabi_dsub
                0x6000ced8                __subdf3
                0x6000cedc                __aeabi_dadd
                0x6000cedc                __adddf3
                0x6000d154                __floatunsidf
                0x6000d154                __aeabi_ui2d
                0x6000d174                __floatsidf
                0x6000d174                __aeabi_i2d
                0x6000d198                __aeabi_f2d
                0x6000d198                __extendsfdf2
                0x6000d1d4                __floatundidf
                0x6000d1d4                __aeabi_ul2d
                0x6000d1e4                __floatdidf
                0x6000d1e4                __aeabi_l2d
 .text          0x6000d240      0x424 c:/icpdas/hmiworks_standard/gcc/bin/../lib/gcc/arm-none-eabi/4.8.3/armv7-m/libgcc.a(_arm_muldivdf3.o)
                0x6000d240                __aeabi_dmul
                0x6000d240                __muldf3
                0x6000d494                __divdf3
                0x6000d494                __aeabi_ddiv
 .text          0x6000d664      0x110 c:/icpdas/hmiworks_standard/gcc/bin/../lib/gcc/arm-none-eabi/4.8.3/armv7-m/libgcc.a(_arm_cmpdf2.o)
                0x6000d664                __gtdf2
                0x6000d664                __gedf2
                0x6000d66c                __ltdf2
                0x6000d66c                __ledf2
                0x6000d674                __nedf2
                0x6000d674                __eqdf2
                0x6000d674                __cmpdf2
                0x6000d6f0                __aeabi_cdrcmple
                0x6000d700                __aeabi_cdcmpeq
                0x6000d700                __aeabi_cdcmple
                0x6000d710                __aeabi_dcmpeq
                0x6000d724                __aeabi_dcmplt
                0x6000d738                __aeabi_dcmple
                0x6000d74c                __aeabi_dcmpge
                0x6000d760                __aeabi_dcmpgt
 .text          0x6000d774       0x50 c:/icpdas/hmiworks_standard/gcc/bin/../lib/gcc/arm-none-eabi/4.8.3/armv7-m/libgcc.a(_arm_fixdfsi.o)
                0x6000d774                __aeabi_d2iz
                0x6000d774                __fixdfsi
 .text          0x6000d7c4       0x40 c:/icpdas/hmiworks_standard/gcc/bin/../lib/gcc/arm-none-eabi/4.8.3/armv7-m/libgcc.a(_arm_fixunsdfsi.o)
                0x6000d7c4                __aeabi_d2uiz
                0x6000d7c4                __fixunsdfsi
 .text          0x6000d804       0xa0 c:/icpdas/hmiworks_standard/gcc/bin/../lib/gcc/arm-none-eabi/4.8.3/armv7-m/libgcc.a(_arm_truncdfsf2.o)
                0x6000d804                __truncdfsf2
                0x6000d804                __aeabi_d2f
 .text          0x6000d8a4      0x21c c:/icpdas/hmiworks_standard/gcc/bin/../lib/gcc/arm-none-eabi/4.8.3/armv7-m/libgcc.a(_arm_addsubsf3.o)
                0x6000d8a4                __aeabi_frsub
                0x6000d8ac                __subsf3
                0x6000d8ac                __aeabi_fsub
                0x6000d8b0                __aeabi_fadd
                0x6000d8b0                __addsf3
                0x6000da10                __aeabi_ui2f
                0x6000da10                __floatunsisf
                0x6000da18                __aeabi_i2f
                0x6000da18                __floatsisf
                0x6000da34                __aeabi_ul2f
                0x6000da34                __floatundisf
                0x6000da44                __aeabi_l2f
                0x6000da44                __floatdisf
 .text          0x6000dac0      0x2a0 c:/icpdas/hmiworks_standard/gcc/bin/../lib/gcc/arm-none-eabi/4.8.3/armv7-m/libgcc.a(_arm_muldivsf3.o)
                0x6000dac0                __mulsf3
                0x6000dac0                __aeabi_fmul
                0x6000dc28                __aeabi_fdiv
                0x6000dc28                __divsf3
 .text          0x6000dd60       0xec c:/icpdas/hmiworks_standard/gcc/bin/../lib/gcc/arm-none-eabi/4.8.3/armv7-m/libgcc.a(_arm_cmpsf2.o)
                0x6000dd60                __gesf2
                0x6000dd60                __gtsf2
                0x6000dd68                __lesf2
                0x6000dd68                __ltsf2
                0x6000dd70                __nesf2
                0x6000dd70                __eqsf2
                0x6000dd70                __cmpsf2
                0x6000ddd0                __aeabi_cfrcmple
                0x6000ddd8                __aeabi_cfcmpeq
                0x6000ddd8                __aeabi_cfcmple
                0x6000dde8                __aeabi_fcmpeq
                0x6000ddfc                __aeabi_fcmplt
                0x6000de10                __aeabi_fcmple
                0x6000de24                __aeabi_fcmpge
                0x6000de38                __aeabi_fcmpgt
 .text          0x6000de4c       0x4c c:/icpdas/hmiworks_standard/gcc/bin/../lib/gcc/arm-none-eabi/4.8.3/armv7-m/libgcc.a(_arm_fixsfsi.o)
                0x6000de4c                __aeabi_f2iz
                0x6000de4c                __fixsfsi
 .text          0x6000de98       0x2c c:/icpdas/hmiworks_standard/gcc/bin/../lib/gcc/arm-none-eabi/4.8.3/armv7-m/libgcc.a(_aeabi_uldivmod.o)
                0x6000de98                __aeabi_uldivmod
 .text          0x6000dec4       0x60 c:/icpdas/hmiworks_standard/gcc/bin/../lib/gcc/arm-none-eabi/4.8.3/armv7-m/libgcc.a(bpabi.o)
                0x6000dec4                __gnu_ldivmod_helper
                0x6000def4                __gnu_uldivmod_helper
 .text          0x6000df24        0x4 c:/icpdas/hmiworks_standard/gcc/bin/../lib/gcc/arm-none-eabi/4.8.3/armv7-m/libgcc.a(_dvmd_tls.o)
                0x6000df24                __aeabi_idiv0
                0x6000df24                __aeabi_ldiv0
 .text          0x6000df28      0x2a0 c:/icpdas/hmiworks_standard/gcc/bin/../lib/gcc/arm-none-eabi/4.8.3/armv7-m/libgcc.a(_divdi3.o)
                0x6000df28                __divdi3
 .text          0x6000e1c8      0x290 c:/icpdas/hmiworks_standard/gcc/bin/../lib/gcc/arm-none-eabi/4.8.3/armv7-m/libgcc.a(_udivdi3.o)
                0x6000e1c8                __udivdi3
 *(.rodata*)
 .rodata.str1.1
                0x6000e458       0x64 _frame0.o
 .rodata.str1.1
                0x6000e4bc        0xa _demarrage.o
                                 0x17 (size before relaxing)
 .rodata.str1.1
                0x6000e4c6       0x15 _PavetNum.o
                                 0x5b (size before relaxing)
 .rodata.str1.1
                0x6000e4db       0x6b _ConfigModule.o
                                 0x8b (size before relaxing)
 .rodata.str1.1
                0x6000e546       0x5a _ConfigCapteur.o
                                 0x84 (size before relaxing)
 .rodata.str1.1
                0x6000e5a0       0x3b _Etalonnage.o
                                 0x78 (size before relaxing)
 .rodata.str1.1
                0x6000e5db       0x45 _Seuillage.o
                                 0x7f (size before relaxing)
 .rodata.str1.1
                0x6000e620       0x31 _SeuilUn.o
                                 0x6b (size before relaxing)
 .rodata.str1.1
                0x6000e651        0x7 _Affichage.o
                                 0x3e (size before relaxing)
 .rodata.str1.1
                0x6000e658       0x35 _Clavier.o
                                 0x94 (size before relaxing)
 .rodata.str1.1
                0x6000e68d       0x54 _Alerte.o
                                 0x62 (size before relaxing)
 .rodata.pucImagePress_ConfigE115
                0x6000e6e1      0x563 imagedata.o
                0x6000e6e1                pucImagePress_ConfigE115
 .rodata.ObjectList60_45x31_0_pucImage_Group6
                0x6000ec44      0xaeb imagedata.o
                0x6000ec44                ObjectList60_45x31_0_pucImage_Group6
 .rodata.pucImage_Picture114
                0x6000f72f     0x3fe0 imagedata.o
                0x6000f72f                pucImage_Picture114
 .rodata.pucImagePress_Etalonnage138
                0x6001370f      0xa2c imagedata.o
                0x6001370f                pucImagePress_Etalonnage138
 .rodata.pucImagePress_ConfigM113
                0x6001413b      0x584 imagedata.o
                0x6001413b                pucImagePress_ConfigM113
 .rodata.pucImage_Picture10
                0x600146bf    0x16ab9 imagedata.o
                0x600146bf                pucImage_Picture10
 .rodata.pucImagePress_ConfigS116
                0x6002b178      0x501 imagedata.o
                0x6002b178                pucImagePress_ConfigS116
 .rodata.ObjectList72_50x30_0_pucImage_Group6
                0x6002b679      0xbbd imagedata.o
                0x6002b679                ObjectList72_50x30_0_pucImage_Group6
 .rodata.pucImage_OK37
                0x6002c236      0x263 imagedata.o
                0x6002c236                pucImage_OK37
 .rodata.pucImage_Etalonnage138
                0x6002c499      0xa35 imagedata.o
                0x6002c499                pucImage_Etalonnage138
 .rodata.pucImage_ConfigC117
                0x6002cece      0x586 imagedata.o
                0x6002cece                pucImage_ConfigC117
 .rodata.ObjectList161_36x27_0_pucImage_Group6
                0x6002d454      0x79d imagedata.o
                0x6002d454                ObjectList161_36x27_0_pucImage_Group6
 .rodata.pucImagePress_Valider111
                0x6002dbf1      0x34a imagedata.o
                0x6002dbf1                pucImagePress_Valider111
 .rodata.ObjectList65_55x33_0_pucImage_Group40
                0x6002df3b      0xe33 imagedata.o
                0x6002df3b                ObjectList65_55x33_0_pucImage_Group40
 .rodata.pucImage_Valider111
                0x6002ed6e      0x34a imagedata.o
                0x6002ed6e                pucImage_Valider111
 .rodata.pucImage_ConfigE115
                0x6002f0b8      0x567 imagedata.o
                0x6002f0b8                pucImage_ConfigE115
 .rodata.ObjectList66_50x30_0_pucImage_Group6
                0x6002f61f      0xbbd imagedata.o
                0x6002f61f                ObjectList66_50x30_0_pucImage_Group6
 .rodata.ObjectList155_50x30_0_pucImage_Group6
                0x600301dc      0xbbd imagedata.o
                0x600301dc                ObjectList155_50x30_0_pucImage_Group6
 .rodata.pucImagePress_ConfigC117
                0x60030d99      0x582 imagedata.o
                0x60030d99                pucImagePress_ConfigC117
 .rodata.ObjectList155_44x33_0_pucImage_Group6
                0x6003131b      0xb5d imagedata.o
                0x6003131b                ObjectList155_44x33_0_pucImage_Group6
 .rodata.pucImage_ConfigM113
                0x60031e78      0x588 imagedata.o
                0x60031e78                pucImage_ConfigM113
 .rodata.pucImage_ConfigS116
                0x60032400      0x4fd imagedata.o
                0x60032400                pucImage_ConfigS116
 .rodata.ObjectList53_50x30_0_pucImage_Group6
                0x600328fd      0xbbd imagedata.o
                0x600328fd                ObjectList53_50x30_0_pucImage_Group6
 .rodata.pucImagePress_OK37
                0x600334ba      0x263 imagedata.o
                0x600334ba                pucImagePress_OK37
 *fill*         0x6003371d        0x3 
 .rodata._fRounding
                0x60033720       0x18 c:/ICPDAS/HMIWorks_Standard/lib/commonlo.a(hmi_util.o)
                0x60033720                _fRounding
 .rodata.str1.1
                0x60033738       0x91 c:/ICPDAS/HMIWorks_Standard/lib/commonlo.a(hmi_util.o)
                                 0xc1 (size before relaxing)
 .rodata.str1.1
                0x600337c9       0x17 c:/ICPDAS/HMIWorks_Standard/lib/commonlo.a(ustdlib.o)
 .rodata.g_sFontCm18
                0x600337e0       0xc8 c:/ICPDAS/HMIWorks_Standard/lib/fonts.a(fontcm18.o)
                0x600337e0                g_sFontCm18
 .rodata.g_pucCm18Data
                0x600338a8      0x86e c:/ICPDAS/HMIWorks_Standard/lib/fonts.a(fontcm18.o)
 .rodata.g_pucCm18bData
                0x60034116      0x833 c:/ICPDAS/HMIWorks_Standard/lib/fonts.a(fontcm18b.o)
 *fill*         0x60034949        0x3 
 .rodata.g_sFontCm18b
                0x6003494c       0xc8 c:/ICPDAS/HMIWorks_Standard/lib/fonts.a(fontcm18b.o)
                0x6003494c                g_sFontCm18b
 .rodata.g_sFontCm18i
                0x60034a14       0xc8 c:/ICPDAS/HMIWorks_Standard/lib/fonts.a(fontcm18i.o)
                0x60034a14                g_sFontCm18i
 .rodata.g_pucCm18iData
                0x60034adc      0x8ba c:/ICPDAS/HMIWorks_Standard/lib/fonts.a(fontcm18i.o)
 *fill*         0x60035396        0x2 
 .rodata.g_sFontCm20b
                0x60035398       0xc8 c:/ICPDAS/HMIWorks_Standard/lib/fonts.a(fontcm20b.o)
                0x60035398                g_sFontCm20b
 .rodata.g_pucCm20bData
                0x60035460      0x94d c:/ICPDAS/HMIWorks_Standard/lib/fonts.a(fontcm20b.o)
 .rodata.g_pucCm22bData
                0x60035dad      0xa29 c:/ICPDAS/HMIWorks_Standard/lib/fonts.a(fontcm22b.o)
 *fill*         0x600367d6        0x2 
 .rodata.g_sFontCm22b
                0x600367d8       0xc8 c:/ICPDAS/HMIWorks_Standard/lib/fonts.a(fontcm22b.o)
                0x600367d8                g_sFontCm22b
 .rodata.g_pucCm24bData
                0x600368a0      0xb19 c:/ICPDAS/HMIWorks_Standard/lib/fonts.a(fontcm24b.o)
 *fill*         0x600373b9        0x3 
 .rodata.g_sFontCm24b
                0x600373bc       0xc8 c:/ICPDAS/HMIWorks_Standard/lib/fonts.a(fontcm24b.o)
                0x600373bc                g_sFontCm24b
 .rodata.g_sFontCm26b
                0x60037484       0xc8 c:/ICPDAS/HMIWorks_Standard/lib/fonts.a(fontcm26b.o)
                0x60037484                g_sFontCm26b
 .rodata.g_pucCm26bData
                0x6003754c      0xbf8 c:/ICPDAS/HMIWorks_Standard/lib/fonts.a(fontcm26b.o)
 .rodata.g_sFontCm30b
                0x60038144       0xc8 c:/ICPDAS/HMIWorks_Standard/lib/fonts.a(fontcm30b.o)
                0x60038144                g_sFontCm30b
 .rodata.g_pucCm30bData
                0x6003820c      0xd2c c:/ICPDAS/HMIWorks_Standard/lib/fonts.a(fontcm30b.o)
 .rodata.g_sFontCm42b
                0x60038f38       0xc8 c:/ICPDAS/HMIWorks_Standard/lib/fonts.a(fontcm42b.o)
                0x60038f38                g_sFontCm42b
 .rodata.g_pucCm42bData
                0x60039000     0x13db c:/ICPDAS/HMIWorks_Standard/lib/fonts.a(fontcm42b.o)
 *fill*         0x6003a3db        0x1 
 .rodata._ctype_
                0x6003a3dc      0x104 c:/icpdas/hmiworks_standard/gcc/bin/../lib/gcc/arm-none-eabi/4.8.3/../../../../arm-none-eabi/lib/armv7-m/libc.a(lib_a-ctype_.o)
                0x6003a3dc                _ctype_
 .rodata.str1.4
                0x6003a4e0        0xf c:/icpdas/hmiworks_standard/gcc/bin/../lib/gcc/arm-none-eabi/4.8.3/../../../../arm-none-eabi/lib/armv7-m/libc.a(lib_a-strtod.o)
                                 0x10 (size before relaxing)
 *fill*         0x6003a4ef        0x1 
 .rodata.fpi.5257
                0x6003a4f0       0x14 c:/icpdas/hmiworks_standard/gcc/bin/../lib/gcc/arm-none-eabi/4.8.3/../../../../arm-none-eabi/lib/armv7-m/libc.a(lib_a-strtod.o)
 *fill*         0x6003a504        0x4 
 .rodata.tinytens
                0x6003a508       0x28 c:/icpdas/hmiworks_standard/gcc/bin/../lib/gcc/arm-none-eabi/4.8.3/../../../../arm-none-eabi/lib/armv7-m/libc.a(lib_a-strtod.o)
 .rodata.fpinan.5293
                0x6003a530       0x14 c:/icpdas/hmiworks_standard/gcc/bin/../lib/gcc/arm-none-eabi/4.8.3/../../../../arm-none-eabi/lib/armv7-m/libc.a(lib_a-strtod.o)
 .rodata.blanks.6743
                0x6003a544       0x10 c:/icpdas/hmiworks_standard/gcc/bin/../lib/gcc/arm-none-eabi/4.8.3/../../../../arm-none-eabi/lib/armv7-m/libc.a(lib_a-svfprintf.o)
 .rodata.str1.4